******************************************************************************
                  TI ARM Linker PC v18.12.2                    
******************************************************************************
>> Linked Tue Dec  9 14:15:57 2025

OUTPUT FILE NAME:   <project0.out>
ENTRY POINT SYMBOL: "_c_int00_noargs"  address: 00005259


MEMORY CONFIGURATION

         name            origin    length      used     unused   attr    fill
----------------------  --------  ---------  --------  --------  ----  --------
  FLASH                 00000000   00100000  00005ff0  000fa010  R  X
  SRAM                  20000000   00040000  000042ac  0003bd54  RW X


SEGMENT ALLOCATION MAP

run origin  load origin   length   init length attrs members
----------  ----------- ---------- ----------- ----- -------
00000000    00000000    00005ff0   00005ff0    r-x
  00000000    00000000    00000200   00000200    r-- .intvecs
  00000200    00000200    00005488   00005488    r-x .text
  00005688    00005688    00000918   00000918    r-- .const
  00005fa0    00005fa0    00000050   00000050    r-- .cinit
20000000    20000000    000042b0   00000000    rw-
  20000000    20000000    0000026c   00000000    rw- .vtable
  20000270    20000270    00004000   00000000    rw- .stack
  20004270    20004270    00000038   00000000    rw- .data
  200042a8    200042a8    00000008   00000000    rw- .bss


SECTION ALLOCATION MAP

 output                                  attributes/
section   page    origin      length       input sections
--------  ----  ----------  ----------   ----------------
.intvecs   0    00000000    00000200     
                  00000000    00000200     startup_ccs.obj (.intvecs)

.text      0    00000200    00005488     
                  00000200    00000a4e     rtsv7M4_T_le_v4SPD16_eabi.lib : _printfi.c.obj (.text:__TI_printfi)
                  00000c4e    00000002     startup_ccs.obj (.text:FaultISR)
                  00000c50    00000738     rtsv7M4_T_le_v4SPD16_eabi.lib : k_rem_pio2.c.obj (.text:__kernel_rem_pio2)
                  00001388    000005dc                                   : s_cos.c.obj (.text:cos)
                  00001964    000005c4                                   : s_sin.c.obj (.text:sin)
                  00001f28    000003ac     display.obj (.text:bresenham_ticks)
                  000022d4    0000030c     uartstdio.obj (.text:UARTvprintf)
                  000025e0    00000270     rtsv7M4_T_le_v4SPD16_eabi.lib : _printfi.c.obj (.text:_pconv_a)
                  00002850    00000200     driverlib.lib : sysctl.obj (.text:SysCtlClockFreqSet)
                  00002a50    000001d0     rtsv7M4_T_le_v4SPD16_eabi.lib : _printfi.c.obj (.text:_pconv_g)
                  00002c20    000001b6                                   : fd_add_t2.asm.obj (.text)
                  00002dd6    00000002     startup_ccs.obj (.text:IntDefaultHandler)
                  00002dd8    000001a0     tacho.obj (.text:calc_speed_dir)
                  00002f78    0000018c     display.obj (.text:draw_odometer)
                  00003104    00000174     rtsv7M4_T_le_v4SPD16_eabi.lib : k_sin.c.obj (.text:__kernel_sin)
                  00003278    00000170     display.obj (.text:bresenham_needle)
                  000033e8    0000016c     driverlib.lib : gpio.obj (.text:GPIOPadConfigSet)
                  00003554    0000016c     rtsv7M4_T_le_v4SPD16_eabi.lib : k_cos.c.obj (.text:__kernel_cos)
                  000036c0    00000160     display.obj (.text:configure_display_controller_large)
                  00003820    0000013c     rtsv7M4_T_le_v4SPD16_eabi.lib : _printfi.c.obj (.text:_pconv_e)
                  0000395c    00000136                                   : fd_div_t2.asm.obj (.text)
                  00003a92    00000002     startup_ccs.obj (.text:NmiSR)
                  00003a94    00000124     rtsv7M4_T_le_v4SPD16_eabi.lib : _printfi.c.obj (.text:fcvt)
                  00003bb8    00000110                                   : s_scalbn.c.obj (.text:scalbn)
                  00003cc8    00000108     display.obj (.text:rasterArc)
                  00003dd0    00000100     tacho.obj (.text:motor_interrupt_handler)
                  00003ed0    000000fc     rtsv7M4_T_le_v4SPD16_eabi.lib : fd_mul_t2.asm.obj (.text)
                  00003fcc    000000f8                                   : s_floor.c.obj (.text:floor)
                  000040c4    000000b1                                   : _printfi.c.obj (.text:_ltostr)
                  00004175    00000001     --HOLE-- [fill = 0]
                  00004176    000000aa     display.obj (.text:bresenham)
                  00004220    0000009c     rtsv7M4_T_le_v4SPD16_eabi.lib : memcpy_t2.asm.obj (.text)
                  000042bc    00000096                                   : ull_div_t2.asm.obj (.text)
                  00004352    00000002                                   : div0.asm.obj (.text)
                  00004354    00000090     display.obj (.text:draw_digit_tacho)
                  000043e4    00000088     project0.obj (.text:main)
                  0000446c    00000086     rtsv7M4_T_le_v4SPD16_eabi.lib : fd_cmp_t2.asm.obj (.text:__aeabi_cdcmple)
                  000044f2    00000086                                   : fd_cmp_t2.asm.obj (.text:__aeabi_cdrcmple)
                  00004578    00000084     display.obj (.text:draw_char_dir)
                  000045fc    00000084     display.obj (.text:draw_char_km)
                  00004680    0000007c     display.obj (.text:fill_rect)
                  000046fc    0000007a     rtsv7M4_T_le_v4SPD16_eabi.lib : memset_t2.asm.obj (.text)
                  00004776    00000002     --HOLE-- [fill = 0]
                  00004778    00000074     uartstdio.obj (.text:UARTStdioConfig)
                  000047ec    0000006e     rtsv7M4_T_le_v4SPD16_eabi.lib : _printfi.c.obj (.text:_mcpy)
                  0000485a    0000006e                                   : fd_tos_t2.asm.obj (.text)
                  000048c8    00000068     driverlib.lib : interrupt.obj (.text:IntEnable)
                  00004930    00000068     rtsv7M4_T_le_v4SPD16_eabi.lib : copy_decompress_lzss.c.obj (.text:decompress:lzss:__TI_decompress_lzss)
                  00004998    00000064     uartstdio.obj (.text:UARTwrite)
                  000049fc    00000064     display.obj (.text:draw_direction)
                  00004a60    00000064     rtsv7M4_T_le_v4SPD16_eabi.lib : s_frexp.c.obj (.text:frexp)
                  00004ac4    00000060     driverlib.lib : timer.obj (.text:TimerConfigure)
                  00004b24    00000060     tacho.obj (.text:init_motor_ports_interrupts)
                  00004b84    00000060     tacho.obj (.text:init_timer_interrupt)
                  00004be4    0000005e     display.obj (.text:window_set)
                  00004c42    00000058     driverlib.lib : gpio.obj (.text:GPIOIntTypeSet)
                  00004c9a    00000002     --HOLE-- [fill = 0]
                  00004c9c    00000057     display.obj (.text:draw_number_tacho)
                  00004cf3    00000001     --HOLE-- [fill = 0]
                  00004cf4    00000056     rtsv7M4_T_le_v4SPD16_eabi.lib : _printfi.c.obj (.text:_pconv_f)
                  00004d4a    00000054                                   : ltoa.c.obj (.text:ltoa)
                  00004d9e    00000052                                   : _printfi.c.obj (.text:_ecpy)
                  00004df0    0000004c     driverlib.lib : gpio.obj (.text:GPIOPinConfigure)
                  00004e3c    0000004c                   : timer.obj (.text:_TimerIntNumberGet)
                  00004e88    0000004c     rtsv7M4_T_le_v4SPD16_eabi.lib : atoi.c.obj (.text:atoi)
                  00004ed4    0000004c     project0.obj (.text:init_uart)
                  00004f20    0000004c     rtsv7M4_T_le_v4SPD16_eabi.lib : snprintf.c.obj (.text:snprintf)
                  00004f6c    00000048     driverlib.lib : sysctl.obj (.text:_SysCtlFrequencyGet)
                  00004fb4    00000048     rtsv7M4_T_le_v4SPD16_eabi.lib : fd_toi_t2.asm.obj (.text)
                  00004ffc    00000044     driverlib.lib : gpio.obj (.text:_GPIOIntNumberGet)
                  00005040    00000044     rtsv7M4_T_le_v4SPD16_eabi.lib : autoinit.c.obj (.text:__TI_auto_init_nobinit_nopinit:__TI_auto_init_nobinit_nopinit)
                  00005084    00000044     display.obj (.text:init_ports_display)
                  000050c8    00000040     rtsv7M4_T_le_v4SPD16_eabi.lib : u_divt2.asm.obj (.text)
                  00005108    0000003e                                   : _printfi.c.obj (.text:_fcpy)
                  00005146    0000003a     display.obj (.text:draw_pixel_single)
                  00005180    00000038     driverlib.lib : sysctl.obj (.text:SysCtlPeripheralReady)
                  000051b8    00000038     rtsv7M4_T_le_v4SPD16_eabi.lib : fs_tod_t2.asm.obj (.text)
                  000051f0    00000034     driverlib.lib : interrupt.obj (.text:IntRegister)
                  00005224    00000034                   : sysctl.obj (.text:SysCtlPeripheralEnable)
                  00005258    00000034     rtsv7M4_T_le_v4SPD16_eabi.lib : boot_cortex_m.c.obj (.text:_c_int00_noargs:_c_int00_noargs)
                  0000528c    00000030                                   : snprintf.c.obj (.text:_outs)
                  000052bc    00000030     project0.obj (.text:init_timer)
                  000052ec    00000030     tacho.obj (.text:timer_interrupt_handler)
                  0000531c    0000002e     rtsv7M4_T_le_v4SPD16_eabi.lib : i_tofd_t2.asm.obj (.text)
                  0000534a    0000002c     driverlib.lib : gpio.obj (.text:GPIODirModeSet)
                  00005376    00000002     --HOLE-- [fill = 0]
                  00005378    00000028     display.obj (.text:write_command)
                  000053a0    00000028     display.obj (.text:write_data)
                  000053c8    00000024     driverlib.lib : interrupt.obj (.text:IntPrioritySet)
                  000053ec    00000024     uartstdio.obj (.text:UARTprintf)
                  00005410    00000020     driverlib.lib : sysctl.obj (.text:_SysCtlMemTimingGet)
                  00005430    00000020     rtsv7M4_T_le_v4SPD16_eabi.lib : u_tofd_t2.asm.obj (.text)
                  00005450    0000001c                                   : copy_zero_init.c.obj (.text:decompress:ZI:__TI_zero_init_nomemset:__TI_zero_init_nomemset)
                  0000546c    0000001c     project0.obj (.text:init_clock)
                  00005488    0000001c     rtsv7M4_T_le_v4SPD16_eabi.lib : memccpy.c.obj (.text:memccpy)
                  000054a4    0000001a     driverlib.lib : gpio.obj (.text:GPIOPinTypeGPIOOutput)
                  000054be    0000001a     rtsv7M4_T_le_v4SPD16_eabi.lib : s_copysign.c.obj (.text:copysign)
                  000054d8    00000018     driverlib.lib : gpio.obj (.text:GPIOIntRegister)
                  000054f0    00000018                   : timer.obj (.text:TimerDisable)
                  00005508    00000018                   : timer.obj (.text:TimerIntRegister)
                  00005520    00000018     rtsv7M4_T_le_v4SPD16_eabi.lib : snprintf.c.obj (.text:_outc)
                  00005538    00000018     display.obj (.text:reset_background)
                  00005550    00000016     driverlib.lib : gpio.obj (.text:GPIOPinTypeGPIOInput)
                  00005566    00000016                   : gpio.obj (.text:GPIOPinTypeUART)
                  0000557c    00000016     rtsv7M4_T_le_v4SPD16_eabi.lib : strchr.c.obj (.text:strchr)
                  00005592    00000014     display.obj (.text:draw_arc)
                  000055a6    00000014     display.obj (.text:draw_bresenham)
                  000055ba    00000014     rtsv7M4_T_le_v4SPD16_eabi.lib : strlen.c.obj (.text:strlen)
                  000055ce    00000012     driverlib.lib : timer.obj (.text:TimerLoadSet)
                  000055e0    00000012     rtsv7M4_T_le_v4SPD16_eabi.lib : wcslen.c.obj (.text:wcslen)
                  000055f2    00000010     driverlib.lib : interrupt.obj (.text:IntMasterEnable)
                  00005602    00000010     display.obj (.text:draw_bresenham_ticks)
                  00005612    0000000e     driverlib.lib : gpio.obj (.text:GPIOIntStatus)
                  00005620    0000000e                   : timer.obj (.text:TimerEnable)
                  0000562e    0000000e     rtsv7M4_T_le_v4SPD16_eabi.lib : copy_decompress_none.c.obj (.text:decompress:none:__TI_decompress_none)
                  0000563c    0000000c     driverlib.lib : cpu.obj (.text:CPUcpsie)
                  00005648    0000000c                   : gpio.obj (.text:GPIOIntEnable)
                  00005654    00000008                   : timer.obj (.text:TimerIntEnable)
                  0000565c    00000008     rtsv7M4_T_le_v4SPD16_eabi.lib : errno.c.obj (.text:__aeabi_errno_addr)
                  00005664    00000006     driverlib.lib : gpio.obj (.text:GPIOIntClear)
                  0000566a    00000006                   : gpio.obj (.text:GPIOPinRead)
                  00005670    00000006     startup_ccs.obj (.text:ResetISR)
                  00005676    00000006     driverlib.lib : sysctl.obj (.text:SysCtlDelay)
                  0000567c    00000004                   : timer.obj (.text:TimerIntClear)
                  00005680    00000004     rtsv7M4_T_le_v4SPD16_eabi.lib : pre_init.c.obj (.text:_system_pre_init)
                  00005684    00000004                                   : exit.c.obj (.text:abort:abort)

.const     0    00005688    00000918     
                  00005688    000001b0     driverlib.lib : sysctl.obj (.const:g_pppui32XTALtoVCO)
                  00005838    00000158     rtsv7M4_T_le_v4SPD16_eabi.lib : k_rem_pio2.c.obj (.const:$O1$$)
                  00005990    00000101                                   : ctype.c.obj (.const:.string:_ctypes_)
                  00005a91    00000003     --HOLE-- [fill = 0]
                  00005a94    000000d8     driverlib.lib : gpio.obj (.const:g_ppui32GPIOIntMapSnowflake)
                  00005b6c    000000c0                   : gpio.obj (.const:g_ppui32GPIOIntMapBlizzard)
                  00005c2c    0000009c                   : interrupt.obj (.const:g_pui32Regs)
                  00005cc8    00000090                   : gpio.obj (.const:g_pui32GPIOBaseAddrs)
                  00005d58    00000078     display.obj (.const:digit_tacho)
                  00005dd0    0000006c     driverlib.lib : sysctl.obj (.const:g_pui32Xtals)
                  00005e3c    00000060                   : timer.obj (.const:g_ppui32TimerIntMap)
                  00005e9c    00000040                   : timer.obj (.const:g_ppui32TimerIntMapSnowflake)
                  00005edc    00000030     display.obj (.const:char_kmh)
                  00005f0c    00000030     driverlib.lib : sysctl.obj (.const:g_sXTALtoMEMTIM)
                  00005f3c    00000018     display.obj (.const:char_dir)
                  00005f54    00000014     driverlib.lib : interrupt.obj (.const:g_pui32EnRegs)
                  00005f68    00000012     uartstdio.obj (.const:.string)
                  00005f7a    00000002     --HOLE-- [fill = 0]
                  00005f7c    0000000c     uartstdio.obj (.const:g_ui32UARTBase)
                  00005f88    0000000c     uartstdio.obj (.const:g_ui32UARTPeriph)
                  00005f94    00000008     driverlib.lib : sysctl.obj (.const:g_pui32VCOFrequencies)
                  00005f9c    00000004     uartstdio.obj (.const)

.cinit     0    00005fa0    00000050     
                  00005fa0    00000016     (.cinit..data.load) [load image, compression = lzss]
                  00005fb6    00000002     --HOLE-- [fill = 0]
                  00005fb8    0000000c     (__TI_handler_table)
                  00005fc4    00000004     --HOLE-- [fill = 0]
                  00005fc8    00000008     (.cinit..bss.load) [load image, compression = zero_init]
                  00005fd0    00000008     (.cinit..vtable.load) [load image, compression = zero_init]
                  00005fd8    00000018     (__TI_cinit_table)

.init_array 
*          0    00000000    00000000     UNINITIALIZED

.vtable    0    20000000    0000026c     UNINITIALIZED
                  20000000    0000026c     driverlib.lib : interrupt.obj (.vtable)

.data      0    20004270    00000038     UNINITIALIZED
                  20004270    00000020     tacho.obj (.data)
                  20004290    0000000c     display.obj (.data)
                  2000429c    00000005     uartstdio.obj (.data)
                  200042a1    00000003     --HOLE--
                  200042a4    00000004     rtsv7M4_T_le_v4SPD16_eabi.lib : errno.c.obj (.data)

.bss       0    200042a8    00000008     UNINITIALIZED
                  200042a8    00000004     (.common:sysclk)
                  200042ac    00000004     (.common:window_timer_period)

.stack     0    20000270    00004000     UNINITIALIZED
                  20000270    00000004     rtsv7M4_T_le_v4SPD16_eabi.lib : boot_cortex_m.c.obj (.stack)
                  20000274    00003ffc     --HOLE--

.binit     0    00000000    00000000     

MODULE SUMMARY

       Module                       code    ro data   rw data
       ------                       ----    -------   -------
    .\
       display.obj                  3589    192       12     
       uartstdio.obj                1032    46        5      
       tacho.obj                    912     0         32     
       startup_ccs.obj              12      512       0      
       project0.obj                 288     0         8      
    +--+----------------------------+-------+---------+---------+
       Total:                       5833    750       57     
                                                             
    C:/ti/TivaWare_C_Series-2.2.0.295/driverlib/ccs/Debug/driverlib.lib
       sysctl.obj                   730     596       0      
       gpio.obj                     772     552       0      
       interrupt.obj                208     176       620    
       timer.obj                    264     160       0      
       cpu.obj                      12      0         0      
    +--+----------------------------+-------+---------+---------+
       Total:                       1986    1484      620    
                                                             
    C:\ti\ti-cgt-arm_18.12.2.LTS\lib\rtsv7M4_T_le_v4SPD16_eabi.lib
       _printfi.c.obj               4851    0         0      
       k_rem_pio2.c.obj             1848    344       0      
       s_cos.c.obj                  1500    0         0      
       s_sin.c.obj                  1476    0         0      
       fd_add_t2.asm.obj            438     0         0      
       k_sin.c.obj                  372     0         0      
       k_cos.c.obj                  364     0         0      
       fd_div_t2.asm.obj            310     0         0      
       s_scalbn.c.obj               272     0         0      
       fd_cmp_t2.asm.obj            268     0         0      
       ctype.c.obj                  0       257       0      
       fd_mul_t2.asm.obj            252     0         0      
       s_floor.c.obj                248     0         0      
       memcpy_t2.asm.obj            156     0         0      
       ull_div_t2.asm.obj           150     0         0      
       snprintf.c.obj               148     0         0      
       memset_t2.asm.obj            122     0         0      
       fd_tos_t2.asm.obj            110     0         0      
       copy_decompress_lzss.c.obj   104     0         0      
       s_frexp.c.obj                100     0         0      
       ltoa.c.obj                   84      0         0      
       atoi.c.obj                   76      0         0      
       fd_toi_t2.asm.obj            72      0         0      
       autoinit.c.obj               68      0         0      
       u_divt2.asm.obj              64      0         0      
       fs_tod_t2.asm.obj            56      0         0      
       boot_cortex_m.c.obj          52      0         0      
       i_tofd_t2.asm.obj            46      0         0      
       u_tofd_t2.asm.obj            32      0         0      
       copy_zero_init.c.obj         28      0         0      
       memccpy.c.obj                28      0         0      
       s_copysign.c.obj             26      0         0      
       strchr.c.obj                 22      0         0      
       strlen.c.obj                 20      0         0      
       wcslen.c.obj                 18      0         0      
       copy_decompress_none.c.obj   14      0         0      
       errno.c.obj                  8       0         4      
       exit.c.obj                   4       0         0      
       pre_init.c.obj               4       0         0      
       div0.asm.obj                 2       0         0      
    +--+----------------------------+-------+---------+---------+
       Total:                       13813   601       4      
                                                             
       Stack:                       0       0         16384  
       Linker Generated:            0       74        0      
    +--+----------------------------+-------+---------+---------+
       Grand Total:                 21632   2909      17065  


LINKER GENERATED COPY TABLES

__TI_cinit_table @ 00005fd8 records: 3, size/record: 8, table size: 24
	.data: load addr=00005fa0, load size=00000016 bytes, run addr=20004270, run size=00000038 bytes, compression=lzss
	.bss: load addr=00005fc8, load size=00000008 bytes, run addr=200042a8, run size=00000008 bytes, compression=zero_init
	.vtable: load addr=00005fd0, load size=00000008 bytes, run addr=20000000, run size=0000026c bytes, compression=zero_init


LINKER GENERATED HANDLER TABLE

__TI_handler_table @ 00005fb8 records: 3, size/record: 4, table size: 12
	index: 0, handler: __TI_zero_init
	index: 1, handler: __TI_decompress_lzss
	index: 2, handler: __TI_decompress_none


GLOBAL SYMBOLS: SORTED ALPHABETICALLY BY Name 

address   name                              
-------   ----                              
00005685  C$$EXIT                           
0000563d  CPUcpsie                          
0000534b  GPIODirModeSet                    
00005665  GPIOIntClear                      
00005649  GPIOIntEnable                     
000054d9  GPIOIntRegister                   
00005613  GPIOIntStatus                     
00004c43  GPIOIntTypeSet                    
000033e9  GPIOPadConfigSet                  
00004df1  GPIOPinConfigure                  
0000566b  GPIOPinRead                       
00005551  GPIOPinTypeGPIOInput              
000054a5  GPIOPinTypeGPIOOutput             
00005567  GPIOPinTypeUART                   
000048c9  IntEnable                         
000055f3  IntMasterEnable                   
000053c9  IntPrioritySet                    
000051f1  IntRegister                       
00005671  ResetISR                          
00002851  SysCtlClockFreqSet                
00005677  SysCtlDelay                       
00005225  SysCtlPeripheralEnable            
00005181  SysCtlPeripheralReady             
00004ac5  TimerConfigure                    
000054f1  TimerDisable                      
00005621  TimerEnable                       
0000567d  TimerIntClear                     
00005655  TimerIntEnable                    
00005509  TimerIntRegister                  
000055cf  TimerLoadSet                      
00004779  UARTStdioConfig                   
000053ed  UARTprintf                        
000022d5  UARTvprintf                       
00004999  UARTwrite                         
20004270  __STACK_END                       
00004000  __STACK_SIZE                      
20000370  __STACK_TOP                       
00005fd8  __TI_CINIT_Base                   
00005ff0  __TI_CINIT_Limit                  
00005fb8  __TI_Handler_Table_Base           
00005fc4  __TI_Handler_Table_Limit          
00005041  __TI_auto_init_nobinit_nopinit    
00004931  __TI_decompress_lzss              
0000562f  __TI_decompress_none              
ffffffff  __TI_pprof_out_hndl               
00000201  __TI_printfi                      
ffffffff  __TI_prof_data_size               
ffffffff  __TI_prof_data_start              
00000000  __TI_static_base__                
00005451  __TI_zero_init_nomemset           
0000446d  __aeabi_cdcmpeq                   
0000446d  __aeabi_cdcmple                   
000044f3  __aeabi_cdrcmple                  
0000485b  __aeabi_d2f                       
00004fb5  __aeabi_d2iz                      
00002c2b  __aeabi_dadd                      
0000395d  __aeabi_ddiv                      
00003ed1  __aeabi_dmul                      
00002c21  __aeabi_dsub                      
0000565d  __aeabi_errno_addr                
000051b9  __aeabi_f2d                       
0000531d  __aeabi_i2d                       
00004353  __aeabi_idiv0                     
00004353  __aeabi_ldiv0                     
000046fd  __aeabi_memclr                    
000046fd  __aeabi_memclr4                   
000046fd  __aeabi_memclr8                   
00004221  __aeabi_memcpy                    
00004221  __aeabi_memcpy4                   
00004221  __aeabi_memcpy8                   
000046ff  __aeabi_memset                    
000046ff  __aeabi_memset4                   
000046ff  __aeabi_memset8                   
00005431  __aeabi_ui2d                      
000050c9  __aeabi_uidiv                     
000050c9  __aeabi_uidivmod                  
000042bd  __aeabi_uldivmod                  
ffffffff  __binit__                         
ffffffff  __c_args__                        
00003555  __kernel_cos                      
00000c51  __kernel_rem_pio2                 
00003105  __kernel_sin                      
UNDEFED   __mpu_init                        
20000270  __stack                           
00005259  _c_int00_noargs                   
00005990  _ctypes_                          
UNDEFED   _system_post_cinit                
00005681  _system_pre_init                  
00005685  abort                             
00004e89  atoi                              
ffffffff  binit                             
00004177  bresenham                         
00003279  bresenham_needle                  
00001f29  bresenham_ticks                   
20004288  calc_flag                         
00002dd9  calc_speed_dir                    
000036c1  configure_display_controller_large
000054bf  copysign                          
000054bf  copysignl                         
00001389  cos                               
00001389  cosl                              
20004280  count                             
20004278  directionForwards                 
2000428c  distance_total                    
00005593  draw_arc                          
000055a7  draw_bresenham                    
00005603  draw_bresenham_ticks              
00004579  draw_char_dir                     
000045fd  draw_char_km                      
00004355  draw_digit_tacho                  
000049fd  draw_direction                    
00004c9d  draw_number_tacho                 
00002f79  draw_odometer                     
00005147  draw_pixel_single                 
20004270  edgeCountWindowS1                 
200042a4  errno                             
00004681  fill_rect                         
00003fcd  floor                             
00003fcd  floorl                            
00004a61  frexp                             
00004a61  frexpl                            
20000000  g_pfnRAMVectors                   
00000000  g_pfnVectors                      
0000546d  init_clock                        
00004b25  init_motor_ports_interrupts       
00005085  init_ports_display                
000052bd  init_timer                        
00004b85  init_timer_interrupt              
00004ed5  init_uart                         
00003bb9  ldexp                             
00003bb9  ldexpl                            
00004d4b  ltoa                              
000043e5  main                              
00005489  memccpy                           
00004221  memcpy                            
00004705  memset                            
00003dd1  motor_interrupt_handler           
20004279  prevS1                            
2000427a  prevS2                            
20004294  prev_x1                           
20004298  prev_y1                           
00003cc9  rasterArc                         
00005539  reset_background                  
20004274  rpm                               
00003bb9  scalbn                            
00003bb9  scalbnl                           
00001965  sin                               
00001965  sinl                              
00004f21  snprintf                          
20004284  speed                             
0000557d  strchr                            
000055bb  strlen                            
200042a8  sysclk                            
2000427b  thisS1                            
2000427c  thisS2                            
000052ed  timer_interrupt_handler           
000055e1  wcslen                            
00004be5  window_set                        
200042ac  window_timer_period               
00005379  write_command                     
000053a1  write_data                        


GLOBAL SYMBOLS: SORTED BY Symbol Address 

address   name                              
-------   ----                              
00000000  __TI_static_base__                
00000000  g_pfnVectors                      
00000201  __TI_printfi                      
00000c51  __kernel_rem_pio2                 
00001389  cos                               
00001389  cosl                              
00001965  sin                               
00001965  sinl                              
00001f29  bresenham_ticks                   
000022d5  UARTvprintf                       
00002851  SysCtlClockFreqSet                
00002c21  __aeabi_dsub                      
00002c2b  __aeabi_dadd                      
00002dd9  calc_speed_dir                    
00002f79  draw_odometer                     
00003105  __kernel_sin                      
00003279  bresenham_needle                  
000033e9  GPIOPadConfigSet                  
00003555  __kernel_cos                      
000036c1  configure_display_controller_large
0000395d  __aeabi_ddiv                      
00003bb9  ldexp                             
00003bb9  ldexpl                            
00003bb9  scalbn                            
00003bb9  scalbnl                           
00003cc9  rasterArc                         
00003dd1  motor_interrupt_handler           
00003ed1  __aeabi_dmul                      
00003fcd  floor                             
00003fcd  floorl                            
00004000  __STACK_SIZE                      
00004177  bresenham                         
00004221  __aeabi_memcpy                    
00004221  __aeabi_memcpy4                   
00004221  __aeabi_memcpy8                   
00004221  memcpy                            
000042bd  __aeabi_uldivmod                  
00004353  __aeabi_idiv0                     
00004353  __aeabi_ldiv0                     
00004355  draw_digit_tacho                  
000043e5  main                              
0000446d  __aeabi_cdcmpeq                   
0000446d  __aeabi_cdcmple                   
000044f3  __aeabi_cdrcmple                  
00004579  draw_char_dir                     
000045fd  draw_char_km                      
00004681  fill_rect                         
000046fd  __aeabi_memclr                    
000046fd  __aeabi_memclr4                   
000046fd  __aeabi_memclr8                   
000046ff  __aeabi_memset                    
000046ff  __aeabi_memset4                   
000046ff  __aeabi_memset8                   
00004705  memset                            
00004779  UARTStdioConfig                   
0000485b  __aeabi_d2f                       
000048c9  IntEnable                         
00004931  __TI_decompress_lzss              
00004999  UARTwrite                         
000049fd  draw_direction                    
00004a61  frexp                             
00004a61  frexpl                            
00004ac5  TimerConfigure                    
00004b25  init_motor_ports_interrupts       
00004b85  init_timer_interrupt              
00004be5  window_set                        
00004c43  GPIOIntTypeSet                    
00004c9d  draw_number_tacho                 
00004d4b  ltoa                              
00004df1  GPIOPinConfigure                  
00004e89  atoi                              
00004ed5  init_uart                         
00004f21  snprintf                          
00004fb5  __aeabi_d2iz                      
00005041  __TI_auto_init_nobinit_nopinit    
00005085  init_ports_display                
000050c9  __aeabi_uidiv                     
000050c9  __aeabi_uidivmod                  
00005147  draw_pixel_single                 
00005181  SysCtlPeripheralReady             
000051b9  __aeabi_f2d                       
000051f1  IntRegister                       
00005225  SysCtlPeripheralEnable            
00005259  _c_int00_noargs                   
000052bd  init_timer                        
000052ed  timer_interrupt_handler           
0000531d  __aeabi_i2d                       
0000534b  GPIODirModeSet                    
00005379  write_command                     
000053a1  write_data                        
000053c9  IntPrioritySet                    
000053ed  UARTprintf                        
00005431  __aeabi_ui2d                      
00005451  __TI_zero_init_nomemset           
0000546d  init_clock                        
00005489  memccpy                           
000054a5  GPIOPinTypeGPIOOutput             
000054bf  copysign                          
000054bf  copysignl                         
000054d9  GPIOIntRegister                   
000054f1  TimerDisable                      
00005509  TimerIntRegister                  
00005539  reset_background                  
00005551  GPIOPinTypeGPIOInput              
00005567  GPIOPinTypeUART                   
0000557d  strchr                            
00005593  draw_arc                          
000055a7  draw_bresenham                    
000055bb  strlen                            
000055cf  TimerLoadSet                      
000055e1  wcslen                            
000055f3  IntMasterEnable                   
00005603  draw_bresenham_ticks              
00005613  GPIOIntStatus                     
00005621  TimerEnable                       
0000562f  __TI_decompress_none              
0000563d  CPUcpsie                          
00005649  GPIOIntEnable                     
00005655  TimerIntEnable                    
0000565d  __aeabi_errno_addr                
00005665  GPIOIntClear                      
0000566b  GPIOPinRead                       
00005671  ResetISR                          
00005677  SysCtlDelay                       
0000567d  TimerIntClear                     
00005681  _system_pre_init                  
00005685  C$$EXIT                           
00005685  abort                             
00005990  _ctypes_                          
00005fb8  __TI_Handler_Table_Base           
00005fc4  __TI_Handler_Table_Limit          
00005fd8  __TI_CINIT_Base                   
00005ff0  __TI_CINIT_Limit                  
20000000  g_pfnRAMVectors                   
20000270  __stack                           
20000370  __STACK_TOP                       
20004270  __STACK_END                       
20004270  edgeCountWindowS1                 
20004274  rpm                               
20004278  directionForwards                 
20004279  prevS1                            
2000427a  prevS2                            
2000427b  thisS1                            
2000427c  thisS2                            
20004280  count                             
20004284  speed                             
20004288  calc_flag                         
2000428c  distance_total                    
20004294  prev_x1                           
20004298  prev_y1                           
200042a4  errno                             
200042a8  sysclk                            
200042ac  window_timer_period               
ffffffff  __TI_pprof_out_hndl               
ffffffff  __TI_prof_data_size               
ffffffff  __TI_prof_data_start              
ffffffff  __binit__                         
ffffffff  __c_args__                        
ffffffff  binit                             
UNDEFED   __mpu_init                        
UNDEFED   _system_post_cinit                

[161 symbols]
