<?xml version="1.0" encoding="ISO-8859-1" ?>
<link_info>
   <banner>TI ARM Linker PC v18.12.2.LTS</banner>
   <copyright>Copyright (c) 1996-2018 Texas Instruments Incorporated</copyright>
   <link_time>0x6907b91a</link_time>
   <link_errors>0x0</link_errors>
   <output_file>project0.out</output_file>
   <entry_point>
      <name>_c_int00_noargs</name>
      <address>0x3881</address>
   </entry_point>
   <input_file_list>
      <input_file id="fl-2">
         <path>.\</path>
         <kind>object</kind>
         <file>project0.obj</file>
         <name>project0.obj</name>
      </input_file>
      <input_file id="fl-3">
         <path>.\</path>
         <kind>object</kind>
         <file>startup_ccs.obj</file>
         <name>startup_ccs.obj</name>
      </input_file>
      <input_file id="fl-4">
         <path>.\</path>
         <kind>object</kind>
         <file>tacho.obj</file>
         <name>tacho.obj</name>
      </input_file>
      <input_file id="fl-5">
         <path>.\</path>
         <kind>object</kind>
         <file>uartstdio.obj</file>
         <name>uartstdio.obj</name>
      </input_file>
      <input_file id="fl-a">
         <kind>object</kind>
         <file>&lt;internal&gt;</file>
         <name>&lt;internal&gt;</name>
      </input_file>
      <input_file id="fl-b">
         <path>C:\ti\TivaWare_C_Series-2.2.0.295\driverlib\ccs\Debug\</path>
         <kind>archive</kind>
         <file>driverlib.lib</file>
         <name>gpio.obj</name>
      </input_file>
      <input_file id="fl-c">
         <path>C:\ti\TivaWare_C_Series-2.2.0.295\driverlib\ccs\Debug\</path>
         <kind>archive</kind>
         <file>driverlib.lib</file>
         <name>interrupt.obj</name>
      </input_file>
      <input_file id="fl-d">
         <path>C:\ti\TivaWare_C_Series-2.2.0.295\driverlib\ccs\Debug\</path>
         <kind>archive</kind>
         <file>driverlib.lib</file>
         <name>sysctl.obj</name>
      </input_file>
      <input_file id="fl-e">
         <path>C:\ti\TivaWare_C_Series-2.2.0.295\driverlib\ccs\Debug\</path>
         <kind>archive</kind>
         <file>driverlib.lib</file>
         <name>timer.obj</name>
      </input_file>
      <input_file id="fl-f">
         <path>C:\ti\TivaWare_C_Series-2.2.0.295\driverlib\ccs\Debug\</path>
         <kind>archive</kind>
         <file>driverlib.lib</file>
         <name>cpu.obj</name>
      </input_file>
      <input_file id="fl-c5">
         <path>C:\ti\ti-cgt-arm_18.12.2.LTS\lib\</path>
         <kind>archive</kind>
         <file>rtsv7M4_T_le_v4SPD16_eabi.lib</file>
         <name>printf.c.obj</name>
      </input_file>
      <input_file id="fl-c6">
         <path>C:\ti\ti-cgt-arm_18.12.2.LTS\lib\</path>
         <kind>archive</kind>
         <file>rtsv7M4_T_le_v4SPD16_eabi.lib</file>
         <name>_printfi.c.obj</name>
      </input_file>
      <input_file id="fl-c7">
         <path>C:\ti\ti-cgt-arm_18.12.2.LTS\lib\</path>
         <kind>archive</kind>
         <file>rtsv7M4_T_le_v4SPD16_eabi.lib</file>
         <name>fputc.c.obj</name>
      </input_file>
      <input_file id="fl-c8">
         <path>C:\ti\ti-cgt-arm_18.12.2.LTS\lib\</path>
         <kind>archive</kind>
         <file>rtsv7M4_T_le_v4SPD16_eabi.lib</file>
         <name>fputs.c.obj</name>
      </input_file>
      <input_file id="fl-c9">
         <path>C:\ti\ti-cgt-arm_18.12.2.LTS\lib\</path>
         <kind>archive</kind>
         <file>rtsv7M4_T_le_v4SPD16_eabi.lib</file>
         <name>_io_perm.c.obj</name>
      </input_file>
      <input_file id="fl-ca">
         <path>C:\ti\ti-cgt-arm_18.12.2.LTS\lib\</path>
         <kind>archive</kind>
         <file>rtsv7M4_T_le_v4SPD16_eabi.lib</file>
         <name>setvbuf.c.obj</name>
      </input_file>
      <input_file id="fl-cb">
         <path>C:\ti\ti-cgt-arm_18.12.2.LTS\lib\</path>
         <kind>archive</kind>
         <file>rtsv7M4_T_le_v4SPD16_eabi.lib</file>
         <name>s_frexp.c.obj</name>
      </input_file>
      <input_file id="fl-cc">
         <path>C:\ti\ti-cgt-arm_18.12.2.LTS\lib\</path>
         <kind>archive</kind>
         <file>rtsv7M4_T_le_v4SPD16_eabi.lib</file>
         <name>s_scalbn.c.obj</name>
      </input_file>
      <input_file id="fl-cd">
         <path>C:\ti\ti-cgt-arm_18.12.2.LTS\lib\</path>
         <kind>archive</kind>
         <file>rtsv7M4_T_le_v4SPD16_eabi.lib</file>
         <name>ull_div_t2.asm.obj</name>
      </input_file>
      <input_file id="fl-ce">
         <path>C:\ti\ti-cgt-arm_18.12.2.LTS\lib\</path>
         <kind>archive</kind>
         <file>rtsv7M4_T_le_v4SPD16_eabi.lib</file>
         <name>memset_t2.asm.obj</name>
      </input_file>
      <input_file id="fl-cf">
         <path>C:\ti\ti-cgt-arm_18.12.2.LTS\lib\</path>
         <kind>archive</kind>
         <file>rtsv7M4_T_le_v4SPD16_eabi.lib</file>
         <name>fd_add_t2.asm.obj</name>
      </input_file>
      <input_file id="fl-d0">
         <path>C:\ti\ti-cgt-arm_18.12.2.LTS\lib\</path>
         <kind>archive</kind>
         <file>rtsv7M4_T_le_v4SPD16_eabi.lib</file>
         <name>fd_cmp_t2.asm.obj</name>
      </input_file>
      <input_file id="fl-d1">
         <path>C:\ti\ti-cgt-arm_18.12.2.LTS\lib\</path>
         <kind>archive</kind>
         <file>rtsv7M4_T_le_v4SPD16_eabi.lib</file>
         <name>fd_div_t2.asm.obj</name>
      </input_file>
      <input_file id="fl-d2">
         <path>C:\ti\ti-cgt-arm_18.12.2.LTS\lib\</path>
         <kind>archive</kind>
         <file>rtsv7M4_T_le_v4SPD16_eabi.lib</file>
         <name>fd_mul_t2.asm.obj</name>
      </input_file>
      <input_file id="fl-d3">
         <path>C:\ti\ti-cgt-arm_18.12.2.LTS\lib\</path>
         <kind>archive</kind>
         <file>rtsv7M4_T_le_v4SPD16_eabi.lib</file>
         <name>fd_toi_t2.asm.obj</name>
      </input_file>
      <input_file id="fl-d4">
         <path>C:\ti\ti-cgt-arm_18.12.2.LTS\lib\</path>
         <kind>archive</kind>
         <file>rtsv7M4_T_le_v4SPD16_eabi.lib</file>
         <name>fs_tod_t2.asm.obj</name>
      </input_file>
      <input_file id="fl-d5">
         <path>C:\ti\ti-cgt-arm_18.12.2.LTS\lib\</path>
         <kind>archive</kind>
         <file>rtsv7M4_T_le_v4SPD16_eabi.lib</file>
         <name>i_tofd_t2.asm.obj</name>
      </input_file>
      <input_file id="fl-d6">
         <path>C:\ti\ti-cgt-arm_18.12.2.LTS\lib\</path>
         <kind>archive</kind>
         <file>rtsv7M4_T_le_v4SPD16_eabi.lib</file>
         <name>memcpy_t2.asm.obj</name>
      </input_file>
      <input_file id="fl-d7">
         <path>C:\ti\ti-cgt-arm_18.12.2.LTS\lib\</path>
         <kind>archive</kind>
         <file>rtsv7M4_T_le_v4SPD16_eabi.lib</file>
         <name>u_divt2.asm.obj</name>
      </input_file>
      <input_file id="fl-d8">
         <path>C:\ti\ti-cgt-arm_18.12.2.LTS\lib\</path>
         <kind>archive</kind>
         <file>rtsv7M4_T_le_v4SPD16_eabi.lib</file>
         <name>copy_zero_init.c.obj</name>
      </input_file>
      <input_file id="fl-d9">
         <path>C:\ti\ti-cgt-arm_18.12.2.LTS\lib\</path>
         <kind>archive</kind>
         <file>rtsv7M4_T_le_v4SPD16_eabi.lib</file>
         <name>copy_decompress_none.c.obj</name>
      </input_file>
      <input_file id="fl-da">
         <path>C:\ti\ti-cgt-arm_18.12.2.LTS\lib\</path>
         <kind>archive</kind>
         <file>rtsv7M4_T_le_v4SPD16_eabi.lib</file>
         <name>copy_decompress_lzss.c.obj</name>
      </input_file>
      <input_file id="fl-db">
         <path>C:\ti\ti-cgt-arm_18.12.2.LTS\lib\</path>
         <kind>archive</kind>
         <file>rtsv7M4_T_le_v4SPD16_eabi.lib</file>
         <name>exit.c.obj</name>
      </input_file>
      <input_file id="fl-dc">
         <path>C:\ti\ti-cgt-arm_18.12.2.LTS\lib\</path>
         <kind>archive</kind>
         <file>rtsv7M4_T_le_v4SPD16_eabi.lib</file>
         <name>_lock.c.obj</name>
      </input_file>
      <input_file id="fl-dd">
         <path>C:\ti\ti-cgt-arm_18.12.2.LTS\lib\</path>
         <kind>archive</kind>
         <file>rtsv7M4_T_le_v4SPD16_eabi.lib</file>
         <name>atoi.c.obj</name>
      </input_file>
      <input_file id="fl-de">
         <path>C:\ti\ti-cgt-arm_18.12.2.LTS\lib\</path>
         <kind>archive</kind>
         <file>rtsv7M4_T_le_v4SPD16_eabi.lib</file>
         <name>ctype.c.obj</name>
      </input_file>
      <input_file id="fl-df">
         <path>C:\ti\ti-cgt-arm_18.12.2.LTS\lib\</path>
         <kind>archive</kind>
         <file>rtsv7M4_T_le_v4SPD16_eabi.lib</file>
         <name>defs.c.obj</name>
      </input_file>
      <input_file id="fl-e0">
         <path>C:\ti\ti-cgt-arm_18.12.2.LTS\lib\</path>
         <kind>archive</kind>
         <file>rtsv7M4_T_le_v4SPD16_eabi.lib</file>
         <name>ltoa.c.obj</name>
      </input_file>
      <input_file id="fl-e1">
         <path>C:\ti\ti-cgt-arm_18.12.2.LTS\lib\</path>
         <kind>archive</kind>
         <file>rtsv7M4_T_le_v4SPD16_eabi.lib</file>
         <name>memccpy.c.obj</name>
      </input_file>
      <input_file id="fl-e2">
         <path>C:\ti\ti-cgt-arm_18.12.2.LTS\lib\</path>
         <kind>archive</kind>
         <file>rtsv7M4_T_le_v4SPD16_eabi.lib</file>
         <name>memchr.c.obj</name>
      </input_file>
      <input_file id="fl-e3">
         <path>C:\ti\ti-cgt-arm_18.12.2.LTS\lib\</path>
         <kind>archive</kind>
         <file>rtsv7M4_T_le_v4SPD16_eabi.lib</file>
         <name>memory.c.obj</name>
      </input_file>
      <input_file id="fl-e4">
         <path>C:\ti\ti-cgt-arm_18.12.2.LTS\lib\</path>
         <kind>archive</kind>
         <file>rtsv7M4_T_le_v4SPD16_eabi.lib</file>
         <name>strchr.c.obj</name>
      </input_file>
      <input_file id="fl-e5">
         <path>C:\ti\ti-cgt-arm_18.12.2.LTS\lib\</path>
         <kind>archive</kind>
         <file>rtsv7M4_T_le_v4SPD16_eabi.lib</file>
         <name>strlen.c.obj</name>
      </input_file>
      <input_file id="fl-e6">
         <path>C:\ti\ti-cgt-arm_18.12.2.LTS\lib\</path>
         <kind>archive</kind>
         <file>rtsv7M4_T_le_v4SPD16_eabi.lib</file>
         <name>write.c.obj</name>
      </input_file>
      <input_file id="fl-e7">
         <path>C:\ti\ti-cgt-arm_18.12.2.LTS\lib\</path>
         <kind>archive</kind>
         <file>rtsv7M4_T_le_v4SPD16_eabi.lib</file>
         <name>host_device.c.obj</name>
      </input_file>
      <input_file id="fl-e8">
         <path>C:\ti\ti-cgt-arm_18.12.2.LTS\lib\</path>
         <kind>archive</kind>
         <file>rtsv7M4_T_le_v4SPD16_eabi.lib</file>
         <name>boot_cortex_m.c.obj</name>
      </input_file>
      <input_file id="fl-e9">
         <path>C:\ti\ti-cgt-arm_18.12.2.LTS\lib\</path>
         <kind>archive</kind>
         <file>rtsv7M4_T_le_v4SPD16_eabi.lib</file>
         <name>errno.c.obj</name>
      </input_file>
      <input_file id="fl-ea">
         <path>C:\ti\ti-cgt-arm_18.12.2.LTS\lib\</path>
         <kind>archive</kind>
         <file>rtsv7M4_T_le_v4SPD16_eabi.lib</file>
         <name>wcslen.c.obj</name>
      </input_file>
      <input_file id="fl-eb">
         <path>C:\ti\ti-cgt-arm_18.12.2.LTS\lib\</path>
         <kind>archive</kind>
         <file>rtsv7M4_T_le_v4SPD16_eabi.lib</file>
         <name>s_copysign.c.obj</name>
      </input_file>
      <input_file id="fl-ec">
         <path>C:\ti\ti-cgt-arm_18.12.2.LTS\lib\</path>
         <kind>archive</kind>
         <file>rtsv7M4_T_le_v4SPD16_eabi.lib</file>
         <name>fflush.c.obj</name>
      </input_file>
      <input_file id="fl-ed">
         <path>C:\ti\ti-cgt-arm_18.12.2.LTS\lib\</path>
         <kind>archive</kind>
         <file>rtsv7M4_T_le_v4SPD16_eabi.lib</file>
         <name>fopen.c.obj</name>
      </input_file>
      <input_file id="fl-ee">
         <path>C:\ti\ti-cgt-arm_18.12.2.LTS\lib\</path>
         <kind>archive</kind>
         <file>rtsv7M4_T_le_v4SPD16_eabi.lib</file>
         <name>fseek.c.obj</name>
      </input_file>
      <input_file id="fl-ef">
         <path>C:\ti\ti-cgt-arm_18.12.2.LTS\lib\</path>
         <kind>archive</kind>
         <file>rtsv7M4_T_le_v4SPD16_eabi.lib</file>
         <name>div0.asm.obj</name>
      </input_file>
      <input_file id="fl-f0">
         <path>C:\ti\ti-cgt-arm_18.12.2.LTS\lib\</path>
         <kind>archive</kind>
         <file>rtsv7M4_T_le_v4SPD16_eabi.lib</file>
         <name>autoinit.c.obj</name>
      </input_file>
      <input_file id="fl-f1">
         <path>C:\ti\ti-cgt-arm_18.12.2.LTS\lib\</path>
         <kind>archive</kind>
         <file>rtsv7M4_T_le_v4SPD16_eabi.lib</file>
         <name>pre_init.c.obj</name>
      </input_file>
      <input_file id="fl-f2">
         <path>C:\ti\ti-cgt-arm_18.12.2.LTS\lib\</path>
         <kind>archive</kind>
         <file>rtsv7M4_T_le_v4SPD16_eabi.lib</file>
         <name>cpy_tbl.c.obj</name>
      </input_file>
      <input_file id="fl-f3">
         <path>C:\ti\ti-cgt-arm_18.12.2.LTS\lib\</path>
         <kind>archive</kind>
         <file>rtsv7M4_T_le_v4SPD16_eabi.lib</file>
         <name>args_main.c.obj</name>
      </input_file>
      <input_file id="fl-f4">
         <path>C:\ti\ti-cgt-arm_18.12.2.LTS\lib\</path>
         <kind>archive</kind>
         <file>rtsv7M4_T_le_v4SPD16_eabi.lib</file>
         <name>hostclose.c.obj</name>
      </input_file>
      <input_file id="fl-f5">
         <path>C:\ti\ti-cgt-arm_18.12.2.LTS\lib\</path>
         <kind>archive</kind>
         <file>rtsv7M4_T_le_v4SPD16_eabi.lib</file>
         <name>hostlseek.c.obj</name>
      </input_file>
      <input_file id="fl-f6">
         <path>C:\ti\ti-cgt-arm_18.12.2.LTS\lib\</path>
         <kind>archive</kind>
         <file>rtsv7M4_T_le_v4SPD16_eabi.lib</file>
         <name>hostopen.c.obj</name>
      </input_file>
      <input_file id="fl-f7">
         <path>C:\ti\ti-cgt-arm_18.12.2.LTS\lib\</path>
         <kind>archive</kind>
         <file>rtsv7M4_T_le_v4SPD16_eabi.lib</file>
         <name>hostread.c.obj</name>
      </input_file>
      <input_file id="fl-f8">
         <path>C:\ti\ti-cgt-arm_18.12.2.LTS\lib\</path>
         <kind>archive</kind>
         <file>rtsv7M4_T_le_v4SPD16_eabi.lib</file>
         <name>hostrename.c.obj</name>
      </input_file>
      <input_file id="fl-f9">
         <path>C:\ti\ti-cgt-arm_18.12.2.LTS\lib\</path>
         <kind>archive</kind>
         <file>rtsv7M4_T_le_v4SPD16_eabi.lib</file>
         <name>hostunlink.c.obj</name>
      </input_file>
      <input_file id="fl-fa">
         <path>C:\ti\ti-cgt-arm_18.12.2.LTS\lib\</path>
         <kind>archive</kind>
         <file>rtsv7M4_T_le_v4SPD16_eabi.lib</file>
         <name>hostwrite.c.obj</name>
      </input_file>
      <input_file id="fl-fb">
         <path>C:\ti\ti-cgt-arm_18.12.2.LTS\lib\</path>
         <kind>archive</kind>
         <file>rtsv7M4_T_le_v4SPD16_eabi.lib</file>
         <name>trgmsg.c.obj</name>
      </input_file>
      <input_file id="fl-fc">
         <path>C:\ti\ti-cgt-arm_18.12.2.LTS\lib\</path>
         <kind>archive</kind>
         <file>rtsv7M4_T_le_v4SPD16_eabi.lib</file>
         <name>open.c.obj</name>
      </input_file>
      <input_file id="fl-fd">
         <path>C:\ti\ti-cgt-arm_18.12.2.LTS\lib\</path>
         <kind>archive</kind>
         <file>rtsv7M4_T_le_v4SPD16_eabi.lib</file>
         <name>lseek.c.obj</name>
      </input_file>
      <input_file id="fl-fe">
         <path>C:\ti\ti-cgt-arm_18.12.2.LTS\lib\</path>
         <kind>archive</kind>
         <file>rtsv7M4_T_le_v4SPD16_eabi.lib</file>
         <name>fclose.c.obj</name>
      </input_file>
      <input_file id="fl-ff">
         <path>C:\ti\ti-cgt-arm_18.12.2.LTS\lib\</path>
         <kind>archive</kind>
         <file>rtsv7M4_T_le_v4SPD16_eabi.lib</file>
         <name>getdevice.c.obj</name>
      </input_file>
      <input_file id="fl-100">
         <path>C:\ti\ti-cgt-arm_18.12.2.LTS\lib\</path>
         <kind>archive</kind>
         <file>rtsv7M4_T_le_v4SPD16_eabi.lib</file>
         <name>strcmp.c.obj</name>
      </input_file>
      <input_file id="fl-101">
         <path>C:\ti\ti-cgt-arm_18.12.2.LTS\lib\</path>
         <kind>archive</kind>
         <file>rtsv7M4_T_le_v4SPD16_eabi.lib</file>
         <name>strcpy.c.obj</name>
      </input_file>
      <input_file id="fl-102">
         <path>C:\ti\ti-cgt-arm_18.12.2.LTS\lib\</path>
         <kind>archive</kind>
         <file>rtsv7M4_T_le_v4SPD16_eabi.lib</file>
         <name>strncpy.c.obj</name>
      </input_file>
      <input_file id="fl-103">
         <path>C:\ti\ti-cgt-arm_18.12.2.LTS\lib\</path>
         <kind>archive</kind>
         <file>rtsv7M4_T_le_v4SPD16_eabi.lib</file>
         <name>remove.c.obj</name>
      </input_file>
      <input_file id="fl-104">
         <path>C:\ti\ti-cgt-arm_18.12.2.LTS\lib\</path>
         <kind>archive</kind>
         <file>rtsv7M4_T_le_v4SPD16_eabi.lib</file>
         <name>close.c.obj</name>
      </input_file>
      <input_file id="fl-105">
         <path>C:\ti\ti-cgt-arm_18.12.2.LTS\lib\</path>
         <kind>archive</kind>
         <file>rtsv7M4_T_le_v4SPD16_eabi.lib</file>
         <name>unlink.c.obj</name>
      </input_file>
   </input_file_list>
   <object_component_list>
      <object_component id="oc-10">
         <name>.intvecs</name>
         <load_address>0x0</load_address>
         <run_address>0x0</run_address>
         <size>0x200</size>
         <input_file_ref idref="fl-3"/>
      </object_component>
      <object_component id="oc-1e9">
         <name>.text:__TI_printfi</name>
         <load_address>0x200</load_address>
         <run_address>0x200</run_address>
         <size>0xa4e</size>
         <input_file_ref idref="fl-c6"/>
      </object_component>
      <object_component id="oc-34">
         <name>.text:FaultISR</name>
         <load_address>0xc4e</load_address>
         <run_address>0xc4e</run_address>
         <size>0x2</size>
         <input_file_ref idref="fl-3"/>
      </object_component>
      <object_component id="oc-1dc">
         <name>.text:UARTvprintf</name>
         <load_address>0xc50</load_address>
         <run_address>0xc50</run_address>
         <size>0x30c</size>
         <input_file_ref idref="fl-5"/>
      </object_component>
      <object_component id="oc-2d4">
         <name>.text:_pconv_a</name>
         <load_address>0xf5c</load_address>
         <run_address>0xf5c</run_address>
         <size>0x270</size>
         <input_file_ref idref="fl-c6"/>
      </object_component>
      <object_component id="oc-15f">
         <name>.text:SysCtlClockFreqSet</name>
         <load_address>0x11cc</load_address>
         <run_address>0x11cc</run_address>
         <size>0x200</size>
         <input_file_ref idref="fl-d"/>
      </object_component>
      <object_component id="oc-2c2">
         <name>.text:_pconv_g</name>
         <load_address>0x13cc</load_address>
         <run_address>0x13cc</run_address>
         <size>0x1d0</size>
         <input_file_ref idref="fl-c6"/>
      </object_component>
      <object_component id="oc-3ad">
         <name>.text</name>
         <load_address>0x159c</load_address>
         <run_address>0x159c</run_address>
         <size>0x1b6</size>
         <input_file_ref idref="fl-cf"/>
      </object_component>
      <object_component id="oc-3a">
         <name>.text:IntDefaultHandler</name>
         <load_address>0x1752</load_address>
         <run_address>0x1752</run_address>
         <size>0x2</size>
         <input_file_ref idref="fl-3"/>
      </object_component>
      <object_component id="oc-24c">
         <name>.text:GPIOPadConfigSet</name>
         <load_address>0x1754</load_address>
         <run_address>0x1754</run_address>
         <size>0x16c</size>
         <input_file_ref idref="fl-b"/>
      </object_component>
      <object_component id="oc-2ce">
         <name>.text:_pconv_e</name>
         <load_address>0x18c0</load_address>
         <run_address>0x18c0</run_address>
         <size>0x13c</size>
         <input_file_ref idref="fl-c6"/>
      </object_component>
      <object_component id="oc-393">
         <name>.text</name>
         <load_address>0x19fc</load_address>
         <run_address>0x19fc</run_address>
         <size>0x136</size>
         <input_file_ref idref="fl-d1"/>
      </object_component>
      <object_component id="oc-2e">
         <name>.text:NmiSR</name>
         <load_address>0x1b32</load_address>
         <run_address>0x1b32</run_address>
         <size>0x2</size>
         <input_file_ref idref="fl-3"/>
      </object_component>
      <object_component id="oc-3bf">
         <name>.text:fcvt</name>
         <load_address>0x1b34</load_address>
         <run_address>0x1b34</run_address>
         <size>0x124</size>
         <input_file_ref idref="fl-c6"/>
      </object_component>
      <object_component id="oc-178">
         <name>.text:SysCtlClockGet</name>
         <load_address>0x1c58</load_address>
         <run_address>0x1c58</run_address>
         <size>0x118</size>
         <input_file_ref idref="fl-d"/>
      </object_component>
      <object_component id="oc-306">
         <name>.text:fputs</name>
         <load_address>0x1d70</load_address>
         <run_address>0x1d70</run_address>
         <size>0x114</size>
         <input_file_ref idref="fl-c8"/>
      </object_component>
      <object_component id="oc-3d3">
         <name>.text:scalbn</name>
         <load_address>0x1e84</load_address>
         <run_address>0x1e84</run_address>
         <size>0x110</size>
         <input_file_ref idref="fl-cc"/>
      </object_component>
      <object_component id="oc-1a3">
         <name>.text:motor_interrupt_handler</name>
         <load_address>0x1f94</load_address>
         <run_address>0x1f94</run_address>
         <size>0x10c</size>
         <input_file_ref idref="fl-4"/>
      </object_component>
      <object_component id="oc-38e">
         <name>.text</name>
         <load_address>0x20a0</load_address>
         <run_address>0x20a0</run_address>
         <size>0xfc</size>
         <input_file_ref idref="fl-d2"/>
      </object_component>
      <object_component id="oc-4eb">
         <name>.text:aligned_alloc</name>
         <load_address>0x219c</load_address>
         <run_address>0x219c</run_address>
         <size>0xf4</size>
         <input_file_ref idref="fl-e3"/>
      </object_component>
      <object_component id="oc-4a9">
         <name>.text:free</name>
         <load_address>0x2290</load_address>
         <run_address>0x2290</run_address>
         <size>0xe8</size>
         <input_file_ref idref="fl-e3"/>
      </object_component>
      <object_component id="oc-47c">
         <name>.text:setvbuf</name>
         <load_address>0x2378</load_address>
         <run_address>0x2378</run_address>
         <size>0xdc</size>
         <input_file_ref idref="fl-ca"/>
      </object_component>
      <object_component id="oc-118">
         <name>.text:calc_speed_dir</name>
         <load_address>0x2454</load_address>
         <run_address>0x2454</run_address>
         <size>0xc4</size>
         <input_file_ref idref="fl-4"/>
      </object_component>
      <object_component id="oc-2b7">
         <name>.text:_ltostr</name>
         <load_address>0x2518</load_address>
         <run_address>0x2518</run_address>
         <size>0xb1</size>
         <input_file_ref idref="fl-c6"/>
      </object_component>
      <object_component id="oc-4e">
         <name>.text</name>
         <load_address>0x25ca</load_address>
         <run_address>0x25ca</run_address>
         <size>0x9c</size>
         <input_file_ref idref="fl-d6"/>
      </object_component>
      <object_component id="oc-387">
         <name>.text</name>
         <load_address>0x2666</load_address>
         <run_address>0x2666</run_address>
         <size>0x96</size>
         <input_file_ref idref="fl-cd"/>
      </object_component>
      <object_component id="oc-30d">
         <name>.text:fputc</name>
         <load_address>0x26fc</load_address>
         <run_address>0x26fc</run_address>
         <size>0x8c</size>
         <input_file_ref idref="fl-c7"/>
      </object_component>
      <object_component id="oc-2bd">
         <name>.text:__aeabi_cdcmple</name>
         <load_address>0x2788</load_address>
         <run_address>0x2788</run_address>
         <size>0x86</size>
         <input_file_ref idref="fl-d0"/>
      </object_component>
      <object_component id="oc-398">
         <name>.text:__aeabi_cdrcmple</name>
         <load_address>0x280e</load_address>
         <run_address>0x280e</run_address>
         <size>0x86</size>
         <input_file_ref idref="fl-d0"/>
      </object_component>
      <object_component id="oc-533">
         <name>.text:split</name>
         <load_address>0x2894</load_address>
         <run_address>0x2894</run_address>
         <size>0x7c</size>
         <input_file_ref idref="fl-e3"/>
      </object_component>
      <object_component id="oc-a9">
         <name>.text</name>
         <load_address>0x2910</load_address>
         <run_address>0x2910</run_address>
         <size>0x7a</size>
         <input_file_ref idref="fl-ce"/>
      </object_component>
      <object_component id="oc-2f8">
         <name>.text:_nop</name>
         <load_address>0x298a</load_address>
         <run_address>0x298a</run_address>
         <size>0x2</size>
         <input_file_ref idref="fl-dc"/>
      </object_component>
      <object_component id="oc-17e">
         <name>.text:UARTStdioConfig</name>
         <load_address>0x298c</load_address>
         <run_address>0x298c</run_address>
         <size>0x74</size>
         <input_file_ref idref="fl-5"/>
      </object_component>
      <object_component id="oc-4f2">
         <name>.text:__TI_closefile</name>
         <load_address>0x2a00</load_address>
         <run_address>0x2a00</run_address>
         <size>0x74</size>
         <input_file_ref idref="fl-fe"/>
      </object_component>
      <object_component id="oc-3b8">
         <name>.text:_mcpy</name>
         <load_address>0x2a74</load_address>
         <run_address>0x2a74</run_address>
         <size>0x6e</size>
         <input_file_ref idref="fl-c6"/>
      </object_component>
      <object_component id="oc-377">
         <name>.text</name>
         <load_address>0x2ae2</load_address>
         <run_address>0x2ae2</run_address>
         <size>0x2</size>
         <input_file_ref idref="fl-ef"/>
      </object_component>
      <object_component id="oc-b5">
         <name>.text:main</name>
         <load_address>0x2ae4</load_address>
         <run_address>0x2ae4</run_address>
         <size>0x6e</size>
         <input_file_ref idref="fl-2"/>
      </object_component>
      <object_component id="oc-516">
         <name>.text:HOSTlseek</name>
         <load_address>0x2b54</load_address>
         <run_address>0x2b54</run_address>
         <size>0x68</size>
         <input_file_ref idref="fl-f5"/>
      </object_component>
      <object_component id="oc-522">
         <name>.text:HOSTrename</name>
         <load_address>0x2bbc</load_address>
         <run_address>0x2bbc</run_address>
         <size>0x68</size>
         <input_file_ref idref="fl-f8"/>
      </object_component>
      <object_component id="oc-270">
         <name>.text:IntEnable</name>
         <load_address>0x2c24</load_address>
         <run_address>0x2c24</run_address>
         <size>0x68</size>
         <input_file_ref idref="fl-c"/>
      </object_component>
      <object_component id="oc-13">
         <name>.text:decompress:lzss:__TI_decompress_lzss</name>
         <load_address>0x2c8c</load_address>
         <run_address>0x2c8c</run_address>
         <size>0x68</size>
         <input_file_ref idref="fl-da"/>
      </object_component>
      <object_component id="oc-112">
         <name>.text:printf</name>
         <load_address>0x2cf4</load_address>
         <run_address>0x2cf4</run_address>
         <size>0x68</size>
         <input_file_ref idref="fl-c5"/>
      </object_component>
      <object_component id="oc-29a">
         <name>.text:UARTwrite</name>
         <load_address>0x2d5c</load_address>
         <run_address>0x2d5c</run_address>
         <size>0x64</size>
         <input_file_ref idref="fl-5"/>
      </object_component>
      <object_component id="oc-3cd">
         <name>.text:frexp</name>
         <load_address>0x2dc0</load_address>
         <run_address>0x2dc0</run_address>
         <size>0x64</size>
         <input_file_ref idref="fl-cb"/>
      </object_component>
      <object_component id="oc-476">
         <name>.text:fseek</name>
         <load_address>0x2e24</load_address>
         <run_address>0x2e24</run_address>
         <size>0x64</size>
         <input_file_ref idref="fl-ee"/>
      </object_component>
      <object_component id="oc-106">
         <name>.text:init_timer_interrupt</name>
         <load_address>0x2e88</load_address>
         <run_address>0x2e88</run_address>
         <size>0x64</size>
         <input_file_ref idref="fl-2"/>
      </object_component>
      <object_component id="oc-404">
         <name>.text:__TI_wrt_ok</name>
         <load_address>0x2eec</load_address>
         <run_address>0x2eec</run_address>
         <size>0x62</size>
         <input_file_ref idref="fl-c9"/>
      </object_component>
      <object_component id="oc-4fe">
         <name>.text:HOSTopen</name>
         <load_address>0x2f50</load_address>
         <run_address>0x2f50</run_address>
         <size>0x60</size>
         <input_file_ref idref="fl-f6"/>
      </object_component>
      <object_component id="oc-1b1">
         <name>.text:TimerConfigure</name>
         <load_address>0x2fb0</load_address>
         <run_address>0x2fb0</run_address>
         <size>0x60</size>
         <input_file_ref idref="fl-e"/>
      </object_component>
      <object_component id="oc-53a">
         <name>.text:close</name>
         <load_address>0x3010</load_address>
         <run_address>0x3010</run_address>
         <size>0x5c</size>
         <input_file_ref idref="fl-104"/>
      </object_component>
      <object_component id="oc-191">
         <name>.text:GPIOIntTypeSet</name>
         <load_address>0x306c</load_address>
         <run_address>0x306c</run_address>
         <size>0x58</size>
         <input_file_ref idref="fl-b"/>
      </object_component>
      <object_component id="oc-50a">
         <name>.text:HOSTread</name>
         <load_address>0x30c4</load_address>
         <run_address>0x30c4</run_address>
         <size>0x58</size>
         <input_file_ref idref="fl-f7"/>
      </object_component>
      <object_component id="oc-510">
         <name>.text:HOSTwrite</name>
         <load_address>0x311c</load_address>
         <run_address>0x311c</run_address>
         <size>0x58</size>
         <input_file_ref idref="fl-fa"/>
      </object_component>
      <object_component id="oc-2c8">
         <name>.text:_pconv_f</name>
         <load_address>0x3174</load_address>
         <run_address>0x3174</run_address>
         <size>0x56</size>
         <input_file_ref idref="fl-c6"/>
      </object_component>
      <object_component id="oc-3a2">
         <name>.text:ltoa</name>
         <load_address>0x31ca</load_address>
         <run_address>0x31ca</run_address>
         <size>0x54</size>
         <input_file_ref idref="fl-e0"/>
      </object_component>
      <object_component id="oc-3b2">
         <name>.text:_ecpy</name>
         <load_address>0x321e</load_address>
         <run_address>0x321e</run_address>
         <size>0x52</size>
         <input_file_ref idref="fl-c6"/>
      </object_component>
      <object_component id="oc-16c">
         <name>.text:GPIOPinConfigure</name>
         <load_address>0x3270</load_address>
         <run_address>0x3270</run_address>
         <size>0x4c</size>
         <input_file_ref idref="fl-b"/>
      </object_component>
      <object_component id="oc-28f">
         <name>.text:_TimerIntNumberGet</name>
         <load_address>0x32bc</load_address>
         <run_address>0x32bc</run_address>
         <size>0x4c</size>
         <input_file_ref idref="fl-e"/>
      </object_component>
      <object_component id="oc-410">
         <name>.text:__TI_doflush</name>
         <load_address>0x3308</load_address>
         <run_address>0x3308</run_address>
         <size>0x4c</size>
         <input_file_ref idref="fl-ec"/>
      </object_component>
      <object_component id="oc-2b1">
         <name>.text:atoi</name>
         <load_address>0x3354</load_address>
         <run_address>0x3354</run_address>
         <size>0x4c</size>
         <input_file_ref idref="fl-dd"/>
      </object_component>
      <object_component id="oc-22f">
         <name>.text:_SysCtlFrequencyGet</name>
         <load_address>0x33a0</load_address>
         <run_address>0x33a0</run_address>
         <size>0x48</size>
         <input_file_ref idref="fl-d"/>
      </object_component>
      <object_component id="oc-125">
         <name>.text:exit</name>
         <load_address>0x33e8</load_address>
         <run_address>0x33e8</run_address>
         <size>0x48</size>
         <input_file_ref idref="fl-db"/>
      </object_component>
      <object_component id="oc-39d">
         <name>.text</name>
         <load_address>0x3430</load_address>
         <run_address>0x3430</run_address>
         <size>0x48</size>
         <input_file_ref idref="fl-d3"/>
      </object_component>
      <object_component id="oc-504">
         <name>.text:HOSTclose</name>
         <load_address>0x3478</load_address>
         <run_address>0x3478</run_address>
         <size>0x44</size>
         <input_file_ref idref="fl-f4"/>
      </object_component>
      <object_component id="oc-51c">
         <name>.text:HOSTunlink</name>
         <load_address>0x34bc</load_address>
         <run_address>0x34bc</run_address>
         <size>0x44</size>
         <input_file_ref idref="fl-f9"/>
      </object_component>
      <object_component id="oc-264">
         <name>.text:_GPIOIntNumberGet</name>
         <load_address>0x3500</load_address>
         <run_address>0x3500</run_address>
         <size>0x44</size>
         <input_file_ref idref="fl-b"/>
      </object_component>
      <object_component id="oc-12b">
         <name>.text:__TI_auto_init_nobinit_nopinit:__TI_auto_init_nobinit_nopinit</name>
         <load_address>0x3544</load_address>
         <run_address>0x3544</run_address>
         <size>0x44</size>
         <input_file_ref idref="fl-f0"/>
      </object_component>
      <object_component id="oc-572">
         <name>.text:getdevice</name>
         <load_address>0x3588</load_address>
         <run_address>0x3588</run_address>
         <size>0x44</size>
         <input_file_ref idref="fl-ff"/>
      </object_component>
      <object_component id="oc-fa">
         <name>.text:init_motor_ports_interrupts</name>
         <load_address>0x35cc</load_address>
         <run_address>0x35cc</run_address>
         <size>0x44</size>
         <input_file_ref idref="fl-4"/>
      </object_component>
      <object_component id="oc-f4">
         <name>.text:init_uart</name>
         <load_address>0x3610</load_address>
         <run_address>0x3610</run_address>
         <size>0x40</size>
         <input_file_ref idref="fl-2"/>
      </object_component>
      <object_component id="oc-2a0">
         <name>.text</name>
         <load_address>0x3650</load_address>
         <run_address>0x3650</run_address>
         <size>0x40</size>
         <input_file_ref idref="fl-d7"/>
      </object_component>
      <object_component id="oc-3c5">
         <name>.text:_fcpy</name>
         <load_address>0x3690</load_address>
         <run_address>0x3690</run_address>
         <size>0x3e</size>
         <input_file_ref idref="fl-c6"/>
      </object_component>
      <object_component id="oc-185">
         <name>.text:SysCtlPeripheralReady</name>
         <load_address>0x36d0</load_address>
         <run_address>0x36d0</run_address>
         <size>0x38</size>
         <input_file_ref idref="fl-d"/>
      </object_component>
      <object_component id="oc-54b">
         <name>.text:__TI_writemsg</name>
         <load_address>0x3708</load_address>
         <run_address>0x3708</run_address>
         <size>0x38</size>
         <input_file_ref idref="fl-fb"/>
      </object_component>
      <object_component id="oc-203">
         <name>.text</name>
         <load_address>0x3740</load_address>
         <run_address>0x3740</run_address>
         <size>0x38</size>
         <input_file_ref idref="fl-d4"/>
      </object_component>
      <object_component id="oc-594">
         <name>.text:strncpy</name>
         <load_address>0x3778</load_address>
         <run_address>0x3778</run_address>
         <size>0x36</size>
         <input_file_ref idref="fl-102"/>
      </object_component>
      <object_component id="oc-26a">
         <name>.text:IntRegister</name>
         <load_address>0x37b0</load_address>
         <run_address>0x37b0</run_address>
         <size>0x34</size>
         <input_file_ref idref="fl-c"/>
      </object_component>
      <object_component id="oc-166">
         <name>.text:SysCtlPeripheralEnable</name>
         <load_address>0x37e4</load_address>
         <run_address>0x37e4</run_address>
         <size>0x34</size>
         <input_file_ref idref="fl-d"/>
      </object_component>
      <object_component id="oc-4b5">
         <name>.text:__TI_cleanup</name>
         <load_address>0x3818</load_address>
         <run_address>0x3818</run_address>
         <size>0x34</size>
         <input_file_ref idref="fl-ed"/>
      </object_component>
      <object_component id="oc-551">
         <name>.text:__TI_readmsg</name>
         <load_address>0x384c</load_address>
         <run_address>0x384c</run_address>
         <size>0x34</size>
         <input_file_ref idref="fl-fb"/>
      </object_component>
      <object_component id="oc-6c">
         <name>.text:_c_int00_noargs:_c_int00_noargs</name>
         <load_address>0x3880</load_address>
         <run_address>0x3880</run_address>
         <size>0x34</size>
         <input_file_ref idref="fl-e8"/>
      </object_component>
      <object_component id="oc-1d5">
         <name>.text:timer_interrupt_handler</name>
         <load_address>0x38b4</load_address>
         <run_address>0x38b4</run_address>
         <size>0x34</size>
         <input_file_ref idref="fl-4"/>
      </object_component>
      <object_component id="oc-59a">
         <name>.text:finddevice</name>
         <load_address>0x38e8</load_address>
         <run_address>0x38e8</run_address>
         <size>0x30</size>
         <input_file_ref idref="fl-ff"/>
      </object_component>
      <object_component id="oc-3a8">
         <name>.text</name>
         <load_address>0x3918</load_address>
         <run_address>0x3918</run_address>
         <size>0x2e</size>
         <input_file_ref idref="fl-d5"/>
      </object_component>
      <object_component id="oc-246">
         <name>.text:GPIODirModeSet</name>
         <load_address>0x3946</load_address>
         <run_address>0x3946</run_address>
         <size>0x2c</size>
         <input_file_ref idref="fl-b"/>
      </object_component>
      <object_component id="oc-540">
         <name>.text:unlink</name>
         <load_address>0x3974</load_address>
         <run_address>0x3974</run_address>
         <size>0x2c</size>
         <input_file_ref idref="fl-105"/>
      </object_component>
      <object_component id="oc-4e4">
         <name>.text:free_list_insert</name>
         <load_address>0x39a0</load_address>
         <run_address>0x39a0</run_address>
         <size>0x28</size>
         <input_file_ref idref="fl-e3"/>
      </object_component>
      <object_component id="oc-4a1">
         <name>.text:lseek</name>
         <load_address>0x39c8</load_address>
         <run_address>0x39c8</run_address>
         <size>0x28</size>
         <input_file_ref idref="fl-fd"/>
      </object_component>
      <object_component id="oc-416">
         <name>.text:write</name>
         <load_address>0x39f0</load_address>
         <run_address>0x39f0</run_address>
         <size>0x28</size>
         <input_file_ref idref="fl-e6"/>
      </object_component>
      <object_component id="oc-10c">
         <name>.text:UARTprintf</name>
         <load_address>0x3a18</load_address>
         <run_address>0x3a18</run_address>
         <size>0x24</size>
         <input_file_ref idref="fl-5"/>
      </object_component>
      <object_component id="oc-229">
         <name>.text:_SysCtlMemTimingGet</name>
         <load_address>0x3a3c</load_address>
         <run_address>0x3a3c</run_address>
         <size>0x20</size>
         <input_file_ref idref="fl-d"/>
      </object_component>
      <object_component id="oc-40a">
         <name>.text:memchr</name>
         <load_address>0x3a5c</load_address>
         <run_address>0x3a5c</run_address>
         <size>0x20</size>
         <input_file_ref idref="fl-e2"/>
      </object_component>
      <object_component id="oc-4de">
         <name>.text:free_list_remove</name>
         <load_address>0x3a7c</load_address>
         <run_address>0x3a7c</run_address>
         <size>0x1c</size>
         <input_file_ref idref="fl-e3"/>
      </object_component>
      <object_component id="oc-2da">
         <name>.text:memccpy</name>
         <load_address>0x3a98</load_address>
         <run_address>0x3a98</run_address>
         <size>0x1c</size>
         <input_file_ref idref="fl-e1"/>
      </object_component>
      <object_component id="oc-45a">
         <name>.text:copysign</name>
         <load_address>0x3ab4</load_address>
         <run_address>0x3ab4</run_address>
         <size>0x1a</size>
         <input_file_ref idref="fl-eb"/>
      </object_component>
      <object_component id="oc-197">
         <name>.text:GPIOIntRegister</name>
         <load_address>0x3ace</load_address>
         <run_address>0x3ace</run_address>
         <size>0x18</size>
         <input_file_ref idref="fl-b"/>
      </object_component>
      <object_component id="oc-1ab">
         <name>.text:TimerDisable</name>
         <load_address>0x3ae8</load_address>
         <run_address>0x3ae8</run_address>
         <size>0x18</size>
         <input_file_ref idref="fl-e"/>
      </object_component>
      <object_component id="oc-1bd">
         <name>.text:TimerIntRegister</name>
         <load_address>0x3b00</load_address>
         <run_address>0x3b00</run_address>
         <size>0x18</size>
         <input_file_ref idref="fl-e"/>
      </object_component>
      <object_component id="oc-ee">
         <name>.text:init_clock</name>
         <load_address>0x3b18</load_address>
         <run_address>0x3b18</run_address>
         <size>0x18</size>
         <input_file_ref idref="fl-2"/>
      </object_component>
      <object_component id="oc-100">
         <name>.text:init_timer</name>
         <load_address>0x3b30</load_address>
         <run_address>0x3b30</run_address>
         <size>0x18</size>
         <input_file_ref idref="fl-2"/>
      </object_component>
      <object_component id="oc-5b1">
         <name>.text:strcmp</name>
         <load_address>0x3b48</load_address>
         <run_address>0x3b48</run_address>
         <size>0x18</size>
         <input_file_ref idref="fl-100"/>
      </object_component>
      <object_component id="oc-18b">
         <name>.text:GPIOPinTypeGPIOInput</name>
         <load_address>0x3b60</load_address>
         <run_address>0x3b60</run_address>
         <size>0x16</size>
         <input_file_ref idref="fl-b"/>
      </object_component>
      <object_component id="oc-172">
         <name>.text:GPIOPinTypeUART</name>
         <load_address>0x3b76</load_address>
         <run_address>0x3b76</run_address>
         <size>0x16</size>
         <input_file_ref idref="fl-b"/>
      </object_component>
      <object_component id="oc-3d9">
         <name>.text:strchr</name>
         <load_address>0x3b8c</load_address>
         <run_address>0x3b8c</run_address>
         <size>0x16</size>
         <input_file_ref idref="fl-e4"/>
      </object_component>
      <object_component id="oc-565">
         <name>.text:strcpy</name>
         <load_address>0x3ba2</load_address>
         <run_address>0x3ba2</run_address>
         <size>0x14</size>
         <input_file_ref idref="fl-101"/>
      </object_component>
      <object_component id="oc-2ab">
         <name>.text:strlen</name>
         <load_address>0x3bb6</load_address>
         <run_address>0x3bb6</run_address>
         <size>0x14</size>
         <input_file_ref idref="fl-e5"/>
      </object_component>
      <object_component id="oc-1b7">
         <name>.text:TimerLoadSet</name>
         <load_address>0x3bca</load_address>
         <run_address>0x3bca</run_address>
         <size>0x12</size>
         <input_file_ref idref="fl-e"/>
      </object_component>
      <object_component id="oc-2e0">
         <name>.text:wcslen</name>
         <load_address>0x3bdc</load_address>
         <run_address>0x3bdc</run_address>
         <size>0x12</size>
         <input_file_ref idref="fl-ea"/>
      </object_component>
      <object_component id="oc-278">
         <name>.text:GPIOIntStatus</name>
         <load_address>0x3bee</load_address>
         <run_address>0x3bee</run_address>
         <size>0xe</size>
         <input_file_ref idref="fl-b"/>
      </object_component>
      <object_component id="oc-1cf">
         <name>.text:TimerEnable</name>
         <load_address>0x3bfc</load_address>
         <run_address>0x3bfc</run_address>
         <size>0xe</size>
         <input_file_ref idref="fl-e"/>
      </object_component>
      <object_component id="oc-19">
         <name>.text:decompress:none:__TI_decompress_none</name>
         <load_address>0x3c0a</load_address>
         <run_address>0x3c0a</run_address>
         <size>0xe</size>
         <input_file_ref idref="fl-d9"/>
      </object_component>
      <object_component id="oc-19d">
         <name>.text:GPIOIntEnable</name>
         <load_address>0x3c18</load_address>
         <run_address>0x3c18</run_address>
         <size>0xc</size>
         <input_file_ref idref="fl-b"/>
      </object_component>
      <object_component id="oc-60">
         <name>.text:decompress:ZI:__TI_zero_init</name>
         <load_address>0x3c24</load_address>
         <run_address>0x3c24</run_address>
         <size>0xc</size>
         <input_file_ref idref="fl-d8"/>
      </object_component>
      <object_component id="oc-1c9">
         <name>.text:TimerIntEnable</name>
         <load_address>0x3c30</load_address>
         <run_address>0x3c30</run_address>
         <size>0x8</size>
         <input_file_ref idref="fl-e"/>
      </object_component>
      <object_component id="oc-2e6">
         <name>.text:__aeabi_errno_addr</name>
         <load_address>0x3c38</load_address>
         <run_address>0x3c38</run_address>
         <size>0x8</size>
         <input_file_ref idref="fl-e9"/>
      </object_component>
      <object_component id="oc-4af">
         <name>.text:malloc</name>
         <load_address>0x3c40</load_address>
         <run_address>0x3c40</run_address>
         <size>0x8</size>
         <input_file_ref idref="fl-e3"/>
      </object_component>
      <object_component id="oc-284">
         <name>.text:GPIOIntClear</name>
         <load_address>0x3c48</load_address>
         <run_address>0x3c48</run_address>
         <size>0x6</size>
         <input_file_ref idref="fl-b"/>
      </object_component>
      <object_component id="oc-27e">
         <name>.text:GPIOPinRead</name>
         <load_address>0x3c4e</load_address>
         <run_address>0x3c4e</run_address>
         <size>0x6</size>
         <input_file_ref idref="fl-b"/>
      </object_component>
      <object_component id="oc-28">
         <name>.text:ResetISR</name>
         <load_address>0x3c54</load_address>
         <run_address>0x3c54</run_address>
         <size>0x6</size>
         <input_file_ref idref="fl-3"/>
      </object_component>
      <object_component id="oc-1c3">
         <name>.text:TimerIntClear</name>
         <load_address>0x3c5a</load_address>
         <run_address>0x3c5a</run_address>
         <size>0x4</size>
         <input_file_ref idref="fl-e"/>
      </object_component>
      <object_component id="oc-1fb">
         <name>.text:_outc</name>
         <load_address>0x3c5e</load_address>
         <run_address>0x3c5e</run_address>
         <size>0x4</size>
         <input_file_ref idref="fl-c5"/>
      </object_component>
      <object_component id="oc-1f5">
         <name>.text:_outs</name>
         <load_address>0x3c62</load_address>
         <run_address>0x3c62</run_address>
         <size>0x4</size>
         <input_file_ref idref="fl-c5"/>
      </object_component>
      <object_component id="oc-af">
         <name>.text:_system_pre_init</name>
         <load_address>0x3c66</load_address>
         <run_address>0x3c66</run_address>
         <size>0x4</size>
         <input_file_ref idref="fl-f1"/>
      </object_component>
      <object_component id="oc-11f">
         <name>.text:abort:abort</name>
         <load_address>0x3c6a</load_address>
         <run_address>0x3c6a</run_address>
         <size>0x4</size>
         <input_file_ref idref="fl-db"/>
      </object_component>
      <object_component id="oc-238">
         <name>.const:g_pppui32XTALtoVCO</name>
         <load_address>0x3c70</load_address>
         <run_address>0x3c70</run_address>
         <size>0x1b0</size>
         <input_file_ref idref="fl-d"/>
      </object_component>
      <object_component id="oc-382">
         <name>.const:.string:_ctypes_</name>
         <load_address>0x3e20</load_address>
         <run_address>0x3e20</run_address>
         <size>0x101</size>
         <input_file_ref idref="fl-de"/>
      </object_component>
      <object_component id="oc-35d">
         <name>.const:g_ppui32GPIOIntMapSnowflake</name>
         <load_address>0x3f24</load_address>
         <run_address>0x3f24</run_address>
         <size>0xd8</size>
         <input_file_ref idref="fl-b"/>
      </object_component>
      <object_component id="oc-35a">
         <name>.const:g_ppui32GPIOIntMapBlizzard</name>
         <load_address>0x3ffc</load_address>
         <run_address>0x3ffc</run_address>
         <size>0xc0</size>
         <input_file_ref idref="fl-b"/>
      </object_component>
      <object_component id="oc-241">
         <name>.const:g_pui32GPIOBaseAddrs</name>
         <load_address>0x40bc</load_address>
         <run_address>0x40bc</run_address>
         <size>0x90</size>
         <input_file_ref idref="fl-b"/>
      </object_component>
      <object_component id="oc-235">
         <name>.const:g_pui32Xtals</name>
         <load_address>0x414c</load_address>
         <run_address>0x414c</run_address>
         <size>0x6c</size>
         <input_file_ref idref="fl-d"/>
      </object_component>
      <object_component id="oc-36f">
         <name>.const:g_ppui32TimerIntMap</name>
         <load_address>0x41b8</load_address>
         <run_address>0x41b8</run_address>
         <size>0x60</size>
         <input_file_ref idref="fl-e"/>
      </object_component>
      <object_component id="oc-372">
         <name>.const:g_ppui32TimerIntMapSnowflake</name>
         <load_address>0x4218</load_address>
         <run_address>0x4218</run_address>
         <size>0x40</size>
         <input_file_ref idref="fl-e"/>
      </object_component>
      <object_component id="oc-336">
         <name>.const:g_sXTALtoMEMTIM</name>
         <load_address>0x4258</load_address>
         <run_address>0x4258</run_address>
         <size>0x30</size>
         <input_file_ref idref="fl-d"/>
      </object_component>
      <object_component id="oc-366">
         <name>.const:g_pui32EnRegs</name>
         <load_address>0x4288</load_address>
         <run_address>0x4288</run_address>
         <size>0x14</size>
         <input_file_ref idref="fl-c"/>
      </object_component>
      <object_component id="oc-37d">
         <name>.const:.string</name>
         <load_address>0x429c</load_address>
         <run_address>0x429c</run_address>
         <size>0x12</size>
         <input_file_ref idref="fl-5"/>
      </object_component>
      <object_component id="oc-25d">
         <name>.const:g_ui32UARTBase</name>
         <load_address>0x42b0</load_address>
         <run_address>0x42b0</run_address>
         <size>0xc</size>
         <input_file_ref idref="fl-5"/>
      </object_component>
      <object_component id="oc-254">
         <name>.const:g_ui32UARTPeriph</name>
         <load_address>0x42bc</load_address>
         <run_address>0x42bc</run_address>
         <size>0xc</size>
         <input_file_ref idref="fl-5"/>
      </object_component>
      <object_component id="oc-23b">
         <name>.const:g_pui32VCOFrequencies</name>
         <load_address>0x42c8</load_address>
         <run_address>0x42c8</run_address>
         <size>0x8</size>
         <input_file_ref idref="fl-d"/>
      </object_component>
      <object_component id="oc-2a5">
         <name>.const</name>
         <load_address>0x42d0</load_address>
         <run_address>0x42d0</run_address>
         <size>0x4</size>
         <input_file_ref idref="fl-5"/>
      </object_component>
      <object_component id="oc-5ee">
         <name>.cinit..data.load</name>
         <load_address>0x42d8</load_address>
         <run_address>0x42d8</run_address>
         <size>0x72</size>
      </object_component>
      <object_component id="oc-5eb">
         <name>__TI_handler_table</name>
         <load_address>0x434c</load_address>
         <run_address>0x434c</run_address>
         <size>0xc</size>
      </object_component>
      <object_component id="oc-5ef">
         <name>.cinit..bss.load</name>
         <load_address>0x4358</load_address>
         <run_address>0x4358</run_address>
         <size>0x8</size>
      </object_component>
      <object_component id="oc-5ed">
         <name>.cinit..vtable.load</name>
         <load_address>0x4360</load_address>
         <run_address>0x4360</run_address>
         <size>0x8</size>
      </object_component>
      <object_component id="oc-5ec">
         <name>__TI_cinit_table</name>
         <load_address>0x4368</load_address>
         <run_address>0x4368</run_address>
         <size>0x18</size>
      </object_component>
      <object_component id="oc-361">
         <name>.vtable</name>
         <uninitialized>true</uninitialized>
         <run_address>0x20000000</run_address>
         <size>0x26c</size>
         <input_file_ref idref="fl-c"/>
      </object_component>
      <object_component id="oc-208">
         <name>.data</name>
         <load_address>0x20004828</load_address>
         <run_address>0x20004828</run_address>
         <size>0x18</size>
         <input_file_ref idref="fl-4"/>
      </object_component>
      <object_component id="oc-257">
         <name>.data</name>
         <load_address>0x2000486c</load_address>
         <run_address>0x2000486c</run_address>
         <size>0x5</size>
         <input_file_ref idref="fl-5"/>
      </object_component>
      <object_component id="oc-20d">
         <name>.data:$O1$$</name>
         <load_address>0x20004850</load_address>
         <run_address>0x20004850</run_address>
         <size>0xc</size>
         <input_file_ref idref="fl-db"/>
      </object_component>
      <object_component id="oc-1ef">
         <name>.data:$O1$$</name>
         <load_address>0x2000485c</load_address>
         <run_address>0x2000485c</run_address>
         <size>0x8</size>
         <input_file_ref idref="fl-dc"/>
      </object_component>
      <object_component id="oc-1f2">
         <name>.data:_ftable</name>
         <load_address>0x20004670</load_address>
         <run_address>0x20004670</run_address>
         <size>0xf0</size>
         <input_file_ref idref="fl-df"/>
      </object_component>
      <object_component id="oc-4f8">
         <name>.data</name>
         <load_address>0x20004840</load_address>
         <run_address>0x20004840</run_address>
         <size>0x10</size>
         <input_file_ref idref="fl-df"/>
      </object_component>
      <object_component id="oc-52e">
         <name>.data:$O1$$</name>
         <load_address>0x20004864</load_address>
         <run_address>0x20004864</run_address>
         <size>0x8</size>
         <input_file_ref idref="fl-e3"/>
      </object_component>
      <object_component id="oc-4c8">
         <name>.data:_device</name>
         <load_address>0x20004760</load_address>
         <run_address>0x20004760</run_address>
         <size>0x78</size>
         <input_file_ref idref="fl-e7"/>
      </object_component>
      <object_component id="oc-488">
         <name>.data:_stream</name>
         <load_address>0x200047d8</load_address>
         <run_address>0x200047d8</run_address>
         <size>0x50</size>
         <input_file_ref idref="fl-e7"/>
      </object_component>
      <object_component id="oc-3e9">
         <name>.data</name>
         <load_address>0x20004874</load_address>
         <run_address>0x20004874</run_address>
         <size>0x4</size>
         <input_file_ref idref="fl-e9"/>
      </object_component>
      <object_component id="oc-57c">
         <name>.bss:_CIOBUF_</name>
         <uninitialized>true</uninitialized>
         <run_address>0x20004878</run_address>
         <size>0x120</size>
         <input_file_ref idref="fl-fb"/>
      </object_component>
      <object_component id="oc-546">
         <name>.common:__TI_tmpnams</name>
         <uninitialized>true</uninitialized>
         <run_address>0x20004998</run_address>
         <size>0xa0</size>
      </object_component>
      <object_component id="oc-557">
         <name>.common:parmbuf</name>
         <uninitialized>true</uninitialized>
         <run_address>0x20004a38</run_address>
         <size>0x8</size>
      </object_component>
      <object_component id="oc-22">
         <name>.sysmem</name>
         <uninitialized>true</uninitialized>
         <run_address>0x20004270</run_address>
         <size>0x10</size>
         <input_file_ref idref="fl-e3"/>
      </object_component>
      <object_component id="oc-5f1">
         <name>.sysmem</name>
         <uninitialized>true</uninitialized>
         <run_address>0x20004270</run_address>
         <size>0x0</size>
      </object_component>
      <object_component id="oc-25">
         <name>.stack</name>
         <uninitialized>true</uninitialized>
         <run_address>0x20000270</run_address>
         <size>0x4</size>
         <input_file_ref idref="fl-e8"/>
      </object_component>
      <object_component id="oc-5f0">
         <name>.stack</name>
         <uninitialized>true</uninitialized>
         <run_address>0x20000270</run_address>
         <size>0x0</size>
      </object_component>
      <object_component id="oc-dd">
         <name>.debug_info</name>
         <load_address>0x0</load_address>
         <run_address>0x0</run_address>
         <size>0x65e</size>
         <input_file_ref idref="fl-2"/>
      </object_component>
      <object_component id="oc-f1">
         <name>.debug_info</name>
         <load_address>0x65e</load_address>
         <run_address>0x65e</run_address>
         <size>0x147</size>
         <input_file_ref idref="fl-2"/>
      </object_component>
      <object_component id="oc-101">
         <name>.debug_info</name>
         <load_address>0x7a5</load_address>
         <run_address>0x7a5</run_address>
         <size>0x151</size>
         <input_file_ref idref="fl-2"/>
      </object_component>
      <object_component id="oc-107">
         <name>.debug_info</name>
         <load_address>0x8f6</load_address>
         <run_address>0x8f6</run_address>
         <size>0x1ce</size>
         <input_file_ref idref="fl-2"/>
      </object_component>
      <object_component id="oc-f6">
         <name>.debug_info</name>
         <load_address>0xac4</load_address>
         <run_address>0xac4</run_address>
         <size>0x1bf</size>
         <input_file_ref idref="fl-2"/>
      </object_component>
      <object_component id="oc-b6">
         <name>.debug_info</name>
         <load_address>0xc83</load_address>
         <run_address>0xc83</run_address>
         <size>0x1ac</size>
         <input_file_ref idref="fl-2"/>
      </object_component>
      <object_component id="oc-8a">
         <name>.debug_info</name>
         <load_address>0xe2f</load_address>
         <run_address>0xe2f</run_address>
         <size>0x26b</size>
         <input_file_ref idref="fl-2"/>
      </object_component>
      <object_component id="oc-d8">
         <name>.debug_info</name>
         <load_address>0x109a</load_address>
         <run_address>0x109a</run_address>
         <size>0x8b</size>
         <input_file_ref idref="fl-2"/>
      </object_component>
      <object_component id="oc-d3">
         <name>.debug_info</name>
         <load_address>0x1125</load_address>
         <run_address>0x1125</run_address>
         <size>0x297</size>
         <input_file_ref idref="fl-2"/>
      </object_component>
      <object_component id="oc-33b">
         <name>.debug_info</name>
         <load_address>0x13bc</load_address>
         <run_address>0x13bc</run_address>
         <size>0xef</size>
         <input_file_ref idref="fl-2"/>
      </object_component>
      <object_component id="oc-8f">
         <name>.debug_info</name>
         <load_address>0x14ab</load_address>
         <run_address>0x14ab</run_address>
         <size>0xbb</size>
         <input_file_ref idref="fl-2"/>
      </object_component>
      <object_component id="oc-1e4">
         <name>.debug_info</name>
         <load_address>0x1566</load_address>
         <run_address>0x1566</run_address>
         <size>0x2c</size>
         <input_file_ref idref="fl-2"/>
      </object_component>
      <object_component id="oc-42">
         <name>.debug_info</name>
         <load_address>0x1592</load_address>
         <run_address>0x1592</run_address>
         <size>0x2ae</size>
         <input_file_ref idref="fl-3"/>
      </object_component>
      <object_component id="oc-11">
         <name>.debug_info</name>
         <load_address>0x1840</load_address>
         <run_address>0x1840</run_address>
         <size>0xed</size>
         <input_file_ref idref="fl-3"/>
      </object_component>
      <object_component id="oc-2b">
         <name>.debug_info</name>
         <load_address>0x192d</load_address>
         <run_address>0x192d</run_address>
         <size>0x11d</size>
         <input_file_ref idref="fl-3"/>
      </object_component>
      <object_component id="oc-2f">
         <name>.debug_info</name>
         <load_address>0x1a4a</load_address>
         <run_address>0x1a4a</run_address>
         <size>0x10b</size>
         <input_file_ref idref="fl-3"/>
      </object_component>
      <object_component id="oc-36">
         <name>.debug_info</name>
         <load_address>0x1b55</load_address>
         <run_address>0x1b55</run_address>
         <size>0x111</size>
         <input_file_ref idref="fl-3"/>
      </object_component>
      <object_component id="oc-3b">
         <name>.debug_info</name>
         <load_address>0x1c66</load_address>
         <run_address>0x1c66</run_address>
         <size>0x126</size>
         <input_file_ref idref="fl-3"/>
      </object_component>
      <object_component id="oc-49">
         <name>.debug_info</name>
         <load_address>0x1d8c</load_address>
         <run_address>0x1d8c</run_address>
         <size>0x84</size>
         <input_file_ref idref="fl-3"/>
      </object_component>
      <object_component id="oc-31e">
         <name>.debug_info</name>
         <load_address>0x1e10</load_address>
         <run_address>0x1e10</run_address>
         <size>0x4d7</size>
         <input_file_ref idref="fl-4"/>
      </object_component>
      <object_component id="oc-209">
         <name>.debug_info</name>
         <load_address>0x22e7</load_address>
         <run_address>0x22e7</run_address>
         <size>0x1fd</size>
         <input_file_ref idref="fl-4"/>
      </object_component>
      <object_component id="oc-fc">
         <name>.debug_info</name>
         <load_address>0x24e4</load_address>
         <run_address>0x24e4</run_address>
         <size>0x1c4</size>
         <input_file_ref idref="fl-4"/>
      </object_component>
      <object_component id="oc-1a5">
         <name>.debug_info</name>
         <load_address>0x26a8</load_address>
         <run_address>0x26a8</run_address>
         <size>0x186</size>
         <input_file_ref idref="fl-4"/>
      </object_component>
      <object_component id="oc-1d6">
         <name>.debug_info</name>
         <load_address>0x282e</load_address>
         <run_address>0x282e</run_address>
         <size>0x13d</size>
         <input_file_ref idref="fl-4"/>
      </object_component>
      <object_component id="oc-11b">
         <name>.debug_info</name>
         <load_address>0x296b</load_address>
         <run_address>0x296b</run_address>
         <size>0x160</size>
         <input_file_ref idref="fl-4"/>
      </object_component>
      <object_component id="oc-1e3">
         <name>.debug_info</name>
         <load_address>0x2acb</load_address>
         <run_address>0x2acb</run_address>
         <size>0x2a5</size>
         <input_file_ref idref="fl-5"/>
      </object_component>
      <object_component id="oc-25b">
         <name>.debug_info</name>
         <load_address>0x2d70</load_address>
         <run_address>0x2d70</run_address>
         <size>0xe6</size>
         <input_file_ref idref="fl-5"/>
      </object_component>
      <object_component id="oc-2a6">
         <name>.debug_info</name>
         <load_address>0x2e56</load_address>
         <run_address>0x2e56</run_address>
         <size>0xe0</size>
         <input_file_ref idref="fl-5"/>
      </object_component>
      <object_component id="oc-25e">
         <name>.debug_info</name>
         <load_address>0x2f36</load_address>
         <run_address>0x2f36</run_address>
         <size>0xee</size>
         <input_file_ref idref="fl-5"/>
      </object_component>
      <object_component id="oc-255">
         <name>.debug_info</name>
         <load_address>0x3024</load_address>
         <run_address>0x3024</run_address>
         <size>0xf2</size>
         <input_file_ref idref="fl-5"/>
      </object_component>
      <object_component id="oc-181">
         <name>.debug_info</name>
         <load_address>0x3116</load_address>
         <run_address>0x3116</run_address>
         <size>0x1f9</size>
         <input_file_ref idref="fl-5"/>
      </object_component>
      <object_component id="oc-29c">
         <name>.debug_info</name>
         <load_address>0x330f</load_address>
         <run_address>0x330f</run_address>
         <size>0x196</size>
         <input_file_ref idref="fl-5"/>
      </object_component>
      <object_component id="oc-258">
         <name>.debug_info</name>
         <load_address>0x34a5</load_address>
         <run_address>0x34a5</run_address>
         <size>0x1f5</size>
         <input_file_ref idref="fl-5"/>
      </object_component>
      <object_component id="oc-1de">
         <name>.debug_info</name>
         <load_address>0x369a</load_address>
         <run_address>0x369a</run_address>
         <size>0x2f6</size>
         <input_file_ref idref="fl-5"/>
      </object_component>
      <object_component id="oc-10d">
         <name>.debug_info</name>
         <load_address>0x3990</load_address>
         <run_address>0x3990</run_address>
         <size>0x161</size>
         <input_file_ref idref="fl-5"/>
      </object_component>
      <object_component id="oc-245">
         <name>.debug_info</name>
         <load_address>0x3af1</load_address>
         <run_address>0x3af1</run_address>
         <size>0x3e4</size>
         <input_file_ref idref="fl-b"/>
      </object_component>
      <object_component id="oc-35b">
         <name>.debug_info</name>
         <load_address>0x3ed5</load_address>
         <run_address>0x3ed5</run_address>
         <size>0x170</size>
         <input_file_ref idref="fl-b"/>
      </object_component>
      <object_component id="oc-35e">
         <name>.debug_info</name>
         <load_address>0x4045</load_address>
         <run_address>0x4045</run_address>
         <size>0x172</size>
         <input_file_ref idref="fl-b"/>
      </object_component>
      <object_component id="oc-242">
         <name>.debug_info</name>
         <load_address>0x41b7</load_address>
         <run_address>0x41b7</run_address>
         <size>0x164</size>
         <input_file_ref idref="fl-b"/>
      </object_component>
      <object_component id="oc-248">
         <name>.debug_info</name>
         <load_address>0x431b</load_address>
         <run_address>0x431b</run_address>
         <size>0x2bc</size>
         <input_file_ref idref="fl-b"/>
      </object_component>
      <object_component id="oc-24e">
         <name>.debug_info</name>
         <load_address>0x45d7</load_address>
         <run_address>0x45d7</run_address>
         <size>0x31f</size>
         <input_file_ref idref="fl-b"/>
      </object_component>
      <object_component id="oc-174">
         <name>.debug_info</name>
         <load_address>0x48f6</load_address>
         <run_address>0x48f6</run_address>
         <size>0x29b</size>
         <input_file_ref idref="fl-b"/>
      </object_component>
      <object_component id="oc-18c">
         <name>.debug_info</name>
         <load_address>0x4b91</load_address>
         <run_address>0x4b91</run_address>
         <size>0x2a5</size>
         <input_file_ref idref="fl-b"/>
      </object_component>
      <object_component id="oc-27f">
         <name>.debug_info</name>
         <load_address>0x4e36</load_address>
         <run_address>0x4e36</run_address>
         <size>0x284</size>
         <input_file_ref idref="fl-b"/>
      </object_component>
      <object_component id="oc-16d">
         <name>.debug_info</name>
         <load_address>0x50ba</load_address>
         <run_address>0x50ba</run_address>
         <size>0x289</size>
         <input_file_ref idref="fl-b"/>
      </object_component>
      <object_component id="oc-265">
         <name>.debug_info</name>
         <load_address>0x5343</load_address>
         <run_address>0x5343</run_address>
         <size>0x2a1</size>
         <input_file_ref idref="fl-b"/>
      </object_component>
      <object_component id="oc-192">
         <name>.debug_info</name>
         <load_address>0x55e4</load_address>
         <run_address>0x55e4</run_address>
         <size>0x2c4</size>
         <input_file_ref idref="fl-b"/>
      </object_component>
      <object_component id="oc-279">
         <name>.debug_info</name>
         <load_address>0x58a8</load_address>
         <run_address>0x58a8</run_address>
         <size>0x288</size>
         <input_file_ref idref="fl-b"/>
      </object_component>
      <object_component id="oc-198">
         <name>.debug_info</name>
         <load_address>0x5b30</load_address>
         <run_address>0x5b30</run_address>
         <size>0x2d8</size>
         <input_file_ref idref="fl-b"/>
      </object_component>
      <object_component id="oc-19e">
         <name>.debug_info</name>
         <load_address>0x5e08</load_address>
         <run_address>0x5e08</run_address>
         <size>0x298</size>
         <input_file_ref idref="fl-b"/>
      </object_component>
      <object_component id="oc-285">
         <name>.debug_info</name>
         <load_address>0x60a0</load_address>
         <run_address>0x60a0</run_address>
         <size>0x296</size>
         <input_file_ref idref="fl-b"/>
      </object_component>
      <object_component id="oc-365">
         <name>.debug_info</name>
         <load_address>0x6336</load_address>
         <run_address>0x6336</run_address>
         <size>0x3b7</size>
         <input_file_ref idref="fl-c"/>
      </object_component>
      <object_component id="oc-367">
         <name>.debug_info</name>
         <load_address>0x66ed</load_address>
         <run_address>0x66ed</run_address>
         <size>0x15b</size>
         <input_file_ref idref="fl-c"/>
      </object_component>
      <object_component id="oc-362">
         <name>.debug_info</name>
         <load_address>0x6848</load_address>
         <run_address>0x6848</run_address>
         <size>0x160</size>
         <input_file_ref idref="fl-c"/>
      </object_component>
      <object_component id="oc-26e">
         <name>.debug_info</name>
         <load_address>0x69a8</load_address>
         <run_address>0x69a8</run_address>
         <size>0x2ca</size>
         <input_file_ref idref="fl-c"/>
      </object_component>
      <object_component id="oc-274">
         <name>.debug_info</name>
         <load_address>0x6c72</load_address>
         <run_address>0x6c72</run_address>
         <size>0x271</size>
         <input_file_ref idref="fl-c"/>
      </object_component>
      <object_component id="oc-23f">
         <name>.debug_info</name>
         <load_address>0x6ee3</load_address>
         <run_address>0x6ee3</run_address>
         <size>0x441</size>
         <input_file_ref idref="fl-d"/>
      </object_component>
      <object_component id="oc-236">
         <name>.debug_info</name>
         <load_address>0x7324</load_address>
         <run_address>0x7324</run_address>
         <size>0x156</size>
         <input_file_ref idref="fl-d"/>
      </object_component>
      <object_component id="oc-239">
         <name>.debug_info</name>
         <load_address>0x747a</load_address>
         <run_address>0x747a</run_address>
         <size>0x162</size>
         <input_file_ref idref="fl-d"/>
      </object_component>
      <object_component id="oc-337">
         <name>.debug_info</name>
         <load_address>0x75dc</load_address>
         <run_address>0x75dc</run_address>
         <size>0x15c</size>
         <input_file_ref idref="fl-d"/>
      </object_component>
      <object_component id="oc-23c">
         <name>.debug_info</name>
         <load_address>0x7738</load_address>
         <run_address>0x7738</run_address>
         <size>0x169</size>
         <input_file_ref idref="fl-d"/>
      </object_component>
      <object_component id="oc-186">
         <name>.debug_info</name>
         <load_address>0x78a1</load_address>
         <run_address>0x78a1</run_address>
         <size>0x288</size>
         <input_file_ref idref="fl-d"/>
      </object_component>
      <object_component id="oc-167">
         <name>.debug_info</name>
         <load_address>0x7b29</load_address>
         <run_address>0x7b29</run_address>
         <size>0x286</size>
         <input_file_ref idref="fl-d"/>
      </object_component>
      <object_component id="oc-17a">
         <name>.debug_info</name>
         <load_address>0x7daf</load_address>
         <run_address>0x7daf</run_address>
         <size>0x2be</size>
         <input_file_ref idref="fl-d"/>
      </object_component>
      <object_component id="oc-22b">
         <name>.debug_info</name>
         <load_address>0x806d</load_address>
         <run_address>0x806d</run_address>
         <size>0x279</size>
         <input_file_ref idref="fl-d"/>
      </object_component>
      <object_component id="oc-231">
         <name>.debug_info</name>
         <load_address>0x82e6</load_address>
         <run_address>0x82e6</run_address>
         <size>0x2c3</size>
         <input_file_ref idref="fl-d"/>
      </object_component>
      <object_component id="oc-161">
         <name>.debug_info</name>
         <load_address>0x85a9</load_address>
         <run_address>0x85a9</run_address>
         <size>0x4a3</size>
         <input_file_ref idref="fl-d"/>
      </object_component>
      <object_component id="oc-348">
         <name>.debug_info</name>
         <load_address>0x8a4c</load_address>
         <run_address>0x8a4c</run_address>
         <size>0x51</size>
         <input_file_ref idref="fl-d"/>
      </object_component>
      <object_component id="oc-28c">
         <name>.debug_info</name>
         <load_address>0x8a9d</load_address>
         <run_address>0x8a9d</run_address>
         <size>0x3c7</size>
         <input_file_ref idref="fl-e"/>
      </object_component>
      <object_component id="oc-370">
         <name>.debug_info</name>
         <load_address>0x8e64</load_address>
         <run_address>0x8e64</run_address>
         <size>0x163</size>
         <input_file_ref idref="fl-e"/>
      </object_component>
      <object_component id="oc-373">
         <name>.debug_info</name>
         <load_address>0x8fc7</load_address>
         <run_address>0x8fc7</run_address>
         <size>0x175</size>
         <input_file_ref idref="fl-e"/>
      </object_component>
      <object_component id="oc-1b8">
         <name>.debug_info</name>
         <load_address>0x913c</load_address>
         <run_address>0x913c</run_address>
         <size>0x2c3</size>
         <input_file_ref idref="fl-e"/>
      </object_component>
      <object_component id="oc-290">
         <name>.debug_info</name>
         <load_address>0x93ff</load_address>
         <run_address>0x93ff</run_address>
         <size>0x2f4</size>
         <input_file_ref idref="fl-e"/>
      </object_component>
      <object_component id="oc-1be">
         <name>.debug_info</name>
         <load_address>0x96f3</load_address>
         <run_address>0x96f3</run_address>
         <size>0x2ed</size>
         <input_file_ref idref="fl-e"/>
      </object_component>
      <object_component id="oc-1ca">
         <name>.debug_info</name>
         <load_address>0x99e0</load_address>
         <run_address>0x99e0</run_address>
         <size>0x29d</size>
         <input_file_ref idref="fl-e"/>
      </object_component>
      <object_component id="oc-1c4">
         <name>.debug_info</name>
         <load_address>0x9c7d</load_address>
         <run_address>0x9c7d</run_address>
         <size>0x29b</size>
         <input_file_ref idref="fl-e"/>
      </object_component>
      <object_component id="oc-1d0">
         <name>.debug_info</name>
         <load_address>0x9f18</load_address>
         <run_address>0x9f18</run_address>
         <size>0x288</size>
         <input_file_ref idref="fl-e"/>
      </object_component>
      <object_component id="oc-1ac">
         <name>.debug_info</name>
         <load_address>0xa1a0</load_address>
         <run_address>0xa1a0</run_address>
         <size>0x28a</size>
         <input_file_ref idref="fl-e"/>
      </object_component>
      <object_component id="oc-1b3">
         <name>.debug_info</name>
         <load_address>0xa42a</load_address>
         <run_address>0xa42a</run_address>
         <size>0x295</size>
         <input_file_ref idref="fl-e"/>
      </object_component>
      <object_component id="oc-202">
         <name>.debug_info</name>
         <load_address>0xa6bf</load_address>
         <run_address>0xa6bf</run_address>
         <size>0x3e6</size>
         <input_file_ref idref="fl-c5"/>
      </object_component>
      <object_component id="oc-1fd">
         <name>.debug_info</name>
         <load_address>0xaaa5</load_address>
         <run_address>0xaaa5</run_address>
         <size>0x158</size>
         <input_file_ref idref="fl-c5"/>
      </object_component>
      <object_component id="oc-1f8">
         <name>.debug_info</name>
         <load_address>0xabfd</load_address>
         <run_address>0xabfd</run_address>
         <size>0x167</size>
         <input_file_ref idref="fl-c5"/>
      </object_component>
      <object_component id="oc-113">
         <name>.debug_info</name>
         <load_address>0xad64</load_address>
         <run_address>0xad64</run_address>
         <size>0x1ad</size>
         <input_file_ref idref="fl-c5"/>
      </object_component>
      <object_component id="oc-316">
         <name>.debug_info</name>
         <load_address>0xaf11</load_address>
         <run_address>0xaf11</run_address>
         <size>0xb2</size>
         <input_file_ref idref="fl-c5"/>
      </object_component>
      <object_component id="oc-2ed">
         <name>.debug_info</name>
         <load_address>0xafc3</load_address>
         <run_address>0xafc3</run_address>
[...]
      </symbol>
      <symbol id="sm-242">
         <name>GPIOIntClear</name>
         <value>0x3c49</value>
         <object_component_ref idref="oc-284"/>
      </symbol>
      <symbol id="sm-243">
         <name>GPIOPinTypeUART</name>
         <value>0x3b77</value>
         <object_component_ref idref="oc-172"/>
      </symbol>
      <symbol id="sm-244">
         <name>GPIOIntStatus</name>
         <value>0x3bef</value>
         <object_component_ref idref="oc-278"/>
      </symbol>
      <symbol id="sm-245">
         <name>GPIOPinRead</name>
         <value>0x3c4f</value>
         <object_component_ref idref="oc-27e"/>
      </symbol>
      <symbol id="sm-246">
         <name>GPIODirModeSet</name>
         <value>0x3947</value>
         <object_component_ref idref="oc-246"/>
      </symbol>
      <symbol id="sm-247">
         <name>GPIOPadConfigSet</name>
         <value>0x1755</value>
         <object_component_ref idref="oc-24c"/>
      </symbol>
      <symbol id="sm-278">
         <name>IntEnable</name>
         <value>0x2c25</value>
         <object_component_ref idref="oc-270"/>
      </symbol>
      <symbol id="sm-279">
         <name>IntRegister</name>
         <value>0x37b1</value>
         <object_component_ref idref="oc-26a"/>
      </symbol>
      <symbol id="sm-27a">
         <name>g_pfnRAMVectors</name>
         <value>0x20000000</value>
         <object_component_ref idref="oc-361"/>
      </symbol>
      <symbol id="sm-314">
         <name>SysCtlPeripheralEnable</name>
         <value>0x37e5</value>
         <object_component_ref idref="oc-166"/>
      </symbol>
      <symbol id="sm-315">
         <name>SysCtlClockGet</name>
         <value>0x1c59</value>
         <object_component_ref idref="oc-178"/>
      </symbol>
      <symbol id="sm-316">
         <name>SysCtlPeripheralReady</name>
         <value>0x36d1</value>
         <object_component_ref idref="oc-185"/>
      </symbol>
      <symbol id="sm-317">
         <name>SysCtlClockFreqSet</name>
         <value>0x11cd</value>
         <object_component_ref idref="oc-15f"/>
      </symbol>
      <symbol id="sm-37c">
         <name>TimerLoadSet</name>
         <value>0x3bcb</value>
         <object_component_ref idref="oc-1b7"/>
      </symbol>
      <symbol id="sm-37d">
         <name>TimerDisable</name>
         <value>0x3ae9</value>
         <object_component_ref idref="oc-1ab"/>
      </symbol>
      <symbol id="sm-37e">
         <name>TimerIntRegister</name>
         <value>0x3b01</value>
         <object_component_ref idref="oc-1bd"/>
      </symbol>
      <symbol id="sm-37f">
         <name>TimerEnable</name>
         <value>0x3bfd</value>
         <object_component_ref idref="oc-1cf"/>
      </symbol>
      <symbol id="sm-380">
         <name>TimerIntEnable</name>
         <value>0x3c31</value>
         <object_component_ref idref="oc-1c9"/>
      </symbol>
      <symbol id="sm-381">
         <name>TimerConfigure</name>
         <value>0x2fb1</value>
         <object_component_ref idref="oc-1b1"/>
      </symbol>
      <symbol id="sm-382">
         <name>TimerIntClear</name>
         <value>0x3c5b</value>
         <object_component_ref idref="oc-1c3"/>
      </symbol>
      <symbol id="sm-3af">
         <name>printf</name>
         <value>0x2cf5</value>
         <object_component_ref idref="oc-112"/>
      </symbol>
      <symbol id="sm-519">
         <name>__TI_printfi</name>
         <value>0x201</value>
         <object_component_ref idref="oc-1e9"/>
      </symbol>
      <symbol id="sm-52e">
         <name>putc</name>
         <value>0x26fd</value>
         <object_component_ref idref="oc-30d"/>
      </symbol>
      <symbol id="sm-52f">
         <name>fputc</name>
         <value>0x26fd</value>
         <object_component_ref idref="oc-30d"/>
      </symbol>
      <symbol id="sm-552">
         <name>fputs</name>
         <value>0x1d71</value>
         <object_component_ref idref="oc-306"/>
      </symbol>
      <symbol id="sm-56a">
         <name>__TI_wrt_ok</name>
         <value>0x2eed</value>
         <object_component_ref idref="oc-404"/>
      </symbol>
      <symbol id="sm-586">
         <name>setvbuf</name>
         <value>0x2379</value>
         <object_component_ref idref="oc-47c"/>
      </symbol>
      <symbol id="sm-5a6">
         <name>frexpl</name>
         <value>0x2dc1</value>
         <object_component_ref idref="oc-3cd"/>
      </symbol>
      <symbol id="sm-5a7">
         <name>frexp</name>
         <value>0x2dc1</value>
         <object_component_ref idref="oc-3cd"/>
      </symbol>
      <symbol id="sm-5c4">
         <name>scalbn</name>
         <value>0x1e85</value>
         <object_component_ref idref="oc-3d3"/>
      </symbol>
      <symbol id="sm-5c5">
         <name>scalbnl</name>
         <value>0x1e85</value>
         <object_component_ref idref="oc-3d3"/>
      </symbol>
      <symbol id="sm-5c6">
         <name>ldexpl</name>
         <value>0x1e85</value>
         <object_component_ref idref="oc-3d3"/>
      </symbol>
      <symbol id="sm-5c7">
         <name>ldexp</name>
         <value>0x1e85</value>
         <object_component_ref idref="oc-3d3"/>
      </symbol>
      <symbol id="sm-5d4">
         <name>__aeabi_uldivmod</name>
         <value>0x2667</value>
         <object_component_ref idref="oc-387"/>
      </symbol>
      <symbol id="sm-5e3">
         <name>__aeabi_memset</name>
         <value>0x2913</value>
         <object_component_ref idref="oc-a9"/>
      </symbol>
      <symbol id="sm-5e4">
         <name>memset</name>
         <value>0x2919</value>
         <object_component_ref idref="oc-a9"/>
      </symbol>
      <symbol id="sm-5e5">
         <name>__aeabi_memset8</name>
         <value>0x2913</value>
         <object_component_ref idref="oc-a9"/>
      </symbol>
      <symbol id="sm-5e6">
         <name>__aeabi_memset4</name>
         <value>0x2913</value>
         <object_component_ref idref="oc-a9"/>
      </symbol>
      <symbol id="sm-5e7">
         <name>__aeabi_memclr8</name>
         <value>0x2911</value>
         <object_component_ref idref="oc-a9"/>
      </symbol>
      <symbol id="sm-5e8">
         <name>__aeabi_memclr4</name>
         <value>0x2911</value>
         <object_component_ref idref="oc-a9"/>
      </symbol>
      <symbol id="sm-5e9">
         <name>__aeabi_memclr</name>
         <value>0x2911</value>
         <object_component_ref idref="oc-a9"/>
      </symbol>
      <symbol id="sm-600">
         <name>__aeabi_dsub</name>
         <value>0x159d</value>
         <object_component_ref idref="oc-3ad"/>
      </symbol>
      <symbol id="sm-601">
         <name>__aeabi_dadd</name>
         <value>0x15a7</value>
         <object_component_ref idref="oc-3ad"/>
      </symbol>
      <symbol id="sm-623">
         <name>__aeabi_cdcmpeq</name>
         <value>0x2789</value>
         <object_component_ref idref="oc-2bd"/>
      </symbol>
      <symbol id="sm-624">
         <name>__aeabi_cdcmple</name>
         <value>0x2789</value>
         <object_component_ref idref="oc-2bd"/>
      </symbol>
      <symbol id="sm-625">
         <name>__aeabi_cdrcmple</name>
         <value>0x280f</value>
         <object_component_ref idref="oc-398"/>
      </symbol>
      <symbol id="sm-639">
         <name>__aeabi_ddiv</name>
         <value>0x19fd</value>
         <object_component_ref idref="oc-393"/>
      </symbol>
      <symbol id="sm-644">
         <name>__aeabi_dmul</name>
         <value>0x20a1</value>
         <object_component_ref idref="oc-38e"/>
      </symbol>
      <symbol id="sm-64e">
         <name>__aeabi_d2iz</name>
         <value>0x3431</value>
         <object_component_ref idref="oc-39d"/>
      </symbol>
      <symbol id="sm-659">
         <name>__aeabi_f2d</name>
         <value>0x3741</value>
         <object_component_ref idref="oc-203"/>
      </symbol>
      <symbol id="sm-663">
         <name>__aeabi_i2d</name>
         <value>0x3919</value>
         <object_component_ref idref="oc-3a8"/>
      </symbol>
      <symbol id="sm-67e">
         <name>memcpy</name>
         <value>0x25cb</value>
         <object_component_ref idref="oc-4e"/>
      </symbol>
      <symbol id="sm-67f">
         <name>__aeabi_memcpy</name>
         <value>0x25cb</value>
         <object_component_ref idref="oc-4e"/>
      </symbol>
      <symbol id="sm-680">
         <name>__aeabi_memcpy8</name>
         <value>0x25cb</value>
         <object_component_ref idref="oc-4e"/>
      </symbol>
      <symbol id="sm-681">
         <name>__aeabi_memcpy4</name>
         <value>0x25cb</value>
         <object_component_ref idref="oc-4e"/>
      </symbol>
      <symbol id="sm-690">
         <name>__aeabi_uidivmod</name>
         <value>0x3651</value>
         <object_component_ref idref="oc-2a0"/>
      </symbol>
      <symbol id="sm-691">
         <name>__aeabi_uidiv</name>
         <value>0x3651</value>
         <object_component_ref idref="oc-2a0"/>
      </symbol>
      <symbol id="sm-6a3">
         <name>__TI_zero_init</name>
         <value>0x3c25</value>
         <object_component_ref idref="oc-60"/>
      </symbol>
      <symbol id="sm-6ba">
         <name>__TI_decompress_none</name>
         <value>0x3c0b</value>
         <object_component_ref idref="oc-19"/>
      </symbol>
      <symbol id="sm-6dd">
         <name>__TI_decompress_lzss</name>
         <value>0x2c8d</value>
         <object_component_ref idref="oc-13"/>
      </symbol>
      <symbol id="sm-703">
         <name>C$$EXIT</name>
         <value>0x3c6b</value>
         <object_component_ref idref="oc-11f"/>
      </symbol>
      <symbol id="sm-704">
         <name>abort</name>
         <value>0x3c6b</value>
         <object_component_ref idref="oc-11f"/>
      </symbol>
      <symbol id="sm-705">
         <name>__TI_dtors_ptr</name>
         <value>0x20004854</value>
         <object_component_ref idref="oc-20d"/>
      </symbol>
      <symbol id="sm-706">
         <name>__TI_cleanup_ptr</name>
         <value>0x20004850</value>
         <object_component_ref idref="oc-20d"/>
      </symbol>
      <symbol id="sm-707">
         <name>__TI_enable_exit_profile_output</name>
         <value>0x20004858</value>
         <object_component_ref idref="oc-20d"/>
      </symbol>
      <symbol id="sm-708">
         <name>exit</name>
         <value>0x33e9</value>
         <object_component_ref idref="oc-125"/>
      </symbol>
      <symbol id="sm-71d">
         <name>_nop</name>
         <value>0x298b</value>
         <object_component_ref idref="oc-2f8"/>
      </symbol>
      <symbol id="sm-71e">
         <name>_lock</name>
         <value>0x2000485c</value>
         <object_component_ref idref="oc-1ef"/>
      </symbol>
      <symbol id="sm-71f">
         <name>_unlock</name>
         <value>0x20004860</value>
         <object_component_ref idref="oc-1ef"/>
      </symbol>
      <symbol id="sm-735">
         <name>atoi</name>
         <value>0x3355</value>
         <object_component_ref idref="oc-2b1"/>
      </symbol>
      <symbol id="sm-740">
         <name>_ctypes_</name>
         <value>0x3e20</value>
         <object_component_ref idref="oc-382"/>
      </symbol>
      <symbol id="sm-755">
         <name>__TI_tmpnams</name>
         <value>0x20004998</value>
      </symbol>
      <symbol id="sm-756">
         <name>__aeabi_stdout</name>
         <value>0x20004848</value>
         <object_component_ref idref="oc-4f8"/>
      </symbol>
      <symbol id="sm-757">
         <name>__aeabi_stderr</name>
         <value>0x2000484c</value>
         <object_component_ref idref="oc-4f8"/>
      </symbol>
      <symbol id="sm-758">
         <name>__aeabi_stdin</name>
         <value>0x20004844</value>
         <object_component_ref idref="oc-4f8"/>
      </symbol>
      <symbol id="sm-759">
         <name>_ftable</name>
         <value>0x20004670</value>
         <object_component_ref idref="oc-1f2"/>
      </symbol>
      <symbol id="sm-75a">
         <name>__TI_ft_end</name>
         <value>0x20004840</value>
         <object_component_ref idref="oc-4f8"/>
      </symbol>
      <symbol id="sm-769">
         <name>ltoa</name>
         <value>0x31cb</value>
         <object_component_ref idref="oc-3a2"/>
      </symbol>
      <symbol id="sm-779">
         <name>memccpy</name>
         <value>0x3a99</value>
         <object_component_ref idref="oc-2da"/>
      </symbol>
      <symbol id="sm-789">
         <name>memchr</name>
         <value>0x3a5d</value>
         <object_component_ref idref="oc-40a"/>
      </symbol>
      <symbol id="sm-810">
         <name>_sys_memory</name>
         <value>0x20004270</value>
         <object_component_ref idref="oc-22"/>
      </symbol>
      <symbol id="sm-811">
         <name>free</name>
         <value>0x2291</value>
         <object_component_ref idref="oc-4a9"/>
      </symbol>
      <symbol id="sm-812">
         <name>memalign</name>
         <value>0x219d</value>
         <object_component_ref idref="oc-4eb"/>
      </symbol>
      <symbol id="sm-813">
         <name>malloc</name>
         <value>0x3c41</value>
         <object_component_ref idref="oc-4af"/>
      </symbol>
      <symbol id="sm-814">
         <name>aligned_alloc</name>
         <value>0x219d</value>
         <object_component_ref idref="oc-4eb"/>
      </symbol>
      <symbol id="sm-824">
         <name>strchr</name>
         <value>0x3b8d</value>
         <object_component_ref idref="oc-3d9"/>
      </symbol>
      <symbol id="sm-832">
         <name>strlen</name>
         <value>0x3bb7</value>
         <object_component_ref idref="oc-2ab"/>
      </symbol>
      <symbol id="sm-84c">
         <name>write</name>
         <value>0x39f1</value>
         <object_component_ref idref="oc-416"/>
      </symbol>
      <symbol id="sm-85d">
         <name>_stream</name>
         <value>0x200047d8</value>
         <object_component_ref idref="oc-488"/>
      </symbol>
      <symbol id="sm-85e">
         <name>_device</name>
         <value>0x20004760</value>
         <object_component_ref idref="oc-4c8"/>
      </symbol>
      <symbol id="sm-871">
         <name>__stack</name>
         <value>0x20000270</value>
         <object_component_ref idref="oc-25"/>
      </symbol>
      <symbol id="sm-872">
         <name>_c_int00_noargs</name>
         <value>0x3881</value>
         <object_component_ref idref="oc-6c"/>
      </symbol>
      <symbol id="sm-888">
         <name>__aeabi_errno_addr</name>
         <value>0x3c39</value>
         <object_component_ref idref="oc-2e6"/>
      </symbol>
      <symbol id="sm-889">
         <name>errno</name>
         <value>0x20004874</value>
         <object_component_ref idref="oc-3e9"/>
      </symbol>
      <symbol id="sm-8a2">
         <name>wcslen</name>
         <value>0x3bdd</value>
         <object_component_ref idref="oc-2e0"/>
      </symbol>
      <symbol id="sm-8ac">
         <name>copysign</name>
         <value>0x3ab5</value>
         <object_component_ref idref="oc-45a"/>
      </symbol>
      <symbol id="sm-8ad">
         <name>copysignl</name>
         <value>0x3ab5</value>
         <object_component_ref idref="oc-45a"/>
      </symbol>
      <symbol id="sm-8bd">
         <name>__TI_doflush</name>
         <value>0x3309</value>
         <object_component_ref idref="oc-410"/>
      </symbol>
      <symbol id="sm-8cd">
         <name>__TI_cleanup</name>
         <value>0x3819</value>
         <object_component_ref idref="oc-4b5"/>
      </symbol>
      <symbol id="sm-8df">
         <name>fseek</name>
         <value>0x2e25</value>
         <object_component_ref idref="oc-476"/>
      </symbol>
      <symbol id="sm-8e9">
         <name>__aeabi_idiv0</name>
         <value>0x2ae3</value>
         <object_component_ref idref="oc-377"/>
      </symbol>
      <symbol id="sm-8ea">
         <name>__aeabi_ldiv0</name>
         <value>0x2ae3</value>
         <object_component_ref idref="oc-377"/>
      </symbol>
      <symbol id="sm-912">
         <name>__TI_auto_init_nobinit_nopinit</name>
         <value>0x3545</value>
         <object_component_ref idref="oc-12b"/>
      </symbol>
      <symbol id="sm-91c">
         <name>_system_pre_init</name>
         <value>0x3c67</value>
         <object_component_ref idref="oc-af"/>
      </symbol>
      <symbol id="sm-92f">
         <name>HOSTclose</name>
         <value>0x3479</value>
         <object_component_ref idref="oc-504"/>
      </symbol>
      <symbol id="sm-940">
         <name>HOSTlseek</name>
         <value>0x2b55</value>
         <object_component_ref idref="oc-516"/>
      </symbol>
      <symbol id="sm-952">
         <name>parmbuf</name>
         <value>0x20004a38</value>
      </symbol>
      <symbol id="sm-953">
         <name>HOSTopen</name>
         <value>0x2f51</value>
         <object_component_ref idref="oc-4fe"/>
      </symbol>
      <symbol id="sm-964">
         <name>HOSTread</name>
         <value>0x30c5</value>
         <object_component_ref idref="oc-50a"/>
      </symbol>
      <symbol id="sm-975">
         <name>HOSTrename</name>
         <value>0x2bbd</value>
         <object_component_ref idref="oc-522"/>
      </symbol>
      <symbol id="sm-986">
         <name>HOSTunlink</name>
         <value>0x34bd</value>
         <object_component_ref idref="oc-51c"/>
      </symbol>
      <symbol id="sm-997">
         <name>HOSTwrite</name>
         <value>0x311d</value>
         <object_component_ref idref="oc-510"/>
      </symbol>
      <symbol id="sm-9bb">
         <name>__TI_readmsg</name>
         <value>0x384d</value>
         <object_component_ref idref="oc-551"/>
      </symbol>
      <symbol id="sm-9bc">
         <name>C$$IO$$</name>
         <value>0x3737</value>
         <object_component_ref idref="oc-54b"/>
      </symbol>
      <symbol id="sm-9bd">
         <name>__CIOBUF_</name>
         <value>0x20004878</value>
         <object_component_ref idref="oc-57c"/>
      </symbol>
      <symbol id="sm-9be">
         <name>__TI_writemsg</name>
         <value>0x3709</value>
         <object_component_ref idref="oc-54b"/>
      </symbol>
      <symbol id="sm-9cf">
         <name>lseek</name>
         <value>0x39c9</value>
         <object_component_ref idref="oc-4a1"/>
      </symbol>
      <symbol id="sm-9e4">
         <name>__TI_closefile</name>
         <value>0x2a01</value>
         <object_component_ref idref="oc-4f2"/>
      </symbol>
      <symbol id="sm-a07">
         <name>finddevice</name>
         <value>0x38e9</value>
         <object_component_ref idref="oc-59a"/>
      </symbol>
      <symbol id="sm-a08">
         <name>getdevice</name>
         <value>0x3589</value>
         <object_component_ref idref="oc-572"/>
      </symbol>
      <symbol id="sm-a17">
         <name>strcmp</name>
         <value>0x3b49</value>
         <object_component_ref idref="oc-5b1"/>
      </symbol>
      <symbol id="sm-a25">
         <name>strcpy</name>
         <value>0x3ba3</value>
         <object_component_ref idref="oc-565"/>
      </symbol>
      <symbol id="sm-a35">
         <name>strncpy</name>
         <value>0x3779</value>
         <object_component_ref idref="oc-594"/>
      </symbol>
      <symbol id="sm-a4a">
         <name>close</name>
         <value>0x3011</value>
         <object_component_ref idref="oc-53a"/>
      </symbol>
      <symbol id="sm-a5a">
         <name>unlink</name>
         <value>0x3975</value>
         <object_component_ref idref="oc-540"/>
      </symbol>
      <symbol id="sm-a5b">
         <name>__TI_static_base__</name>
         <value>0x0</value>
      </symbol>
      <symbol id="sm-a5e">
         <name>__mpu_init</name>
         <value>0x0</value>
      </symbol>
      <symbol id="sm-a5f">
         <name>_system_post_cinit</name>
         <value>0x0</value>
      </symbol>
      <symbol id="sm-a60">
         <name>remove</name>
         <value>0x3975</value>
      </symbol>
   </symbol_table>
   <title>Link successful</title>
</link_info>
