******************************************************************************
                  TI ARM Linker PC v18.12.2                    
******************************************************************************
>> Linked Tue Dec  9 13:27:28 2025

OUTPUT FILE NAME:   <project0.out>
ENTRY POINT SYMBOL: "_c_int00_noargs"  address: 00005261


MEMORY CONFIGURATION

         name            origin    length      used     unused   attr    fill
----------------------  --------  ---------  --------  --------  ----  --------
  FLASH                 00000000   00100000  00005ff8  000fa008  R  X
  SRAM                  20000000   00040000  000042ac  0003bd54  RW X


SEGMENT ALLOCATION MAP

run origin  load origin   length   init length attrs members
----------  ----------- ---------- ----------- ----- -------
00000000    00000000    00005ff8   00005ff8    r-x
  00000000    00000000    00000200   00000200    r-- .intvecs
  00000200    00000200    00005490   00005490    r-x .text
  00005690    00005690    00000918   00000918    r-- .const
  00005fa8    00005fa8    00000050   00000050    r-- .cinit
20000000    20000000    000042b0   00000000    rw-
  20000000    20000000    0000026c   00000000    rw- .vtable
  20000270    20000270    00004000   00000000    rw- .stack
  20004270    20004270    00000038   00000000    rw- .data
  200042a8    200042a8    00000008   00000000    rw- .bss


SECTION ALLOCATION MAP

 output                                  attributes/
section   page    origin      length       input sections
--------  ----  ----------  ----------   ----------------
.intvecs   0    00000000    00000200     
                  00000000    00000200     startup_ccs.obj (.intvecs)

.text      0    00000200    00005490     
                  00000200    00000a4e     rtsv7M4_T_le_v4SPD16_eabi.lib : _printfi.c.obj (.text:__TI_printfi)
                  00000c4e    00000002     startup_ccs.obj (.text:FaultISR)
                  00000c50    00000738     rtsv7M4_T_le_v4SPD16_eabi.lib : k_rem_pio2.c.obj (.text:__kernel_rem_pio2)
                  00001388    000005dc                                   : s_cos.c.obj (.text:cos)
                  00001964    000005c4                                   : s_sin.c.obj (.text:sin)
                  00001f28    000003ac     display.obj (.text:bresenham_ticks)
                  000022d4    0000030c     uartstdio.obj (.text:UARTvprintf)
                  000025e0    00000270     rtsv7M4_T_le_v4SPD16_eabi.lib : _printfi.c.obj (.text:_pconv_a)
                  00002850    00000200     driverlib.lib : sysctl.obj (.text:SysCtlClockFreqSet)
                  00002a50    000001d0     rtsv7M4_T_le_v4SPD16_eabi.lib : _printfi.c.obj (.text:_pconv_g)
                  00002c20    000001b6                                   : fd_add_t2.asm.obj (.text)
                  00002dd6    00000002     startup_ccs.obj (.text:IntDefaultHandler)
                  00002dd8    000001a4     tacho.obj (.text:calc_speed_dir)
                  00002f7c    0000018c     display.obj (.text:draw_odometer)
                  00003108    00000174     rtsv7M4_T_le_v4SPD16_eabi.lib : k_sin.c.obj (.text:__kernel_sin)
                  0000327c    00000170     display.obj (.text:bresenham_needle)
                  000033ec    0000016c     driverlib.lib : gpio.obj (.text:GPIOPadConfigSet)
                  00003558    0000016c     rtsv7M4_T_le_v4SPD16_eabi.lib : k_cos.c.obj (.text:__kernel_cos)
                  000036c4    00000160     display.obj (.text:configure_display_controller_large)
                  00003824    0000013c     rtsv7M4_T_le_v4SPD16_eabi.lib : _printfi.c.obj (.text:_pconv_e)
                  00003960    00000136                                   : fd_div_t2.asm.obj (.text)
                  00003a96    00000002     startup_ccs.obj (.text:NmiSR)
                  00003a98    00000124     rtsv7M4_T_le_v4SPD16_eabi.lib : _printfi.c.obj (.text:fcvt)
                  00003bbc    00000110                                   : s_scalbn.c.obj (.text:scalbn)
                  00003ccc    00000108     display.obj (.text:rasterArc)
                  00003dd4    00000104     tacho.obj (.text:motor_interrupt_handler)
                  00003ed8    000000fc     rtsv7M4_T_le_v4SPD16_eabi.lib : fd_mul_t2.asm.obj (.text)
                  00003fd4    000000f8                                   : s_floor.c.obj (.text:floor)
                  000040cc    000000b1                                   : _printfi.c.obj (.text:_ltostr)
                  0000417d    00000001     --HOLE-- [fill = 0]
                  0000417e    000000aa     display.obj (.text:bresenham)
                  00004228    0000009c     rtsv7M4_T_le_v4SPD16_eabi.lib : memcpy_t2.asm.obj (.text)
                  000042c4    00000096                                   : ull_div_t2.asm.obj (.text)
                  0000435a    00000002                                   : div0.asm.obj (.text)
                  0000435c    00000090     display.obj (.text:draw_digit_tacho)
                  000043ec    00000088     project0.obj (.text:main)
                  00004474    00000086     rtsv7M4_T_le_v4SPD16_eabi.lib : fd_cmp_t2.asm.obj (.text:__aeabi_cdcmple)
                  000044fa    00000086                                   : fd_cmp_t2.asm.obj (.text:__aeabi_cdrcmple)
                  00004580    00000084     display.obj (.text:draw_char_dir)
                  00004604    00000084     display.obj (.text:draw_char_km)
                  00004688    0000007c     display.obj (.text:fill_rect)
                  00004704    0000007a     rtsv7M4_T_le_v4SPD16_eabi.lib : memset_t2.asm.obj (.text)
                  0000477e    00000002     --HOLE-- [fill = 0]
                  00004780    00000074     uartstdio.obj (.text:UARTStdioConfig)
                  000047f4    0000006e     rtsv7M4_T_le_v4SPD16_eabi.lib : _printfi.c.obj (.text:_mcpy)
                  00004862    0000006e                                   : fd_tos_t2.asm.obj (.text)
                  000048d0    00000068     driverlib.lib : interrupt.obj (.text:IntEnable)
                  00004938    00000068     rtsv7M4_T_le_v4SPD16_eabi.lib : copy_decompress_lzss.c.obj (.text:decompress:lzss:__TI_decompress_lzss)
                  000049a0    00000064     uartstdio.obj (.text:UARTwrite)
                  00004a04    00000064     display.obj (.text:draw_direction)
                  00004a68    00000064     rtsv7M4_T_le_v4SPD16_eabi.lib : s_frexp.c.obj (.text:frexp)
                  00004acc    00000060     driverlib.lib : timer.obj (.text:TimerConfigure)
                  00004b2c    00000060     tacho.obj (.text:init_motor_ports_interrupts)
                  00004b8c    00000060     tacho.obj (.text:init_timer_interrupt)
                  00004bec    0000005e     display.obj (.text:window_set)
                  00004c4a    00000058     driverlib.lib : gpio.obj (.text:GPIOIntTypeSet)
                  00004ca2    00000002     --HOLE-- [fill = 0]
                  00004ca4    00000057     display.obj (.text:draw_number_tacho)
                  00004cfb    00000001     --HOLE-- [fill = 0]
                  00004cfc    00000056     rtsv7M4_T_le_v4SPD16_eabi.lib : _printfi.c.obj (.text:_pconv_f)
                  00004d52    00000054                                   : ltoa.c.obj (.text:ltoa)
                  00004da6    00000052                                   : _printfi.c.obj (.text:_ecpy)
                  00004df8    0000004c     driverlib.lib : gpio.obj (.text:GPIOPinConfigure)
                  00004e44    0000004c                   : timer.obj (.text:_TimerIntNumberGet)
                  00004e90    0000004c     rtsv7M4_T_le_v4SPD16_eabi.lib : atoi.c.obj (.text:atoi)
                  00004edc    0000004c     project0.obj (.text:init_uart)
                  00004f28    0000004c     rtsv7M4_T_le_v4SPD16_eabi.lib : snprintf.c.obj (.text:snprintf)
                  00004f74    00000048     driverlib.lib : sysctl.obj (.text:_SysCtlFrequencyGet)
                  00004fbc    00000048     rtsv7M4_T_le_v4SPD16_eabi.lib : fd_toi_t2.asm.obj (.text)
                  00005004    00000044     driverlib.lib : gpio.obj (.text:_GPIOIntNumberGet)
                  00005048    00000044     rtsv7M4_T_le_v4SPD16_eabi.lib : autoinit.c.obj (.text:__TI_auto_init_nobinit_nopinit:__TI_auto_init_nobinit_nopinit)
                  0000508c    00000044     display.obj (.text:init_ports_display)
                  000050d0    00000040     rtsv7M4_T_le_v4SPD16_eabi.lib : u_divt2.asm.obj (.text)
                  00005110    0000003e                                   : _printfi.c.obj (.text:_fcpy)
                  0000514e    0000003a     display.obj (.text:draw_pixel_single)
                  00005188    00000038     driverlib.lib : sysctl.obj (.text:SysCtlPeripheralReady)
                  000051c0    00000038     rtsv7M4_T_le_v4SPD16_eabi.lib : fs_tod_t2.asm.obj (.text)
                  000051f8    00000034     driverlib.lib : interrupt.obj (.text:IntRegister)
                  0000522c    00000034                   : sysctl.obj (.text:SysCtlPeripheralEnable)
                  00005260    00000034     rtsv7M4_T_le_v4SPD16_eabi.lib : boot_cortex_m.c.obj (.text:_c_int00_noargs:_c_int00_noargs)
                  00005294    00000030                                   : snprintf.c.obj (.text:_outs)
                  000052c4    00000030     project0.obj (.text:init_timer)
                  000052f4    00000030     tacho.obj (.text:timer_interrupt_handler)
                  00005324    0000002e     rtsv7M4_T_le_v4SPD16_eabi.lib : i_tofd_t2.asm.obj (.text)
                  00005352    0000002c     driverlib.lib : gpio.obj (.text:GPIODirModeSet)
                  0000537e    00000002     --HOLE-- [fill = 0]
                  00005380    00000028     display.obj (.text:write_command)
                  000053a8    00000028     display.obj (.text:write_data)
                  000053d0    00000024     driverlib.lib : interrupt.obj (.text:IntPrioritySet)
                  000053f4    00000024     uartstdio.obj (.text:UARTprintf)
                  00005418    00000020     driverlib.lib : sysctl.obj (.text:_SysCtlMemTimingGet)
                  00005438    00000020     rtsv7M4_T_le_v4SPD16_eabi.lib : u_tofd_t2.asm.obj (.text)
                  00005458    0000001c                                   : copy_zero_init.c.obj (.text:decompress:ZI:__TI_zero_init_nomemset:__TI_zero_init_nomemset)
                  00005474    0000001c     project0.obj (.text:init_clock)
                  00005490    0000001c     rtsv7M4_T_le_v4SPD16_eabi.lib : memccpy.c.obj (.text:memccpy)
                  000054ac    0000001a     driverlib.lib : gpio.obj (.text:GPIOPinTypeGPIOOutput)
                  000054c6    0000001a     rtsv7M4_T_le_v4SPD16_eabi.lib : s_copysign.c.obj (.text:copysign)
                  000054e0    00000018     driverlib.lib : gpio.obj (.text:GPIOIntRegister)
                  000054f8    00000018                   : timer.obj (.text:TimerDisable)
                  00005510    00000018                   : timer.obj (.text:TimerIntRegister)
                  00005528    00000018     rtsv7M4_T_le_v4SPD16_eabi.lib : snprintf.c.obj (.text:_outc)
                  00005540    00000018     display.obj (.text:reset_background)
                  00005558    00000016     driverlib.lib : gpio.obj (.text:GPIOPinTypeGPIOInput)
                  0000556e    00000016                   : gpio.obj (.text:GPIOPinTypeUART)
                  00005584    00000016     rtsv7M4_T_le_v4SPD16_eabi.lib : strchr.c.obj (.text:strchr)
                  0000559a    00000014     display.obj (.text:draw_arc)
                  000055ae    00000014     display.obj (.text:draw_bresenham)
                  000055c2    00000014     rtsv7M4_T_le_v4SPD16_eabi.lib : strlen.c.obj (.text:strlen)
                  000055d6    00000012     driverlib.lib : timer.obj (.text:TimerLoadSet)
                  000055e8    00000012     rtsv7M4_T_le_v4SPD16_eabi.lib : wcslen.c.obj (.text:wcslen)
                  000055fa    00000010     driverlib.lib : interrupt.obj (.text:IntMasterEnable)
                  0000560a    00000010     display.obj (.text:draw_bresenham_ticks)
                  0000561a    0000000e     driverlib.lib : gpio.obj (.text:GPIOIntStatus)
                  00005628    0000000e                   : timer.obj (.text:TimerEnable)
                  00005636    0000000e     rtsv7M4_T_le_v4SPD16_eabi.lib : copy_decompress_none.c.obj (.text:decompress:none:__TI_decompress_none)
                  00005644    0000000c     driverlib.lib : cpu.obj (.text:CPUcpsie)
                  00005650    0000000c                   : gpio.obj (.text:GPIOIntEnable)
                  0000565c    00000008                   : timer.obj (.text:TimerIntEnable)
                  00005664    00000008     rtsv7M4_T_le_v4SPD16_eabi.lib : errno.c.obj (.text:__aeabi_errno_addr)
                  0000566c    00000006     driverlib.lib : gpio.obj (.text:GPIOIntClear)
                  00005672    00000006                   : gpio.obj (.text:GPIOPinRead)
                  00005678    00000006     startup_ccs.obj (.text:ResetISR)
                  0000567e    00000006     driverlib.lib : sysctl.obj (.text:SysCtlDelay)
                  00005684    00000004                   : timer.obj (.text:TimerIntClear)
                  00005688    00000004     rtsv7M4_T_le_v4SPD16_eabi.lib : pre_init.c.obj (.text:_system_pre_init)
                  0000568c    00000004                                   : exit.c.obj (.text:abort:abort)

.const     0    00005690    00000918     
                  00005690    000001b0     driverlib.lib : sysctl.obj (.const:g_pppui32XTALtoVCO)
                  00005840    00000158     rtsv7M4_T_le_v4SPD16_eabi.lib : k_rem_pio2.c.obj (.const:$O1$$)
                  00005998    00000101                                   : ctype.c.obj (.const:.string:_ctypes_)
                  00005a99    00000003     --HOLE-- [fill = 0]
                  00005a9c    000000d8     driverlib.lib : gpio.obj (.const:g_ppui32GPIOIntMapSnowflake)
                  00005b74    000000c0                   : gpio.obj (.const:g_ppui32GPIOIntMapBlizzard)
                  00005c34    0000009c                   : interrupt.obj (.const:g_pui32Regs)
                  00005cd0    00000090                   : gpio.obj (.const:g_pui32GPIOBaseAddrs)
                  00005d60    00000078     display.obj (.const:digit_tacho)
                  00005dd8    0000006c     driverlib.lib : sysctl.obj (.const:g_pui32Xtals)
                  00005e44    00000060                   : timer.obj (.const:g_ppui32TimerIntMap)
                  00005ea4    00000040                   : timer.obj (.const:g_ppui32TimerIntMapSnowflake)
                  00005ee4    00000030     display.obj (.const:char_kmh)
                  00005f14    00000030     driverlib.lib : sysctl.obj (.const:g_sXTALtoMEMTIM)
                  00005f44    00000018     display.obj (.const:char_dir)
                  00005f5c    00000014     driverlib.lib : interrupt.obj (.const:g_pui32EnRegs)
                  00005f70    00000012     uartstdio.obj (.const:.string)
                  00005f82    00000002     --HOLE-- [fill = 0]
                  00005f84    0000000c     uartstdio.obj (.const:g_ui32UARTBase)
                  00005f90    0000000c     uartstdio.obj (.const:g_ui32UARTPeriph)
                  00005f9c    00000008     driverlib.lib : sysctl.obj (.const:g_pui32VCOFrequencies)
                  00005fa4    00000004     uartstdio.obj (.const)

.cinit     0    00005fa8    00000050     
                  00005fa8    00000016     (.cinit..data.load) [load image, compression = lzss]
                  00005fbe    00000002     --HOLE-- [fill = 0]
                  00005fc0    0000000c     (__TI_handler_table)
                  00005fcc    00000004     --HOLE-- [fill = 0]
                  00005fd0    00000008     (.cinit..bss.load) [load image, compression = zero_init]
                  00005fd8    00000008     (.cinit..vtable.load) [load image, compression = zero_init]
                  00005fe0    00000018     (__TI_cinit_table)

.init_array 
*          0    00000000    00000000     UNINITIALIZED

.vtable    0    20000000    0000026c     UNINITIALIZED
                  20000000    0000026c     driverlib.lib : interrupt.obj (.vtable)

.data      0    20004270    00000038     UNINITIALIZED
                  20004270    00000020     tacho.obj (.data)
                  20004290    0000000c     display.obj (.data)
                  2000429c    00000005     uartstdio.obj (.data)
                  200042a1    00000003     --HOLE--
                  200042a4    00000004     rtsv7M4_T_le_v4SPD16_eabi.lib : errno.c.obj (.data)

.bss       0    200042a8    00000008     UNINITIALIZED
                  200042a8    00000004     (.common:sysclk)
                  200042ac    00000004     (.common:window_timer_period)

.stack     0    20000270    00004000     UNINITIALIZED
                  20000270    00000004     rtsv7M4_T_le_v4SPD16_eabi.lib : boot_cortex_m.c.obj (.stack)
                  20000274    00003ffc     --HOLE--

.binit     0    00000000    00000000     

MODULE SUMMARY

       Module                       code    ro data   rw data
       ------                       ----    -------   -------
    .\
       display.obj                  3589    192       12     
       uartstdio.obj                1032    46        5      
       tacho.obj                    920     0         32     
       startup_ccs.obj              12      512       0      
       project0.obj                 288     0         8      
    +--+----------------------------+-------+---------+---------+
       Total:                       5841    750       57     
                                                             
    C:/ti/TivaWare_C_Series-2.2.0.295/driverlib/ccs/Debug/driverlib.lib
       sysctl.obj                   730     596       0      
       gpio.obj                     772     552       0      
       interrupt.obj                208     176       620    
       timer.obj                    264     160       0      
       cpu.obj                      12      0         0      
    +--+----------------------------+-------+---------+---------+
       Total:                       1986    1484      620    
                                                             
    C:\ti\ti-cgt-arm_18.12.2.LTS\lib\rtsv7M4_T_le_v4SPD16_eabi.lib
       _printfi.c.obj               4851    0         0      
       k_rem_pio2.c.obj             1848    344       0      
       s_cos.c.obj                  1500    0         0      
       s_sin.c.obj                  1476    0         0      
       fd_add_t2.asm.obj            438     0         0      
       k_sin.c.obj                  372     0         0      
       k_cos.c.obj                  364     0         0      
       fd_div_t2.asm.obj            310     0         0      
       s_scalbn.c.obj               272     0         0      
       fd_cmp_t2.asm.obj            268     0         0      
       ctype.c.obj                  0       257       0      
       fd_mul_t2.asm.obj            252     0         0      
       s_floor.c.obj                248     0         0      
       memcpy_t2.asm.obj            156     0         0      
       ull_div_t2.asm.obj           150     0         0      
       snprintf.c.obj               148     0         0      
       memset_t2.asm.obj            122     0         0      
       fd_tos_t2.asm.obj            110     0         0      
       copy_decompress_lzss.c.obj   104     0         0      
       s_frexp.c.obj                100     0         0      
       ltoa.c.obj                   84      0         0      
       atoi.c.obj                   76      0         0      
       fd_toi_t2.asm.obj            72      0         0      
       autoinit.c.obj               68      0         0      
       u_divt2.asm.obj              64      0         0      
       fs_tod_t2.asm.obj            56      0         0      
       boot_cortex_m.c.obj          52      0         0      
       i_tofd_t2.asm.obj            46      0         0      
       u_tofd_t2.asm.obj            32      0         0      
       copy_zero_init.c.obj         28      0         0      
       memccpy.c.obj                28      0         0      
       s_copysign.c.obj             26      0         0      
       strchr.c.obj                 22      0         0      
       strlen.c.obj                 20      0         0      
       wcslen.c.obj                 18      0         0      
       copy_decompress_none.c.obj   14      0         0      
       errno.c.obj                  8       0         4      
       exit.c.obj                   4       0         0      
       pre_init.c.obj               4       0         0      
       div0.asm.obj                 2       0         0      
    +--+----------------------------+-------+---------+---------+
       Total:                       13813   601       4      
                                                             
       Stack:                       0       0         16384  
       Linker Generated:            0       74        0      
    +--+----------------------------+-------+---------+---------+
       Grand Total:                 21640   2909      17065  


LINKER GENERATED COPY TABLES

__TI_cinit_table @ 00005fe0 records: 3, size/record: 8, table size: 24
	.data: load addr=00005fa8, load size=00000016 bytes, run addr=20004270, run size=00000038 bytes, compression=lzss
	.bss: load addr=00005fd0, load size=00000008 bytes, run addr=200042a8, run size=00000008 bytes, compression=zero_init
	.vtable: load addr=00005fd8, load size=00000008 bytes, run addr=20000000, run size=0000026c bytes, compression=zero_init


LINKER GENERATED HANDLER TABLE

__TI_handler_table @ 00005fc0 records: 3, size/record: 4, table size: 12
	index: 0, handler: __TI_zero_init
	index: 1, handler: __TI_decompress_lzss
	index: 2, handler: __TI_decompress_none


GLOBAL SYMBOLS: SORTED ALPHABETICALLY BY Name 

address   name                              
-------   ----                              
0000568d  C$$EXIT                           
00005645  CPUcpsie                          
00005353  GPIODirModeSet                    
0000566d  GPIOIntClear                      
00005651  GPIOIntEnable                     
000054e1  GPIOIntRegister                   
0000561b  GPIOIntStatus                     
00004c4b  GPIOIntTypeSet                    
000033ed  GPIOPadConfigSet                  
00004df9  GPIOPinConfigure                  
00005673  GPIOPinRead                       
00005559  GPIOPinTypeGPIOInput              
000054ad  GPIOPinTypeGPIOOutput             
0000556f  GPIOPinTypeUART                   
000048d1  IntEnable                         
000055fb  IntMasterEnable                   
000053d1  IntPrioritySet                    
000051f9  IntRegister                       
00005679  ResetISR                          
00002851  SysCtlClockFreqSet                
0000567f  SysCtlDelay                       
0000522d  SysCtlPeripheralEnable            
00005189  SysCtlPeripheralReady             
00004acd  TimerConfigure                    
000054f9  TimerDisable                      
00005629  TimerEnable                       
00005685  TimerIntClear                     
0000565d  TimerIntEnable                    
00005511  TimerIntRegister                  
000055d7  TimerLoadSet                      
00004781  UARTStdioConfig                   
000053f5  UARTprintf                        
000022d5  UARTvprintf                       
000049a1  UARTwrite                         
20004270  __STACK_END                       
00004000  __STACK_SIZE                      
20000370  __STACK_TOP                       
00005fe0  __TI_CINIT_Base                   
00005ff8  __TI_CINIT_Limit                  
00005fc0  __TI_Handler_Table_Base           
00005fcc  __TI_Handler_Table_Limit          
00005049  __TI_auto_init_nobinit_nopinit    
00004939  __TI_decompress_lzss              
00005637  __TI_decompress_none              
ffffffff  __TI_pprof_out_hndl               
00000201  __TI_printfi                      
ffffffff  __TI_prof_data_size               
ffffffff  __TI_prof_data_start              
00000000  __TI_static_base__                
00005459  __TI_zero_init_nomemset           
00004475  __aeabi_cdcmpeq                   
00004475  __aeabi_cdcmple                   
000044fb  __aeabi_cdrcmple                  
00004863  __aeabi_d2f                       
00004fbd  __aeabi_d2iz                      
00002c2b  __aeabi_dadd                      
00003961  __aeabi_ddiv                      
00003ed9  __aeabi_dmul                      
00002c21  __aeabi_dsub                      
00005665  __aeabi_errno_addr                
000051c1  __aeabi_f2d                       
00005325  __aeabi_i2d                       
0000435b  __aeabi_idiv0                     
0000435b  __aeabi_ldiv0                     
00004705  __aeabi_memclr                    
00004705  __aeabi_memclr4                   
00004705  __aeabi_memclr8                   
00004229  __aeabi_memcpy                    
00004229  __aeabi_memcpy4                   
00004229  __aeabi_memcpy8                   
00004707  __aeabi_memset                    
00004707  __aeabi_memset4                   
00004707  __aeabi_memset8                   
00005439  __aeabi_ui2d                      
000050d1  __aeabi_uidiv                     
000050d1  __aeabi_uidivmod                  
000042c5  __aeabi_uldivmod                  
ffffffff  __binit__                         
ffffffff  __c_args__                        
00003559  __kernel_cos                      
00000c51  __kernel_rem_pio2                 
00003109  __kernel_sin                      
UNDEFED   __mpu_init                        
20000270  __stack                           
00005261  _c_int00_noargs                   
00005998  _ctypes_                          
UNDEFED   _system_post_cinit                
00005689  _system_pre_init                  
0000568d  abort                             
00004e91  atoi                              
ffffffff  binit                             
0000417f  bresenham                         
0000327d  bresenham_needle                  
00001f29  bresenham_ticks                   
20004288  calc_flag                         
00002dd9  calc_speed_dir                    
000036c5  configure_display_controller_large
000054c7  copysign                          
000054c7  copysignl                         
00001389  cos                               
00001389  cosl                              
20004280  count                             
20004278  directionForwards                 
2000428c  distance_total                    
0000559b  draw_arc                          
000055af  draw_bresenham                    
0000560b  draw_bresenham_ticks              
00004581  draw_char_dir                     
00004605  draw_char_km                      
0000435d  draw_digit_tacho                  
00004a05  draw_direction                    
00004ca5  draw_number_tacho                 
00002f7d  draw_odometer                     
0000514f  draw_pixel_single                 
20004270  edgeCountWindowS1                 
200042a4  errno                             
00004689  fill_rect                         
00003fd5  floor                             
00003fd5  floorl                            
00004a69  frexp                             
00004a69  frexpl                            
20000000  g_pfnRAMVectors                   
00000000  g_pfnVectors                      
00005475  init_clock                        
00004b2d  init_motor_ports_interrupts       
0000508d  init_ports_display                
000052c5  init_timer                        
00004b8d  init_timer_interrupt              
00004edd  init_uart                         
00003bbd  ldexp                             
00003bbd  ldexpl                            
00004d53  ltoa                              
000043ed  main                              
00005491  memccpy                           
00004229  memcpy                            
0000470d  memset                            
00003dd5  motor_interrupt_handler           
20004279  prevS1                            
2000427a  prevS2                            
20004294  prev_x1                           
20004298  prev_y1                           
00003ccd  rasterArc                         
00005541  reset_background                  
20004274  rpm                               
00003bbd  scalbn                            
00003bbd  scalbnl                           
00001965  sin                               
00001965  sinl                              
00004f29  snprintf                          
20004284  speed                             
00005585  strchr                            
000055c3  strlen                            
200042a8  sysclk                            
2000427b  thisS1                            
2000427c  thisS2                            
000052f5  timer_interrupt_handler           
000055e9  wcslen                            
00004bed  window_set                        
200042ac  window_timer_period               
00005381  write_command                     
000053a9  write_data                        


GLOBAL SYMBOLS: SORTED BY Symbol Address 

address   name                              
-------   ----                              
00000000  __TI_static_base__                
00000000  g_pfnVectors                      
00000201  __TI_printfi                      
00000c51  __kernel_rem_pio2                 
00001389  cos                               
00001389  cosl                              
00001965  sin                               
00001965  sinl                              
00001f29  bresenham_ticks                   
000022d5  UARTvprintf                       
00002851  SysCtlClockFreqSet                
00002c21  __aeabi_dsub                      
00002c2b  __aeabi_dadd                      
00002dd9  calc_speed_dir                    
00002f7d  draw_odometer                     
00003109  __kernel_sin                      
0000327d  bresenham_needle                  
000033ed  GPIOPadConfigSet                  
00003559  __kernel_cos                      
000036c5  configure_display_controller_large
00003961  __aeabi_ddiv                      
00003bbd  ldexp                             
00003bbd  ldexpl                            
00003bbd  scalbn                            
00003bbd  scalbnl                           
00003ccd  rasterArc                         
00003dd5  motor_interrupt_handler           
00003ed9  __aeabi_dmul                      
00003fd5  floor                             
00003fd5  floorl                            
00004000  __STACK_SIZE                      
0000417f  bresenham                         
00004229  __aeabi_memcpy                    
00004229  __aeabi_memcpy4                   
00004229  __aeabi_memcpy8                   
00004229  memcpy                            
000042c5  __aeabi_uldivmod                  
0000435b  __aeabi_idiv0                     
0000435b  __aeabi_ldiv0                     
0000435d  draw_digit_tacho                  
000043ed  main                              
00004475  __aeabi_cdcmpeq                   
00004475  __aeabi_cdcmple                   
000044fb  __aeabi_cdrcmple                  
00004581  draw_char_dir                     
00004605  draw_char_km                      
00004689  fill_rect                         
00004705  __aeabi_memclr                    
00004705  __aeabi_memclr4                   
00004705  __aeabi_memclr8                   
00004707  __aeabi_memset                    
00004707  __aeabi_memset4                   
00004707  __aeabi_memset8                   
0000470d  memset                            
00004781  UARTStdioConfig                   
00004863  __aeabi_d2f                       
000048d1  IntEnable                         
00004939  __TI_decompress_lzss              
000049a1  UARTwrite                         
00004a05  draw_direction                    
00004a69  frexp                             
00004a69  frexpl                            
00004acd  TimerConfigure                    
00004b2d  init_motor_ports_interrupts       
00004b8d  init_timer_interrupt              
00004bed  window_set                        
00004c4b  GPIOIntTypeSet                    
00004ca5  draw_number_tacho                 
00004d53  ltoa                              
00004df9  GPIOPinConfigure                  
00004e91  atoi                              
00004edd  init_uart                         
00004f29  snprintf                          
00004fbd  __aeabi_d2iz                      
00005049  __TI_auto_init_nobinit_nopinit    
0000508d  init_ports_display                
000050d1  __aeabi_uidiv                     
000050d1  __aeabi_uidivmod                  
0000514f  draw_pixel_single                 
00005189  SysCtlPeripheralReady             
000051c1  __aeabi_f2d                       
000051f9  IntRegister                       
0000522d  SysCtlPeripheralEnable            
00005261  _c_int00_noargs                   
000052c5  init_timer                        
000052f5  timer_interrupt_handler           
00005325  __aeabi_i2d                       
00005353  GPIODirModeSet                    
00005381  write_command                     
000053a9  write_data                        
000053d1  IntPrioritySet                    
000053f5  UARTprintf                        
00005439  __aeabi_ui2d                      
00005459  __TI_zero_init_nomemset           
00005475  init_clock                        
00005491  memccpy                           
000054ad  GPIOPinTypeGPIOOutput             
000054c7  copysign                          
000054c7  copysignl                         
000054e1  GPIOIntRegister                   
000054f9  TimerDisable                      
00005511  TimerIntRegister                  
00005541  reset_background                  
00005559  GPIOPinTypeGPIOInput              
0000556f  GPIOPinTypeUART                   
00005585  strchr                            
0000559b  draw_arc                          
000055af  draw_bresenham                    
000055c3  strlen                            
000055d7  TimerLoadSet                      
000055e9  wcslen                            
000055fb  IntMasterEnable                   
0000560b  draw_bresenham_ticks              
0000561b  GPIOIntStatus                     
00005629  TimerEnable                       
00005637  __TI_decompress_none              
00005645  CPUcpsie                          
00005651  GPIOIntEnable                     
0000565d  TimerIntEnable                    
00005665  __aeabi_errno_addr                
0000566d  GPIOIntClear                      
00005673  GPIOPinRead                       
00005679  ResetISR                          
0000567f  SysCtlDelay                       
00005685  TimerIntClear                     
00005689  _system_pre_init                  
0000568d  C$$EXIT                           
0000568d  abort                             
00005998  _ctypes_                          
00005fc0  __TI_Handler_Table_Base           
00005fcc  __TI_Handler_Table_Limit          
00005fe0  __TI_CINIT_Base                   
00005ff8  __TI_CINIT_Limit                  
20000000  g_pfnRAMVectors                   
20000270  __stack                           
20000370  __STACK_TOP                       
20004270  __STACK_END                       
20004270  edgeCountWindowS1                 
20004274  rpm                               
20004278  directionForwards                 
20004279  prevS1                            
2000427a  prevS2                            
2000427b  thisS1                            
2000427c  thisS2                            
20004280  count                             
20004284  speed                             
20004288  calc_flag                         
2000428c  distance_total                    
20004294  prev_x1                           
20004298  prev_y1                           
200042a4  errno                             
200042a8  sysclk                            
200042ac  window_timer_period               
ffffffff  __TI_pprof_out_hndl               
ffffffff  __TI_prof_data_size               
ffffffff  __TI_prof_data_start              
ffffffff  __binit__                         
ffffffff  __c_args__                        
ffffffff  binit                             
UNDEFED   __mpu_init                        
UNDEFED   _system_post_cinit                

[161 symbols]
