******************************************************************************
                  TI ARM Linker PC v18.12.2                    
******************************************************************************
>> Linked Sun Nov  9 20:16:40 2025

OUTPUT FILE NAME:   <project0.out>
ENTRY POINT SYMBOL: "_c_int00_noargs"  address: 000035a5


MEMORY CONFIGURATION

         name            origin    length      used     unused   attr    fill
----------------------  --------  ---------  --------  --------  ----  --------
  FLASH                 00000000   00100000  0000405c  000fbfa4  R  X
  SRAM                  20000000   00040000  000042c0  0003bd40  RW X


SEGMENT ALLOCATION MAP

run origin  load origin   length   init length attrs members
----------  ----------- ---------- ----------- ----- -------
00000000    00000000    00004060   00004060    r-x
  00000000    00000000    00000200   00000200    r-- .intvecs
  00000200    00000200    00003710   00003710    r-x .text
  00003910    00003910    000006f4   000006f4    r-- .const
  00004008    00004008    00000058   00000058    r-- .cinit
20000000    20000000    000042c4   00000000    rw-
  20000000    20000000    0000026c   00000000    rw- .vtable
  20000270    20000270    00004000   00000000    rw- .stack
  20004270    20004270    0000004c   00000000    rw- .data
  200042bc    200042bc    00000008   00000000    rw- .bss


SECTION ALLOCATION MAP

 output                                  attributes/
section   page    origin      length       input sections
--------  ----  ----------  ----------   ----------------
.intvecs   0    00000000    00000200     
                  00000000    00000200     startup_ccs.obj (.intvecs)

.text      0    00000200    00003710     
                  00000200    00000a4e     rtsv7M4_T_le_v4SPD16_eabi.lib : _printfi.c.obj (.text:__TI_printfi)
                  00000c4e    00000002     startup_ccs.obj (.text:FaultISR)
                  00000c50    0000030c     uartstdio.obj (.text:UARTvprintf)
                  00000f5c    00000270     rtsv7M4_T_le_v4SPD16_eabi.lib : _printfi.c.obj (.text:_pconv_a)
                  000011cc    00000200     driverlib.lib : sysctl.obj (.text:SysCtlClockFreqSet)
                  000013cc    000001d0     rtsv7M4_T_le_v4SPD16_eabi.lib : _printfi.c.obj (.text:_pconv_g)
                  0000159c    000001b6                                   : fd_add_t2.asm.obj (.text)
                  00001752    00000002     startup_ccs.obj (.text:IntDefaultHandler)
                  00001754    000001a4     tacho.obj (.text:calc_speed_dir)
                  000018f8    0000016c     driverlib.lib : gpio.obj (.text:GPIOPadConfigSet)
                  00001a64    00000160     display.obj (.text:configure_display_controller_large)
                  00001bc4    00000140     display.obj (.text:draw_odometer)
                  00001d04    0000013c     rtsv7M4_T_le_v4SPD16_eabi.lib : _printfi.c.obj (.text:_pconv_e)
                  00001e40    00000136                                   : fd_div_t2.asm.obj (.text)
                  00001f76    00000002     startup_ccs.obj (.text:NmiSR)
                  00001f78    00000124     rtsv7M4_T_le_v4SPD16_eabi.lib : _printfi.c.obj (.text:fcvt)
                  0000209c    00000110     tacho.obj (.text:motor_interrupt_handler)
                  000021ac    00000110     rtsv7M4_T_le_v4SPD16_eabi.lib : s_scalbn.c.obj (.text:scalbn)
                  000022bc    000000fc                                   : fd_mul_t2.asm.obj (.text)
                  000023b8    000000ee     display.obj (.text:draw_gauge_ticks)
                  000024a6    00000002     rtsv7M4_T_le_v4SPD16_eabi.lib : div0.asm.obj (.text)
                  000024a8    000000c4     display.obj (.text:draw_needle_gauge)
                  0000256c    000000b1     rtsv7M4_T_le_v4SPD16_eabi.lib : _printfi.c.obj (.text:_ltostr)
                  0000261d    00000001     --HOLE-- [fill = 0]
                  0000261e    0000009c                                   : memcpy_t2.asm.obj (.text)
                  000026ba    00000096                                   : ull_div_t2.asm.obj (.text)
                  00002750    00000094     project0.obj (.text:main)
                  000027e4    00000090     display.obj (.text:draw_digit_tacho)
                  00002874    00000086     rtsv7M4_T_le_v4SPD16_eabi.lib : fd_cmp_t2.asm.obj (.text:__aeabi_cdcmple)
                  000028fa    00000086                                   : fd_cmp_t2.asm.obj (.text:__aeabi_cdrcmple)
                  00002980    00000084     display.obj (.text:draw_char_dir)
                  00002a04    0000007c     display.obj (.text:fill_rect)
                  00002a80    0000007a     rtsv7M4_T_le_v4SPD16_eabi.lib : memset_t2.asm.obj (.text)
                  00002afa    00000002     --HOLE-- [fill = 0]
                  00002afc    00000074     uartstdio.obj (.text:UARTStdioConfig)
                  00002b70    0000006e     rtsv7M4_T_le_v4SPD16_eabi.lib : _printfi.c.obj (.text:_mcpy)
                  00002bde    00000002     --HOLE-- [fill = 0]
                  00002be0    00000068     driverlib.lib : interrupt.obj (.text:IntEnable)
                  00002c48    00000068     rtsv7M4_T_le_v4SPD16_eabi.lib : copy_decompress_lzss.c.obj (.text:decompress:lzss:__TI_decompress_lzss)
                  00002cb0    00000064     uartstdio.obj (.text:UARTwrite)
                  00002d14    00000064     rtsv7M4_T_le_v4SPD16_eabi.lib : s_frexp.c.obj (.text:frexp)
                  00002d78    00000060     driverlib.lib : timer.obj (.text:TimerConfigure)
                  00002dd8    00000060     display.obj (.text:draw_direction)
                  00002e38    0000005e     display.obj (.text:window_set)
                  00002e96    00000058     driverlib.lib : gpio.obj (.text:GPIOIntTypeSet)
                  00002eee    00000002     --HOLE-- [fill = 0]
                  00002ef0    00000058     tacho.obj (.text:init_motor_ports_interrupts)
                  00002f48    00000058     project0.obj (.text:init_timer_interrupt)
                  00002fa0    00000057     display.obj (.text:draw_number_tacho)
                  00002ff7    00000001     --HOLE-- [fill = 0]
                  00002ff8    00000056     rtsv7M4_T_le_v4SPD16_eabi.lib : _printfi.c.obj (.text:_pconv_f)
                  0000304e    00000054                                   : ltoa.c.obj (.text:ltoa)
                  000030a2    00000052                                   : _printfi.c.obj (.text:_ecpy)
                  000030f4    0000004c     driverlib.lib : gpio.obj (.text:GPIOPinConfigure)
                  00003140    0000004c                   : timer.obj (.text:_TimerIntNumberGet)
                  0000318c    0000004c     rtsv7M4_T_le_v4SPD16_eabi.lib : atoi.c.obj (.text:atoi)
                  000031d8    0000004c     project0.obj (.text:init_uart)
                  00003224    0000004c     rtsv7M4_T_le_v4SPD16_eabi.lib : snprintf.c.obj (.text:snprintf)
                  00003270    00000048     driverlib.lib : sysctl.obj (.text:_SysCtlFrequencyGet)
                  000032b8    00000048     rtsv7M4_T_le_v4SPD16_eabi.lib : fd_toi_t2.asm.obj (.text)
                  00003300    00000044     driverlib.lib : gpio.obj (.text:_GPIOIntNumberGet)
                  00003344    00000044     rtsv7M4_T_le_v4SPD16_eabi.lib : autoinit.c.obj (.text:__TI_auto_init_nobinit_nopinit:__TI_auto_init_nobinit_nopinit)
                  00003388    00000044     display.obj (.text:init_ports_display)
                  000033cc    00000042     display.obj (.text:draw_pixel)
                  0000340e    00000040     rtsv7M4_T_le_v4SPD16_eabi.lib : u_divt2.asm.obj (.text)
                  0000344e    0000003e                                   : _printfi.c.obj (.text:_fcpy)
                  0000348c    0000003c     tacho.obj (.text:timer_interrupt_handler)
                  000034c8    0000003a     display.obj (.text:draw_pixel_single)
                  00003502    00000002     --HOLE-- [fill = 0]
                  00003504    00000038     driverlib.lib : sysctl.obj (.text:SysCtlPeripheralReady)
                  0000353c    00000034                   : interrupt.obj (.text:IntRegister)
                  00003570    00000034                   : sysctl.obj (.text:SysCtlPeripheralEnable)
                  000035a4    00000034     rtsv7M4_T_le_v4SPD16_eabi.lib : boot_cortex_m.c.obj (.text:_c_int00_noargs:_c_int00_noargs)
                  000035d8    00000030                                   : snprintf.c.obj (.text:_outs)
                  00003608    00000030     project0.obj (.text:init_timer)
                  00003638    0000002e     rtsv7M4_T_le_v4SPD16_eabi.lib : i_tofd_t2.asm.obj (.text)
                  00003666    0000002c     driverlib.lib : gpio.obj (.text:GPIODirModeSet)
                  00003692    00000002     --HOLE-- [fill = 0]
                  00003694    00000028     display.obj (.text:write_command)
                  000036bc    00000028     display.obj (.text:write_data)
                  000036e4    00000024     uartstdio.obj (.text:UARTprintf)
                  00003708    00000020     driverlib.lib : sysctl.obj (.text:_SysCtlMemTimingGet)
                  00003728    0000001c     rtsv7M4_T_le_v4SPD16_eabi.lib : copy_zero_init.c.obj (.text:decompress:ZI:__TI_zero_init_nomemset:__TI_zero_init_nomemset)
                  00003744    0000001c     project0.obj (.text:init_clock)
                  00003760    0000001c     rtsv7M4_T_le_v4SPD16_eabi.lib : memccpy.c.obj (.text:memccpy)
                  0000377c    0000001a     driverlib.lib : gpio.obj (.text:GPIOPinTypeGPIOOutput)
                  00003796    0000001a     rtsv7M4_T_le_v4SPD16_eabi.lib : s_copysign.c.obj (.text:copysign)
                  000037b0    00000018     driverlib.lib : gpio.obj (.text:GPIOIntRegister)
                  000037c8    00000018                   : timer.obj (.text:TimerDisable)
                  000037e0    00000018                   : timer.obj (.text:TimerIntRegister)
                  000037f8    00000018     rtsv7M4_T_le_v4SPD16_eabi.lib : snprintf.c.obj (.text:_outc)
                  00003810    00000016     driverlib.lib : gpio.obj (.text:GPIOPinTypeGPIOInput)
                  00003826    00000016                   : gpio.obj (.text:GPIOPinTypeUART)
                  0000383c    00000016     rtsv7M4_T_le_v4SPD16_eabi.lib : strchr.c.obj (.text:strchr)
                  00003852    00000014                                   : strlen.c.obj (.text:strlen)
                  00003866    00000012     driverlib.lib : timer.obj (.text:TimerLoadSet)
                  00003878    00000012     rtsv7M4_T_le_v4SPD16_eabi.lib : wcslen.c.obj (.text:wcslen)
                  0000388a    00000010     driverlib.lib : interrupt.obj (.text:IntMasterEnable)
                  0000389a    0000000e                   : gpio.obj (.text:GPIOIntStatus)
                  000038a8    0000000e                   : timer.obj (.text:TimerEnable)
                  000038b6    0000000e     rtsv7M4_T_le_v4SPD16_eabi.lib : copy_decompress_none.c.obj (.text:decompress:none:__TI_decompress_none)
                  000038c4    0000000c     driverlib.lib : cpu.obj (.text:CPUcpsie)
                  000038d0    0000000c                   : gpio.obj (.text:GPIOIntEnable)
                  000038dc    00000008                   : timer.obj (.text:TimerIntEnable)
                  000038e4    00000008     rtsv7M4_T_le_v4SPD16_eabi.lib : errno.c.obj (.text:__aeabi_errno_addr)
                  000038ec    00000006     driverlib.lib : gpio.obj (.text:GPIOIntClear)
                  000038f2    00000006                   : gpio.obj (.text:GPIOPinRead)
                  000038f8    00000006     startup_ccs.obj (.text:ResetISR)
                  000038fe    00000006     driverlib.lib : sysctl.obj (.text:SysCtlDelay)
                  00003904    00000004                   : timer.obj (.text:TimerIntClear)
                  00003908    00000004     rtsv7M4_T_le_v4SPD16_eabi.lib : pre_init.c.obj (.text:_system_pre_init)
                  0000390c    00000004                                   : exit.c.obj (.text:abort:abort)

.const     0    00003910    000006f4     
                  00003910    000001b0     driverlib.lib : sysctl.obj (.const:g_pppui32XTALtoVCO)
                  00003ac0    00000101     rtsv7M4_T_le_v4SPD16_eabi.lib : ctype.c.obj (.const:.string:_ctypes_)
                  00003bc1    00000003     --HOLE-- [fill = 0]
                  00003bc4    000000d8     driverlib.lib : gpio.obj (.const:g_ppui32GPIOIntMapSnowflake)
                  00003c9c    000000c0                   : gpio.obj (.const:g_ppui32GPIOIntMapBlizzard)
                  00003d5c    00000090                   : gpio.obj (.const:g_pui32GPIOBaseAddrs)
                  00003dec    00000078     display.obj (.const:digit_tacho)
                  00003e64    0000006c     driverlib.lib : sysctl.obj (.const:g_pui32Xtals)
                  00003ed0    00000060                   : timer.obj (.const:g_ppui32TimerIntMap)
                  00003f30    00000040                   : timer.obj (.const:g_ppui32TimerIntMapSnowflake)
                  00003f70    00000030                   : sysctl.obj (.const:g_sXTALtoMEMTIM)
                  00003fa0    00000018     display.obj (.const:char_dir)
                  00003fb8    00000014     driverlib.lib : interrupt.obj (.const:g_pui32EnRegs)
                  00003fcc    00000012     uartstdio.obj (.const:.string)
                  00003fde    00000002     --HOLE-- [fill = 0]
                  00003fe0    0000000c     uartstdio.obj (.const:g_ui32UARTBase)
                  00003fec    0000000c     uartstdio.obj (.const:g_ui32UARTPeriph)
                  00003ff8    00000008     driverlib.lib : sysctl.obj (.const:g_pui32VCOFrequencies)
                  00004000    00000004     uartstdio.obj (.const)

.cinit     0    00004008    00000058     
                  00004008    00000020     (.cinit..data.load) [load image, compression = lzss]
                  00004028    0000000c     (__TI_handler_table)
                  00004034    00000004     --HOLE-- [fill = 0]
                  00004038    00000008     (.cinit..bss.load) [load image, compression = zero_init]
                  00004040    00000008     (.cinit..vtable.load) [load image, compression = zero_init]
                  00004048    00000018     (__TI_cinit_table)

.init_array 
*          0    00000000    00000000     UNINITIALIZED

.vtable    0    20000000    0000026c     UNINITIALIZED
                  20000000    0000026c     driverlib.lib : interrupt.obj (.vtable)

.data      0    20004270    0000004c     UNINITIALIZED
                  20004270    00000024     tacho.obj (.data)
                  20004294    00000019     display.obj (.data)
                  200042ad    00000003     --HOLE--
                  200042b0    00000005     uartstdio.obj (.data)
                  200042b5    00000003     --HOLE--
                  200042b8    00000004     rtsv7M4_T_le_v4SPD16_eabi.lib : errno.c.obj (.data)

.bss       0    200042bc    00000008     UNINITIALIZED
                  200042bc    00000004     (.common:sysclk)
                  200042c0    00000004     (.common:window_timer_period)

.stack     0    20000270    00004000     UNINITIALIZED
                  20000270    00000004     rtsv7M4_T_le_v4SPD16_eabi.lib : boot_cortex_m.c.obj (.stack)
                  20000274    00003ffc     --HOLE--

.binit     0    00000000    00000000     

MODULE SUMMARY

       Module                       code    ro data   rw data
       ------                       ----    -------   -------
    .\
       display.obj                  2055    144       25     
       uartstdio.obj                1032    46        5      
       tacho.obj                    840     0         36     
       startup_ccs.obj              12      512       0      
       project0.obj                 388     0         8      
    +--+----------------------------+-------+---------+---------+
       Total:                       4327    702       74     
                                                             
    C:/ti/TivaWare_C_Series-2.2.0.295/driverlib/ccs/Debug/driverlib.lib
       sysctl.obj                   730     596       0      
       gpio.obj                     772     552       0      
       interrupt.obj                172     20        620    
       timer.obj                    264     160       0      
       cpu.obj                      12      0         0      
    +--+----------------------------+-------+---------+---------+
       Total:                       1950    1328      620    
                                                             
    C:\ti\ti-cgt-arm_18.12.2.LTS\lib\rtsv7M4_T_le_v4SPD16_eabi.lib
       _printfi.c.obj               4851    0         0      
       fd_add_t2.asm.obj            438     0         0      
       fd_div_t2.asm.obj            310     0         0      
       s_scalbn.c.obj               272     0         0      
       fd_cmp_t2.asm.obj            268     0         0      
       ctype.c.obj                  0       257       0      
       fd_mul_t2.asm.obj            252     0         0      
       memcpy_t2.asm.obj            156     0         0      
       ull_div_t2.asm.obj           150     0         0      
       snprintf.c.obj               148     0         0      
       memset_t2.asm.obj            122     0         0      
       copy_decompress_lzss.c.obj   104     0         0      
       s_frexp.c.obj                100     0         0      
       ltoa.c.obj                   84      0         0      
       atoi.c.obj                   76      0         0      
       fd_toi_t2.asm.obj            72      0         0      
       autoinit.c.obj               68      0         0      
       u_divt2.asm.obj              64      0         0      
       boot_cortex_m.c.obj          52      0         0      
       i_tofd_t2.asm.obj            46      0         0      
       copy_zero_init.c.obj         28      0         0      
       memccpy.c.obj                28      0         0      
       s_copysign.c.obj             26      0         0      
       strchr.c.obj                 22      0         0      
       strlen.c.obj                 20      0         0      
       wcslen.c.obj                 18      0         0      
       copy_decompress_none.c.obj   14      0         0      
       errno.c.obj                  8       0         4      
       exit.c.obj                   4       0         0      
       pre_init.c.obj               4       0         0      
       div0.asm.obj                 2       0         0      
    +--+----------------------------+-------+---------+---------+
       Total:                       7807    257       4      
                                                             
       Stack:                       0       0         16384  
       Linker Generated:            0       84        0      
    +--+----------------------------+-------+---------+---------+
       Grand Total:                 14084   2371      17082  


LINKER GENERATED COPY TABLES

__TI_cinit_table @ 00004048 records: 3, size/record: 8, table size: 24
	.data: load addr=00004008, load size=00000020 bytes, run addr=20004270, run size=0000004c bytes, compression=lzss
	.bss: load addr=00004038, load size=00000008 bytes, run addr=200042bc, run size=00000008 bytes, compression=zero_init
	.vtable: load addr=00004040, load size=00000008 bytes, run addr=20000000, run size=0000026c bytes, compression=zero_init


LINKER GENERATED HANDLER TABLE

__TI_handler_table @ 00004028 records: 3, size/record: 4, table size: 12
	index: 0, handler: __TI_zero_init
	index: 1, handler: __TI_decompress_lzss
	index: 2, handler: __TI_decompress_none


GLOBAL SYMBOLS: SORTED ALPHABETICALLY BY Name 

address   name                              
-------   ----                              
0000390d  C$$EXIT                           
000038c5  CPUcpsie                          
00003667  GPIODirModeSet                    
000038ed  GPIOIntClear                      
000038d1  GPIOIntEnable                     
000037b1  GPIOIntRegister                   
0000389b  GPIOIntStatus                     
00002e97  GPIOIntTypeSet                    
000018f9  GPIOPadConfigSet                  
000030f5  GPIOPinConfigure                  
000038f3  GPIOPinRead                       
00003811  GPIOPinTypeGPIOInput              
0000377d  GPIOPinTypeGPIOOutput             
00003827  GPIOPinTypeUART                   
00002be1  IntEnable                         
0000388b  IntMasterEnable                   
0000353d  IntRegister                       
000038f9  ResetISR                          
000011cd  SysCtlClockFreqSet                
000038ff  SysCtlDelay                       
00003571  SysCtlPeripheralEnable            
00003505  SysCtlPeripheralReady             
00002d79  TimerConfigure                    
000037c9  TimerDisable                      
000038a9  TimerEnable                       
00003905  TimerIntClear                     
000038dd  TimerIntEnable                    
000037e1  TimerIntRegister                  
00003867  TimerLoadSet                      
00002afd  UARTStdioConfig                   
000036e5  UARTprintf                        
00000c51  UARTvprintf                       
00002cb1  UARTwrite                         
20004270  __STACK_END                       
00004000  __STACK_SIZE                      
20000370  __STACK_TOP                       
00004048  __TI_CINIT_Base                   
00004060  __TI_CINIT_Limit                  
00004028  __TI_Handler_Table_Base           
00004034  __TI_Handler_Table_Limit          
00003345  __TI_auto_init_nobinit_nopinit    
00002c49  __TI_decompress_lzss              
000038b7  __TI_decompress_none              
ffffffff  __TI_pprof_out_hndl               
00000201  __TI_printfi                      
ffffffff  __TI_prof_data_size               
ffffffff  __TI_prof_data_start              
00000000  __TI_static_base__                
00003729  __TI_zero_init_nomemset           
00002875  __aeabi_cdcmpeq                   
00002875  __aeabi_cdcmple                   
000028fb  __aeabi_cdrcmple                  
000032b9  __aeabi_d2iz                      
000015a7  __aeabi_dadd                      
00001e41  __aeabi_ddiv                      
000022bd  __aeabi_dmul                      
0000159d  __aeabi_dsub                      
000038e5  __aeabi_errno_addr                
00003639  __aeabi_i2d                       
000024a7  __aeabi_idiv0                     
000024a7  __aeabi_ldiv0                     
00002a81  __aeabi_memclr                    
00002a81  __aeabi_memclr4                   
00002a81  __aeabi_memclr8                   
0000261f  __aeabi_memcpy                    
0000261f  __aeabi_memcpy4                   
0000261f  __aeabi_memcpy8                   
00002a83  __aeabi_memset                    
00002a83  __aeabi_memset4                   
00002a83  __aeabi_memset8                   
0000340f  __aeabi_uidiv                     
0000340f  __aeabi_uidivmod                  
000026bb  __aeabi_uldivmod                  
ffffffff  __binit__                         
ffffffff  __c_args__                        
UNDEFED   __mpu_init                        
20000270  __stack                           
000035a5  _c_int00_noargs                   
00003ac0  _ctypes_                          
UNDEFED   _system_post_cinit                
00003909  _system_pre_init                  
0000390d  abort                             
0000318d  atoi                              
ffffffff  binit                             
2000428c  calc_flag                         
00001755  calc_speed_dir                    
00001a65  configure_display_controller_large
00003797  copysign                          
00003797  copysignl                         
20004284  count                             
2000427c  directionForwards                 
20004290  distance_total                    
00002981  draw_char_dir                     
000027e5  draw_digit_tacho                  
00002dd9  draw_direction                    
000023b9  draw_gauge_ticks                  
000024a9  draw_needle_gauge                 
00002fa1  draw_number_tacho                 
00001bc5  draw_odometer                     
000033cd  draw_pixel                        
000034c9  draw_pixel_single                 
20004270  edgeCountWindowS1                 
20004274  edgeCountWindowS2                 
200042b8  errno                             
00002a05  fill_rect                         
00002d15  frexp                             
00002d15  frexpl                            
20000000  g_pfnRAMVectors                   
00000000  g_pfnVectors                      
200042a0  gauge_height                      
2000429c  gauge_width                       
20004294  gauge_x                           
20004298  gauge_y                           
00003745  init_clock                        
00002ef1  init_motor_ports_interrupts       
00003389  init_ports_display                
00003609  init_timer                        
00002f49  init_timer_interrupt              
000031d9  init_uart                         
000021ad  ldexp                             
000021ad  ldexpl                            
0000304f  ltoa                              
00002751  main                              
200042a4  max_speed                         
00003761  memccpy                           
0000261f  memcpy                            
00002a89  memset                            
0000209d  motor_interrupt_handler           
2000427d  prevS1                            
2000427e  prevS2                            
20004278  rpm                               
000021ad  scalbn                            
000021ad  scalbnl                           
00003225  snprintf                          
20004288  speed                             
0000383d  strchr                            
00003853  strlen                            
200042bc  sysclk                            
2000427f  thisS1                            
20004280  thisS2                            
0000348d  timer_interrupt_handler           
00003879  wcslen                            
00002e39  window_set                        
200042c0  window_timer_period               
00003695  write_command                     
000036bd  write_data                        


GLOBAL SYMBOLS: SORTED BY Symbol Address 

address   name                              
-------   ----                              
00000000  __TI_static_base__                
00000000  g_pfnVectors                      
00000201  __TI_printfi                      
00000c51  UARTvprintf                       
000011cd  SysCtlClockFreqSet                
0000159d  __aeabi_dsub                      
000015a7  __aeabi_dadd                      
00001755  calc_speed_dir                    
000018f9  GPIOPadConfigSet                  
00001a65  configure_display_controller_large
00001bc5  draw_odometer                     
00001e41  __aeabi_ddiv                      
0000209d  motor_interrupt_handler           
000021ad  ldexp                             
000021ad  ldexpl                            
000021ad  scalbn                            
000021ad  scalbnl                           
000022bd  __aeabi_dmul                      
000023b9  draw_gauge_ticks                  
000024a7  __aeabi_idiv0                     
000024a7  __aeabi_ldiv0                     
000024a9  draw_needle_gauge                 
0000261f  __aeabi_memcpy                    
0000261f  __aeabi_memcpy4                   
0000261f  __aeabi_memcpy8                   
0000261f  memcpy                            
000026bb  __aeabi_uldivmod                  
00002751  main                              
000027e5  draw_digit_tacho                  
00002875  __aeabi_cdcmpeq                   
00002875  __aeabi_cdcmple                   
000028fb  __aeabi_cdrcmple                  
00002981  draw_char_dir                     
00002a05  fill_rect                         
00002a81  __aeabi_memclr                    
00002a81  __aeabi_memclr4                   
00002a81  __aeabi_memclr8                   
00002a83  __aeabi_memset                    
00002a83  __aeabi_memset4                   
00002a83  __aeabi_memset8                   
00002a89  memset                            
00002afd  UARTStdioConfig                   
00002be1  IntEnable                         
00002c49  __TI_decompress_lzss              
00002cb1  UARTwrite                         
00002d15  frexp                             
00002d15  frexpl                            
00002d79  TimerConfigure                    
00002dd9  draw_direction                    
00002e39  window_set                        
00002e97  GPIOIntTypeSet                    
00002ef1  init_motor_ports_interrupts       
00002f49  init_timer_interrupt              
00002fa1  draw_number_tacho                 
0000304f  ltoa                              
000030f5  GPIOPinConfigure                  
0000318d  atoi                              
000031d9  init_uart                         
00003225  snprintf                          
000032b9  __aeabi_d2iz                      
00003345  __TI_auto_init_nobinit_nopinit    
00003389  init_ports_display                
000033cd  draw_pixel                        
0000340f  __aeabi_uidiv                     
0000340f  __aeabi_uidivmod                  
0000348d  timer_interrupt_handler           
000034c9  draw_pixel_single                 
00003505  SysCtlPeripheralReady             
0000353d  IntRegister                       
00003571  SysCtlPeripheralEnable            
000035a5  _c_int00_noargs                   
00003609  init_timer                        
00003639  __aeabi_i2d                       
00003667  GPIODirModeSet                    
00003695  write_command                     
000036bd  write_data                        
000036e5  UARTprintf                        
00003729  __TI_zero_init_nomemset           
00003745  init_clock                        
00003761  memccpy                           
0000377d  GPIOPinTypeGPIOOutput             
00003797  copysign                          
00003797  copysignl                         
000037b1  GPIOIntRegister                   
000037c9  TimerDisable                      
000037e1  TimerIntRegister                  
00003811  GPIOPinTypeGPIOInput              
00003827  GPIOPinTypeUART                   
0000383d  strchr                            
00003853  strlen                            
00003867  TimerLoadSet                      
00003879  wcslen                            
0000388b  IntMasterEnable                   
0000389b  GPIOIntStatus                     
000038a9  TimerEnable                       
000038b7  __TI_decompress_none              
000038c5  CPUcpsie                          
000038d1  GPIOIntEnable                     
000038dd  TimerIntEnable                    
000038e5  __aeabi_errno_addr                
000038ed  GPIOIntClear                      
000038f3  GPIOPinRead                       
000038f9  ResetISR                          
000038ff  SysCtlDelay                       
00003905  TimerIntClear                     
00003909  _system_pre_init                  
0000390d  C$$EXIT                           
0000390d  abort                             
00003ac0  _ctypes_                          
00004000  __STACK_SIZE                      
00004028  __TI_Handler_Table_Base           
00004034  __TI_Handler_Table_Limit          
00004048  __TI_CINIT_Base                   
00004060  __TI_CINIT_Limit                  
20000000  g_pfnRAMVectors                   
20000270  __stack                           
20000370  __STACK_TOP                       
20004270  __STACK_END                       
20004270  edgeCountWindowS1                 
20004274  edgeCountWindowS2                 
20004278  rpm                               
2000427c  directionForwards                 
2000427d  prevS1                            
2000427e  prevS2                            
2000427f  thisS1                            
20004280  thisS2                            
20004284  count                             
20004288  speed                             
2000428c  calc_flag                         
20004290  distance_total                    
20004294  gauge_x                           
20004298  gauge_y                           
2000429c  gauge_width                       
200042a0  gauge_height                      
200042a4  max_speed                         
200042b8  errno                             
200042bc  sysclk                            
200042c0  window_timer_period               
ffffffff  __TI_pprof_out_hndl               
ffffffff  __TI_prof_data_size               
ffffffff  __TI_prof_data_start              
ffffffff  __binit__                         
ffffffff  __c_args__                        
ffffffff  binit                             
UNDEFED   __mpu_init                        
UNDEFED   _system_post_cinit                

[146 symbols]
