******************************************************************************
                  TI ARM Linker PC v18.12.2                    
******************************************************************************
>> Linked Tue Dec  9 17:55:41 2025

OUTPUT FILE NAME:   <project0.out>
ENTRY POINT SYMBOL: "_c_int00_noargs"  address: 000053a9


MEMORY CONFIGURATION

         name            origin    length      used     unused   attr    fill
----------------------  --------  ---------  --------  --------  ----  --------
  FLASH                 00000000   00100000  00006134  000f9ecc  R  X
  SRAM                  20000000   00040000  000042c4  0003bd3c  RW X


SEGMENT ALLOCATION MAP

run origin  load origin   length   init length attrs members
----------  ----------- ---------- ----------- ----- -------
00000000    00000000    00006138   00006138    r-x
  00000000    00000000    00000200   00000200    r-- .intvecs
  00000200    00000200    000055c4   000055c4    r-x .text
  000057c8    000057c8    00000918   00000918    r-- .const
  000060e0    000060e0    00000058   00000058    r-- .cinit
20000000    20000000    000042c8   00000000    rw-
  20000000    20000000    0000026c   00000000    rw- .vtable
  20000270    20000270    00004000   00000000    rw- .stack
  20004270    20004270    0000004c   00000000    rw- .data
  200042bc    200042bc    0000000c   00000000    rw- .bss


SECTION ALLOCATION MAP

 output                                  attributes/
section   page    origin      length       input sections
--------  ----  ----------  ----------   ----------------
.intvecs   0    00000000    00000200     
                  00000000    00000200     startup_ccs.obj (.intvecs)

.text      0    00000200    000055c4     
                  00000200    00000a4e     rtsv7M4_T_le_v4SPD16_eabi.lib : _printfi.c.obj (.text:__TI_printfi)
                  00000c4e    00000002     startup_ccs.obj (.text:FaultISR)
                  00000c50    00000738     rtsv7M4_T_le_v4SPD16_eabi.lib : k_rem_pio2.c.obj (.text:__kernel_rem_pio2)
                  00001388    000005dc                                   : s_cos.c.obj (.text:cos)
                  00001964    000005c4                                   : s_sin.c.obj (.text:sin)
                  00001f28    000003ac     display.obj (.text:bresenham_ticks)
                  000022d4    0000030c     uartstdio.obj (.text:UARTvprintf)
                  000025e0    00000270     rtsv7M4_T_le_v4SPD16_eabi.lib : _printfi.c.obj (.text:_pconv_a)
                  00002850    00000200     driverlib.lib : sysctl.obj (.text:SysCtlClockFreqSet)
                  00002a50    000001ec     display.obj (.text:bresenham_needle)
                  00002c3c    000001d0     rtsv7M4_T_le_v4SPD16_eabi.lib : _printfi.c.obj (.text:_pconv_g)
                  00002e0c    000001b6                                   : fd_add_t2.asm.obj (.text)
                  00002fc2    00000002     startup_ccs.obj (.text:IntDefaultHandler)
                  00002fc4    0000019c     tacho.obj (.text:calc_speed_dir)
                  00003160    0000018c     display.obj (.text:draw_odometer)
                  000032ec    00000174     rtsv7M4_T_le_v4SPD16_eabi.lib : k_sin.c.obj (.text:__kernel_sin)
                  00003460    0000016c     driverlib.lib : gpio.obj (.text:GPIOPadConfigSet)
                  000035cc    0000016c     rtsv7M4_T_le_v4SPD16_eabi.lib : k_cos.c.obj (.text:__kernel_cos)
                  00003738    00000160     display.obj (.text:configure_display_controller_large)
                  00003898    0000013c     rtsv7M4_T_le_v4SPD16_eabi.lib : _printfi.c.obj (.text:_pconv_e)
                  000039d4    00000136                                   : fd_div_t2.asm.obj (.text)
                  00003b0a    00000002     startup_ccs.obj (.text:NmiSR)
                  00003b0c    00000124     rtsv7M4_T_le_v4SPD16_eabi.lib : _printfi.c.obj (.text:fcvt)
                  00003c30    00000110                                   : s_scalbn.c.obj (.text:scalbn)
                  00003d40    00000108     display.obj (.text:rasterArc)
                  00003e48    00000100     tacho.obj (.text:motor_interrupt_handler)
                  00003f48    000000fc     rtsv7M4_T_le_v4SPD16_eabi.lib : fd_mul_t2.asm.obj (.text)
                  00004044    000000f8                                   : s_floor.c.obj (.text:floor)
                  0000413c    000000b1                                   : _printfi.c.obj (.text:_ltostr)
                  000041ed    00000001     --HOLE-- [fill = 0]
                  000041ee    000000aa     display.obj (.text:bresenham)
                  00004298    000000a8     project0.obj (.text:main)
                  00004340    0000009c     rtsv7M4_T_le_v4SPD16_eabi.lib : memcpy_t2.asm.obj (.text)
                  000043dc    00000096                                   : ull_div_t2.asm.obj (.text)
                  00004472    00000002                                   : div0.asm.obj (.text)
                  00004474    00000090     display.obj (.text:draw_digit_tacho)
                  00004504    00000086     rtsv7M4_T_le_v4SPD16_eabi.lib : fd_cmp_t2.asm.obj (.text:__aeabi_cdcmple)
                  0000458a    00000086                                   : fd_cmp_t2.asm.obj (.text:__aeabi_cdrcmple)
                  00004610    00000084     display.obj (.text:draw_char_dir)
                  00004694    00000084     display.obj (.text:draw_char_km)
                  00004718    0000007c     display.obj (.text:fill_rect)
                  00004794    0000007a     rtsv7M4_T_le_v4SPD16_eabi.lib : memset_t2.asm.obj (.text)
                  0000480e    00000002     --HOLE-- [fill = 0]
                  00004810    00000074     uartstdio.obj (.text:UARTStdioConfig)
                  00004884    0000006e     rtsv7M4_T_le_v4SPD16_eabi.lib : _printfi.c.obj (.text:_mcpy)
                  000048f2    0000006e                                   : fd_tos_t2.asm.obj (.text)
                  00004960    00000068     driverlib.lib : interrupt.obj (.text:IntEnable)
                  000049c8    00000068     rtsv7M4_T_le_v4SPD16_eabi.lib : copy_decompress_lzss.c.obj (.text:decompress:lzss:__TI_decompress_lzss)
                  00004a30    00000064     uartstdio.obj (.text:UARTwrite)
                  00004a94    00000064     display.obj (.text:draw_direction)
                  00004af8    00000064     rtsv7M4_T_le_v4SPD16_eabi.lib : s_frexp.c.obj (.text:frexp)
                  00004b5c    00000060     driverlib.lib : timer.obj (.text:TimerConfigure)
                  00004bbc    00000060     project0.obj (.text:display_timer_interrupt)
                  00004c1c    00000060     tacho.obj (.text:init_motor_ports_interrupts)
                  00004c7c    00000060     tacho.obj (.text:init_timer_interrupt)
                  00004cdc    0000005e     display.obj (.text:window_set)
                  00004d3a    00000058     driverlib.lib : gpio.obj (.text:GPIOIntTypeSet)
                  00004d92    00000002     --HOLE-- [fill = 0]
                  00004d94    00000057     display.obj (.text:draw_number_tacho)
                  00004deb    00000001     --HOLE-- [fill = 0]
                  00004dec    00000056     rtsv7M4_T_le_v4SPD16_eabi.lib : _printfi.c.obj (.text:_pconv_f)
                  00004e42    00000002     --HOLE-- [fill = 0]
                  00004e44    00000054     project0.obj (.text:init_timer)
                  00004e98    00000054     rtsv7M4_T_le_v4SPD16_eabi.lib : ltoa.c.obj (.text:ltoa)
                  00004eec    00000052                                   : _printfi.c.obj (.text:_ecpy)
                  00004f3e    00000002     --HOLE-- [fill = 0]
                  00004f40    0000004c     driverlib.lib : gpio.obj (.text:GPIOPinConfigure)
                  00004f8c    0000004c                   : timer.obj (.text:_TimerIntNumberGet)
                  00004fd8    0000004c     rtsv7M4_T_le_v4SPD16_eabi.lib : atoi.c.obj (.text:atoi)
                  00005024    0000004c     project0.obj (.text:init_uart)
                  00005070    0000004c     rtsv7M4_T_le_v4SPD16_eabi.lib : snprintf.c.obj (.text:snprintf)
                  000050bc    00000048     driverlib.lib : sysctl.obj (.text:_SysCtlFrequencyGet)
                  00005104    00000048     rtsv7M4_T_le_v4SPD16_eabi.lib : fd_toi_t2.asm.obj (.text)
                  0000514c    00000044     driverlib.lib : gpio.obj (.text:_GPIOIntNumberGet)
                  00005190    00000044     rtsv7M4_T_le_v4SPD16_eabi.lib : autoinit.c.obj (.text:__TI_auto_init_nobinit_nopinit:__TI_auto_init_nobinit_nopinit)
                  000051d4    00000044     display.obj (.text:init_ports_display)
                  00005218    00000040     rtsv7M4_T_le_v4SPD16_eabi.lib : u_divt2.asm.obj (.text)
                  00005258    0000003e                                   : _printfi.c.obj (.text:_fcpy)
                  00005296    0000003a     display.obj (.text:draw_pixel_single)
                  000052d0    00000038     driverlib.lib : sysctl.obj (.text:SysCtlPeripheralReady)
                  00005308    00000038     rtsv7M4_T_le_v4SPD16_eabi.lib : fs_tod_t2.asm.obj (.text)
                  00005340    00000034     driverlib.lib : interrupt.obj (.text:IntRegister)
                  00005374    00000034                   : sysctl.obj (.text:SysCtlPeripheralEnable)
                  000053a8    00000034     rtsv7M4_T_le_v4SPD16_eabi.lib : boot_cortex_m.c.obj (.text:_c_int00_noargs:_c_int00_noargs)
                  000053dc    00000030                                   : snprintf.c.obj (.text:_outs)
                  0000540c    00000030     tacho.obj (.text:timer_interrupt_handler)
                  0000543c    0000002e     rtsv7M4_T_le_v4SPD16_eabi.lib : i_tofd_t2.asm.obj (.text)
                  0000546a    0000002c     driverlib.lib : gpio.obj (.text:GPIODirModeSet)
                  00005496    00000002     --HOLE-- [fill = 0]
                  00005498    00000028     display.obj (.text:write_command)
                  000054c0    00000028     display.obj (.text:write_data)
                  000054e8    00000024     driverlib.lib : interrupt.obj (.text:IntPrioritySet)
                  0000550c    00000024     uartstdio.obj (.text:UARTprintf)
                  00005530    00000020     driverlib.lib : sysctl.obj (.text:_SysCtlMemTimingGet)
                  00005550    00000020     rtsv7M4_T_le_v4SPD16_eabi.lib : u_tofd_t2.asm.obj (.text)
                  00005570    0000001c                                   : copy_zero_init.c.obj (.text:decompress:ZI:__TI_zero_init_nomemset:__TI_zero_init_nomemset)
                  0000558c    0000001c     project0.obj (.text:display_interrupt_handler)
                  000055a8    0000001c     project0.obj (.text:init_clock)
                  000055c4    0000001c     rtsv7M4_T_le_v4SPD16_eabi.lib : memccpy.c.obj (.text:memccpy)
                  000055e0    0000001a     driverlib.lib : gpio.obj (.text:GPIOPinTypeGPIOOutput)
                  000055fa    0000001a     rtsv7M4_T_le_v4SPD16_eabi.lib : s_copysign.c.obj (.text:copysign)
                  00005614    00000018     driverlib.lib : gpio.obj (.text:GPIOIntRegister)
                  0000562c    00000018                   : timer.obj (.text:TimerDisable)
                  00005644    00000018                   : timer.obj (.text:TimerIntRegister)
                  0000565c    00000018     rtsv7M4_T_le_v4SPD16_eabi.lib : snprintf.c.obj (.text:_outc)
                  00005674    00000018     display.obj (.text:reset_background)
                  0000568c    00000016     driverlib.lib : gpio.obj (.text:GPIOPinTypeGPIOInput)
                  000056a2    00000016                   : gpio.obj (.text:GPIOPinTypeUART)
                  000056b8    00000016     rtsv7M4_T_le_v4SPD16_eabi.lib : strchr.c.obj (.text:strchr)
                  000056ce    00000014     display.obj (.text:draw_arc)
                  000056e2    00000014     display.obj (.text:draw_bresenham)
                  000056f6    00000014     rtsv7M4_T_le_v4SPD16_eabi.lib : strlen.c.obj (.text:strlen)
                  0000570a    00000012     driverlib.lib : timer.obj (.text:TimerLoadSet)
                  0000571c    00000012     rtsv7M4_T_le_v4SPD16_eabi.lib : wcslen.c.obj (.text:wcslen)
                  0000572e    00000010     driverlib.lib : interrupt.obj (.text:IntMasterEnable)
                  0000573e    00000010     display.obj (.text:draw_bresenham_ticks)
                  0000574e    0000000e     driverlib.lib : gpio.obj (.text:GPIOIntStatus)
                  0000575c    0000000e                   : timer.obj (.text:TimerEnable)
                  0000576a    0000000e     rtsv7M4_T_le_v4SPD16_eabi.lib : copy_decompress_none.c.obj (.text:decompress:none:__TI_decompress_none)
                  00005778    0000000c     driverlib.lib : cpu.obj (.text:CPUcpsie)
                  00005784    0000000c                   : gpio.obj (.text:GPIOIntEnable)
                  00005790    00000008                   : timer.obj (.text:TimerIntEnable)
                  00005798    00000008     rtsv7M4_T_le_v4SPD16_eabi.lib : errno.c.obj (.text:__aeabi_errno_addr)
                  000057a0    00000006     driverlib.lib : gpio.obj (.text:GPIOIntClear)
                  000057a6    00000006                   : gpio.obj (.text:GPIOPinRead)
                  000057ac    00000006     startup_ccs.obj (.text:ResetISR)
                  000057b2    00000006     driverlib.lib : sysctl.obj (.text:SysCtlDelay)
                  000057b8    00000004                   : timer.obj (.text:TimerIntClear)
                  000057bc    00000004     rtsv7M4_T_le_v4SPD16_eabi.lib : pre_init.c.obj (.text:_system_pre_init)
                  000057c0    00000004                                   : exit.c.obj (.text:abort:abort)

.const     0    000057c8    00000918     
                  000057c8    000001b0     driverlib.lib : sysctl.obj (.const:g_pppui32XTALtoVCO)
                  00005978    00000158     rtsv7M4_T_le_v4SPD16_eabi.lib : k_rem_pio2.c.obj (.const:$O1$$)
                  00005ad0    00000101                                   : ctype.c.obj (.const:.string:_ctypes_)
                  00005bd1    00000003     --HOLE-- [fill = 0]
                  00005bd4    000000d8     driverlib.lib : gpio.obj (.const:g_ppui32GPIOIntMapSnowflake)
                  00005cac    000000c0                   : gpio.obj (.const:g_ppui32GPIOIntMapBlizzard)
                  00005d6c    0000009c                   : interrupt.obj (.const:g_pui32Regs)
                  00005e08    00000090                   : gpio.obj (.const:g_pui32GPIOBaseAddrs)
                  00005e98    00000078     display.obj (.const:digit_tacho)
                  00005f10    0000006c     driverlib.lib : sysctl.obj (.const:g_pui32Xtals)
                  00005f7c    00000060                   : timer.obj (.const:g_ppui32TimerIntMap)
                  00005fdc    00000040                   : timer.obj (.const:g_ppui32TimerIntMapSnowflake)
                  0000601c    00000030     display.obj (.const:char_kmh)
                  0000604c    00000030     driverlib.lib : sysctl.obj (.const:g_sXTALtoMEMTIM)
                  0000607c    00000018     display.obj (.const:char_dir)
                  00006094    00000014     driverlib.lib : interrupt.obj (.const:g_pui32EnRegs)
                  000060a8    00000012     uartstdio.obj (.const:.string)
                  000060ba    00000002     --HOLE-- [fill = 0]
                  000060bc    0000000c     uartstdio.obj (.const:g_ui32UARTBase)
                  000060c8    0000000c     uartstdio.obj (.const:g_ui32UARTPeriph)
                  000060d4    00000008     driverlib.lib : sysctl.obj (.const:g_pui32VCOFrequencies)
                  000060dc    00000004     uartstdio.obj (.const)

.cinit     0    000060e0    00000058     
                  000060e0    0000001e     (.cinit..data.load) [load image, compression = lzss]
                  000060fe    00000002     --HOLE-- [fill = 0]
                  00006100    0000000c     (__TI_handler_table)
                  0000610c    00000004     --HOLE-- [fill = 0]
                  00006110    00000008     (.cinit..bss.load) [load image, compression = zero_init]
                  00006118    00000008     (.cinit..vtable.load) [load image, compression = zero_init]
                  00006120    00000018     (__TI_cinit_table)

.init_array 
*          0    00000000    00000000     UNINITIALIZED

.vtable    0    20000000    0000026c     UNINITIALIZED
                  20000000    0000026c     driverlib.lib : interrupt.obj (.vtable)

.data      0    20004270    0000004c     UNINITIALIZED
                  20004270    00000020     display.obj (.data)
                  20004290    00000020     tacho.obj (.data)
                  200042b0    00000005     uartstdio.obj (.data)
                  200042b5    00000001     project0.obj (.data)
                  200042b6    00000002     --HOLE--
                  200042b8    00000004     rtsv7M4_T_le_v4SPD16_eabi.lib : errno.c.obj (.data)

.bss       0    200042bc    0000000c     UNINITIALIZED
                  200042bc    00000004     (.common:display_timer_period)
                  200042c0    00000004     (.common:sysclk)
                  200042c4    00000004     (.common:window_timer_period)

.stack     0    20000270    00004000     UNINITIALIZED
                  20000270    00000004     rtsv7M4_T_le_v4SPD16_eabi.lib : boot_cortex_m.c.obj (.stack)
                  20000274    00003ffc     --HOLE--

.binit     0    00000000    00000000     

MODULE SUMMARY

       Module                       code    ro data   rw data
       ------                       ----    -------   -------
    .\
       display.obj                  3713    192       32     
       uartstdio.obj                1032    46        5      
       tacho.obj                    908     0         32     
       startup_ccs.obj              12      512       0      
       project0.obj                 480     0         13     
    +--+----------------------------+-------+---------+---------+
       Total:                       6145    750       82     
                                                             
    C:/ti/TivaWare_C_Series-2.2.0.295/driverlib/ccs/Debug/driverlib.lib
       sysctl.obj                   730     596       0      
       gpio.obj                     772     552       0      
       interrupt.obj                208     176       620    
       timer.obj                    264     160       0      
       cpu.obj                      12      0         0      
    +--+----------------------------+-------+---------+---------+
       Total:                       1986    1484      620    
                                                             
    C:\ti\ti-cgt-arm_18.12.2.LTS\lib\rtsv7M4_T_le_v4SPD16_eabi.lib
       _printfi.c.obj               4851    0         0      
       k_rem_pio2.c.obj             1848    344       0      
       s_cos.c.obj                  1500    0         0      
       s_sin.c.obj                  1476    0         0      
       fd_add_t2.asm.obj            438     0         0      
       k_sin.c.obj                  372     0         0      
       k_cos.c.obj                  364     0         0      
       fd_div_t2.asm.obj            310     0         0      
       s_scalbn.c.obj               272     0         0      
       fd_cmp_t2.asm.obj            268     0         0      
       ctype.c.obj                  0       257       0      
       fd_mul_t2.asm.obj            252     0         0      
       s_floor.c.obj                248     0         0      
       memcpy_t2.asm.obj            156     0         0      
       ull_div_t2.asm.obj           150     0         0      
       snprintf.c.obj               148     0         0      
       memset_t2.asm.obj            122     0         0      
       fd_tos_t2.asm.obj            110     0         0      
       copy_decompress_lzss.c.obj   104     0         0      
       s_frexp.c.obj                100     0         0      
       ltoa.c.obj                   84      0         0      
       atoi.c.obj                   76      0         0      
       fd_toi_t2.asm.obj            72      0         0      
       autoinit.c.obj               68      0         0      
       u_divt2.asm.obj              64      0         0      
       fs_tod_t2.asm.obj            56      0         0      
       boot_cortex_m.c.obj          52      0         0      
       i_tofd_t2.asm.obj            46      0         0      
       u_tofd_t2.asm.obj            32      0         0      
       copy_zero_init.c.obj         28      0         0      
       memccpy.c.obj                28      0         0      
       s_copysign.c.obj             26      0         0      
       strchr.c.obj                 22      0         0      
       strlen.c.obj                 20      0         0      
       wcslen.c.obj                 18      0         0      
       copy_decompress_none.c.obj   14      0         0      
       errno.c.obj                  8       0         4      
       exit.c.obj                   4       0         0      
       pre_init.c.obj               4       0         0      
       div0.asm.obj                 2       0         0      
    +--+----------------------------+-------+---------+---------+
       Total:                       13813   601       4      
                                                             
       Stack:                       0       0         16384  
       Linker Generated:            0       82        0      
    +--+----------------------------+-------+---------+---------+
       Grand Total:                 21944   2917      17090  


LINKER GENERATED COPY TABLES

__TI_cinit_table @ 00006120 records: 3, size/record: 8, table size: 24
	.data: load addr=000060e0, load size=0000001e bytes, run addr=20004270, run size=0000004c bytes, compression=lzss
	.bss: load addr=00006110, load size=00000008 bytes, run addr=200042bc, run size=0000000c bytes, compression=zero_init
	.vtable: load addr=00006118, load size=00000008 bytes, run addr=20000000, run size=0000026c bytes, compression=zero_init


LINKER GENERATED HANDLER TABLE

__TI_handler_table @ 00006100 records: 3, size/record: 4, table size: 12
	index: 0, handler: __TI_zero_init
	index: 1, handler: __TI_decompress_lzss
	index: 2, handler: __TI_decompress_none


GLOBAL SYMBOLS: SORTED ALPHABETICALLY BY Name 

address   name                              
-------   ----                              
000057c1  C$$EXIT                           
00005779  CPUcpsie                          
0000546b  GPIODirModeSet                    
000057a1  GPIOIntClear                      
00005785  GPIOIntEnable                     
00005615  GPIOIntRegister                   
0000574f  GPIOIntStatus                     
00004d3b  GPIOIntTypeSet                    
00003461  GPIOPadConfigSet                  
00004f41  GPIOPinConfigure                  
000057a7  GPIOPinRead                       
0000568d  GPIOPinTypeGPIOInput              
000055e1  GPIOPinTypeGPIOOutput             
000056a3  GPIOPinTypeUART                   
00004961  IntEnable                         
0000572f  IntMasterEnable                   
000054e9  IntPrioritySet                    
00005341  IntRegister                       
000057ad  ResetISR                          
00002851  SysCtlClockFreqSet                
000057b3  SysCtlDelay                       
00005375  SysCtlPeripheralEnable            
000052d1  SysCtlPeripheralReady             
00004b5d  TimerConfigure                    
0000562d  TimerDisable                      
0000575d  TimerEnable                       
000057b9  TimerIntClear                     
00005791  TimerIntEnable                    
00005645  TimerIntRegister                  
0000570b  TimerLoadSet                      
00004811  UARTStdioConfig                   
0000550d  UARTprintf                        
000022d5  UARTvprintf                       
00004a31  UARTwrite                         
20004270  __STACK_END                       
00004000  __STACK_SIZE                      
20000370  __STACK_TOP                       
00006120  __TI_CINIT_Base                   
00006138  __TI_CINIT_Limit                  
00006100  __TI_Handler_Table_Base           
0000610c  __TI_Handler_Table_Limit          
00005191  __TI_auto_init_nobinit_nopinit    
000049c9  __TI_decompress_lzss              
0000576b  __TI_decompress_none              
ffffffff  __TI_pprof_out_hndl               
00000201  __TI_printfi                      
ffffffff  __TI_prof_data_size               
ffffffff  __TI_prof_data_start              
00000000  __TI_static_base__                
00005571  __TI_zero_init_nomemset           
00004505  __aeabi_cdcmpeq                   
00004505  __aeabi_cdcmple                   
0000458b  __aeabi_cdrcmple                  
000048f3  __aeabi_d2f                       
00005105  __aeabi_d2iz                      
00002e17  __aeabi_dadd                      
000039d5  __aeabi_ddiv                      
00003f49  __aeabi_dmul                      
00002e0d  __aeabi_dsub                      
00005799  __aeabi_errno_addr                
00005309  __aeabi_f2d                       
0000543d  __aeabi_i2d                       
00004473  __aeabi_idiv0                     
00004473  __aeabi_ldiv0                     
00004795  __aeabi_memclr                    
00004795  __aeabi_memclr4                   
00004795  __aeabi_memclr8                   
00004341  __aeabi_memcpy                    
00004341  __aeabi_memcpy4                   
00004341  __aeabi_memcpy8                   
00004797  __aeabi_memset                    
00004797  __aeabi_memset4                   
00004797  __aeabi_memset8                   
00005551  __aeabi_ui2d                      
00005219  __aeabi_uidiv                     
00005219  __aeabi_uidivmod                  
000043dd  __aeabi_uldivmod                  
ffffffff  __binit__                         
ffffffff  __c_args__                        
000035cd  __kernel_cos                      
00000c51  __kernel_rem_pio2                 
000032ed  __kernel_sin                      
UNDEFED   __mpu_init                        
20000270  __stack                           
000053a9  _c_int00_noargs                   
00005ad0  _ctypes_                          
UNDEFED   _system_post_cinit                
000057bd  _system_pre_init                  
000057c1  abort                             
00004fd9  atoi                              
ffffffff  binit                             
000041ef  bresenham                         
00002a51  bresenham_needle                  
00001f29  bresenham_ticks                   
200042a8  calc_flag                         
00002fc5  calc_speed_dir                    
00003739  configure_display_controller_large
000055fb  copysign                          
000055fb  copysignl                         
00001389  cos                               
00001389  cosl                              
200042a0  count                             
20004298  directionForwards                 
0000558d  display_interrupt_handler         
00004bbd  display_timer_interrupt           
200042bc  display_timer_period              
200042ac  distance_total                    
000056cf  draw_arc                          
000056e3  draw_bresenham                    
0000573f  draw_bresenham_ticks              
00004611  draw_char_dir                     
00004695  draw_char_km                      
00004475  draw_digit_tacho                  
00004a95  draw_direction                    
00004d95  draw_number_tacho                 
00003161  draw_odometer                     
00005297  draw_pixel_single                 
20004290  edgeCountWindowS1                 
200042b8  errno                             
00004719  fill_rect                         
00004045  floor                             
00004045  floorl                            
00004af9  frexp                             
00004af9  frexpl                            
20000000  g_pfnRAMVectors                   
00000000  g_pfnVectors                      
000055a9  init_clock                        
00004c1d  init_motor_ports_interrupts       
000051d5  init_ports_display                
00004e45  init_timer                        
00004c7d  init_timer_interrupt              
00005025  init_uart                         
00003c31  ldexp                             
00003c31  ldexpl                            
00004e99  ltoa                              
00004299  main                              
000055c5  memccpy                           
00004341  memcpy                            
0000479d  memset                            
00003e49  motor_interrupt_handler           
20004299  prevS1                            
2000429a  prevS2                            
20004274  prev_x1                           
20004278  prev_y1                           
00003d41  rasterArc                         
00005675  reset_background                  
20004294  rpm                               
00003c31  scalbn                            
00003c31  scalbnl                           
00001965  sin                               
00001965  sinl                              
00005071  snprintf                          
200042a4  speed                             
000056b9  strchr                            
000056f7  strlen                            
200042c0  sysclk                            
2000429b  thisS1                            
2000429c  thisS2                            
0000540d  timer_interrupt_handler           
200042b5  update_display                    
0000571d  wcslen                            
00004cdd  window_set                        
200042c4  window_timer_period               
00005499  write_command                     
000054c1  write_data                        


GLOBAL SYMBOLS: SORTED BY Symbol Address 

address   name                              
-------   ----                              
00000000  __TI_static_base__                
00000000  g_pfnVectors                      
00000201  __TI_printfi                      
00000c51  __kernel_rem_pio2                 
00001389  cos                               
00001389  cosl                              
00001965  sin                               
00001965  sinl                              
00001f29  bresenham_ticks                   
000022d5  UARTvprintf                       
00002851  SysCtlClockFreqSet                
00002a51  bresenham_needle                  
00002e0d  __aeabi_dsub                      
00002e17  __aeabi_dadd                      
00002fc5  calc_speed_dir                    
00003161  draw_odometer                     
000032ed  __kernel_sin                      
00003461  GPIOPadConfigSet                  
000035cd  __kernel_cos                      
00003739  configure_display_controller_large
000039d5  __aeabi_ddiv                      
00003c31  ldexp                             
00003c31  ldexpl                            
00003c31  scalbn                            
00003c31  scalbnl                           
00003d41  rasterArc                         
00003e49  motor_interrupt_handler           
00003f49  __aeabi_dmul                      
00004000  __STACK_SIZE                      
00004045  floor                             
00004045  floorl                            
000041ef  bresenham                         
00004299  main                              
00004341  __aeabi_memcpy                    
00004341  __aeabi_memcpy4                   
00004341  __aeabi_memcpy8                   
00004341  memcpy                            
000043dd  __aeabi_uldivmod                  
00004473  __aeabi_idiv0                     
00004473  __aeabi_ldiv0                     
00004475  draw_digit_tacho                  
00004505  __aeabi_cdcmpeq                   
00004505  __aeabi_cdcmple                   
0000458b  __aeabi_cdrcmple                  
00004611  draw_char_dir                     
00004695  draw_char_km                      
00004719  fill_rect                         
00004795  __aeabi_memclr                    
00004795  __aeabi_memclr4                   
00004795  __aeabi_memclr8                   
00004797  __aeabi_memset                    
00004797  __aeabi_memset4                   
00004797  __aeabi_memset8                   
0000479d  memset                            
00004811  UARTStdioConfig                   
000048f3  __aeabi_d2f                       
00004961  IntEnable                         
000049c9  __TI_decompress_lzss              
00004a31  UARTwrite                         
00004a95  draw_direction                    
00004af9  frexp                             
00004af9  frexpl                            
00004b5d  TimerConfigure                    
00004bbd  display_timer_interrupt           
00004c1d  init_motor_ports_interrupts       
00004c7d  init_timer_interrupt              
00004cdd  window_set                        
00004d3b  GPIOIntTypeSet                    
00004d95  draw_number_tacho                 
00004e45  init_timer                        
00004e99  ltoa                              
00004f41  GPIOPinConfigure                  
00004fd9  atoi                              
00005025  init_uart                         
00005071  snprintf                          
00005105  __aeabi_d2iz                      
00005191  __TI_auto_init_nobinit_nopinit    
000051d5  init_ports_display                
00005219  __aeabi_uidiv                     
00005219  __aeabi_uidivmod                  
00005297  draw_pixel_single                 
000052d1  SysCtlPeripheralReady             
00005309  __aeabi_f2d                       
00005341  IntRegister                       
00005375  SysCtlPeripheralEnable            
000053a9  _c_int00_noargs                   
0000540d  timer_interrupt_handler           
0000543d  __aeabi_i2d                       
0000546b  GPIODirModeSet                    
00005499  write_command                     
000054c1  write_data                        
000054e9  IntPrioritySet                    
0000550d  UARTprintf                        
00005551  __aeabi_ui2d                      
00005571  __TI_zero_init_nomemset           
0000558d  display_interrupt_handler         
000055a9  init_clock                        
000055c5  memccpy                           
000055e1  GPIOPinTypeGPIOOutput             
000055fb  copysign                          
000055fb  copysignl                         
00005615  GPIOIntRegister                   
0000562d  TimerDisable                      
00005645  TimerIntRegister                  
00005675  reset_background                  
0000568d  GPIOPinTypeGPIOInput              
000056a3  GPIOPinTypeUART                   
000056b9  strchr                            
000056cf  draw_arc                          
000056e3  draw_bresenham                    
000056f7  strlen                            
0000570b  TimerLoadSet                      
0000571d  wcslen                            
0000572f  IntMasterEnable                   
0000573f  draw_bresenham_ticks              
0000574f  GPIOIntStatus                     
0000575d  TimerEnable                       
0000576b  __TI_decompress_none              
00005779  CPUcpsie                          
00005785  GPIOIntEnable                     
00005791  TimerIntEnable                    
00005799  __aeabi_errno_addr                
000057a1  GPIOIntClear                      
000057a7  GPIOPinRead                       
000057ad  ResetISR                          
000057b3  SysCtlDelay                       
000057b9  TimerIntClear                     
000057bd  _system_pre_init                  
000057c1  C$$EXIT                           
000057c1  abort                             
00005ad0  _ctypes_                          
00006100  __TI_Handler_Table_Base           
0000610c  __TI_Handler_Table_Limit          
00006120  __TI_CINIT_Base                   
00006138  __TI_CINIT_Limit                  
20000000  g_pfnRAMVectors                   
20000270  __stack                           
20000370  __STACK_TOP                       
20004270  __STACK_END                       
20004274  prev_x1                           
20004278  prev_y1                           
20004290  edgeCountWindowS1                 
20004294  rpm                               
20004298  directionForwards                 
20004299  prevS1                            
2000429a  prevS2                            
2000429b  thisS1                            
2000429c  thisS2                            
200042a0  count                             
200042a4  speed                             
200042a8  calc_flag                         
200042ac  distance_total                    
200042b5  update_display                    
200042b8  errno                             
200042bc  display_timer_period              
200042c0  sysclk                            
200042c4  window_timer_period               
ffffffff  __TI_pprof_out_hndl               
ffffffff  __TI_prof_data_size               
ffffffff  __TI_prof_data_start              
ffffffff  __binit__                         
ffffffff  __c_args__                        
ffffffff  binit                             
UNDEFED   __mpu_init                        
UNDEFED   _system_post_cinit                

[165 symbols]
