******************************************************************************
                  TI ARM Linker PC v18.12.2                    
******************************************************************************
>> Linked Thu Nov  6 20:37:01 2025

OUTPUT FILE NAME:   <project0.out>
ENTRY POINT SYMBOL: "_c_int00_noargs"  address: 0000158d


MEMORY CONFIGURATION

         name            origin    length      used     unused   attr    fill
----------------------  --------  ---------  --------  --------  ----  --------
  FLASH                 00000000   00100000  00001df4  000fe20c  R  X
  SRAM                  20000000   00040000  000042ad  0003bd53  RW X


SEGMENT ALLOCATION MAP

run origin  load origin   length   init length attrs members
----------  ----------- ---------- ----------- ----- -------
00000000    00000000    00001df8   00001df8    r-x
  00000000    00000000    00000200   00000200    r-- .intvecs
  00000200    00000200    0000163c   0000163c    r-x .text
  0000183c    0000183c    00000560   00000560    r-- .const
  00001da0    00001da0    00000058   00000058    r-- .cinit
20000000    20000000    000042b4   00000000    rw-
  20000000    20000000    0000026c   00000000    rw- .vtable
  20000270    20000270    00004000   00000000    rw- .stack
  20004270    20004270    00000039   00000000    rw- .data
  200042ac    200042ac    00000008   00000000    rw- .bss


SECTION ALLOCATION MAP

 output                                  attributes/
section   page    origin      length       input sections
--------  ----  ----------  ----------   ----------------
.intvecs   0    00000000    00000200     
                  00000000    00000200     startup_ccs.obj (.intvecs)

.text      0    00000200    0000163c     
                  00000200    0000030c     uartstdio.obj (.text:UARTvprintf)
                  0000050c    00000200     driverlib.lib : sysctl.obj (.text:SysCtlClockFreqSet)
                  0000070c    0000016c                   : gpio.obj (.text:GPIOPadConfigSet)
                  00000878    00000160     display.obj (.text:configure_display_controller_large)
                  000009d8    00000110     tacho.obj (.text:motor_interrupt_handler)
                  00000ae8    000000f8     tacho.obj (.text:calc_speed_dir)
                  00000be0    000000c0     display.obj (.text:draw_needle_gauge)
                  00000ca0    000000ac     project0.obj (.text:main)
                  00000d4c    0000009c     rtsv7M4_T_le_v4SPD16_eabi.lib : memcpy_t2.asm.obj (.text)
                  00000de8    0000007c     display.obj (.text:fill_rect)
                  00000e64    00000074     uartstdio.obj (.text:UARTStdioConfig)
                  00000ed8    00000068     driverlib.lib : interrupt.obj (.text:IntEnable)
                  00000f40    00000068     rtsv7M4_T_le_v4SPD16_eabi.lib : copy_decompress_lzss.c.obj (.text:decompress:lzss:__TI_decompress_lzss)
                  00000fa8    00000064     uartstdio.obj (.text:UARTwrite)
                  0000100c    00000064     display.obj (.text:draw_gauge_ticks)
                  00001070    00000060     driverlib.lib : timer.obj (.text:TimerConfigure)
                  000010d0    0000005e     display.obj (.text:window_set)
                  0000112e    00000058     driverlib.lib : gpio.obj (.text:GPIOIntTypeSet)
                  00001186    00000002     startup_ccs.obj (.text:FaultISR)
                  00001188    00000058     tacho.obj (.text:init_motor_ports_interrupts)
                  000011e0    00000058     project0.obj (.text:init_timer_interrupt)
                  00001238    0000004c     driverlib.lib : gpio.obj (.text:GPIOPinConfigure)
                  00001284    0000004c                   : timer.obj (.text:_TimerIntNumberGet)
                  000012d0    0000004c     project0.obj (.text:init_uart)
                  0000131c    00000048     driverlib.lib : sysctl.obj (.text:_SysCtlFrequencyGet)
                  00001364    00000044                   : gpio.obj (.text:_GPIOIntNumberGet)
                  000013a8    00000044     rtsv7M4_T_le_v4SPD16_eabi.lib : autoinit.c.obj (.text:__TI_auto_init_nobinit_nopinit:__TI_auto_init_nobinit_nopinit)
                  000013ec    00000044     display.obj (.text:init_ports_display)
                  00001430    00000042     display.obj (.text:draw_pixel)
                  00001472    00000040     rtsv7M4_T_le_v4SPD16_eabi.lib : u_divt2.asm.obj (.text)
                  000014b2    0000003a     display.obj (.text:draw_pixel_single)
                  000014ec    00000038     driverlib.lib : sysctl.obj (.text:SysCtlPeripheralReady)
                  00001524    00000034                   : interrupt.obj (.text:IntRegister)
                  00001558    00000034                   : sysctl.obj (.text:SysCtlPeripheralEnable)
                  0000158c    00000034     rtsv7M4_T_le_v4SPD16_eabi.lib : boot_cortex_m.c.obj (.text:_c_int00_noargs:_c_int00_noargs)
                  000015c0    00000030     project0.obj (.text:init_timer)
                  000015f0    00000030     tacho.obj (.text:timer_interrupt_handler)
                  00001620    0000002c     driverlib.lib : gpio.obj (.text:GPIODirModeSet)
                  0000164c    00000028     display.obj (.text:write_command)
                  00001674    00000028     display.obj (.text:write_data)
                  0000169c    00000024     uartstdio.obj (.text:UARTprintf)
                  000016c0    00000020     driverlib.lib : sysctl.obj (.text:_SysCtlMemTimingGet)
                  000016e0    0000001c     rtsv7M4_T_le_v4SPD16_eabi.lib : copy_zero_init.c.obj (.text:decompress:ZI:__TI_zero_init_nomemset:__TI_zero_init_nomemset)
                  000016fc    0000001c     project0.obj (.text:init_clock)
                  00001718    0000001a     driverlib.lib : gpio.obj (.text:GPIOPinTypeGPIOOutput)
                  00001732    00000018                   : gpio.obj (.text:GPIOIntRegister)
                  0000174a    00000002     startup_ccs.obj (.text:IntDefaultHandler)
                  0000174c    00000018     driverlib.lib : timer.obj (.text:TimerDisable)
                  00001764    00000018                   : timer.obj (.text:TimerIntRegister)
                  0000177c    00000016                   : gpio.obj (.text:GPIOPinTypeGPIOInput)
                  00001792    00000016                   : gpio.obj (.text:GPIOPinTypeUART)
                  000017a8    00000012                   : timer.obj (.text:TimerLoadSet)
                  000017ba    00000010                   : interrupt.obj (.text:IntMasterEnable)
                  000017ca    0000000e                   : gpio.obj (.text:GPIOIntStatus)
                  000017d8    0000000e                   : timer.obj (.text:TimerEnable)
                  000017e6    0000000e     rtsv7M4_T_le_v4SPD16_eabi.lib : copy_decompress_none.c.obj (.text:decompress:none:__TI_decompress_none)
                  000017f4    0000000c     driverlib.lib : cpu.obj (.text:CPUcpsie)
                  00001800    0000000c                   : gpio.obj (.text:GPIOIntEnable)
                  0000180c    00000008                   : timer.obj (.text:TimerIntEnable)
                  00001814    00000006                   : gpio.obj (.text:GPIOIntClear)
                  0000181a    00000006                   : gpio.obj (.text:GPIOPinRead)
                  00001820    00000006     startup_ccs.obj (.text:ResetISR)
                  00001826    00000006     driverlib.lib : sysctl.obj (.text:SysCtlDelay)
                  0000182c    00000004                   : timer.obj (.text:TimerIntClear)
                  00001830    00000004     rtsv7M4_T_le_v4SPD16_eabi.lib : pre_init.c.obj (.text:_system_pre_init)
                  00001834    00000004                                   : exit.c.obj (.text:abort:abort)
                  00001838    00000002     startup_ccs.obj (.text:NmiSR)
                  0000183a    00000002     rtsv7M4_T_le_v4SPD16_eabi.lib : div0.asm.obj (.text)

.const     0    0000183c    00000560     
                  0000183c    000001b0     driverlib.lib : sysctl.obj (.const:g_pppui32XTALtoVCO)
                  000019ec    000000d8                   : gpio.obj (.const:g_ppui32GPIOIntMapSnowflake)
                  00001ac4    000000c0                   : gpio.obj (.const:g_ppui32GPIOIntMapBlizzard)
                  00001b84    00000090                   : gpio.obj (.const:g_pui32GPIOBaseAddrs)
                  00001c14    0000006c                   : sysctl.obj (.const:g_pui32Xtals)
                  00001c80    00000060                   : timer.obj (.const:g_ppui32TimerIntMap)
                  00001ce0    00000040                   : timer.obj (.const:g_ppui32TimerIntMapSnowflake)
                  00001d20    00000030                   : sysctl.obj (.const:g_sXTALtoMEMTIM)
                  00001d50    00000014                   : interrupt.obj (.const:g_pui32EnRegs)
                  00001d64    00000012     uartstdio.obj (.const:.string)
                  00001d76    00000002     --HOLE-- [fill = 0]
                  00001d78    0000000c     uartstdio.obj (.const:g_ui32UARTBase)
                  00001d84    0000000c     uartstdio.obj (.const:g_ui32UARTPeriph)
                  00001d90    00000008     driverlib.lib : sysctl.obj (.const:g_pui32VCOFrequencies)
                  00001d98    00000004     uartstdio.obj (.const)

.cinit     0    00001da0    00000058     
                  00001da0    0000001d     (.cinit..data.load) [load image, compression = lzss]
                  00001dbd    00000003     --HOLE-- [fill = 0]
                  00001dc0    0000000c     (__TI_handler_table)
                  00001dcc    00000004     --HOLE-- [fill = 0]
                  00001dd0    00000008     (.cinit..bss.load) [load image, compression = zero_init]
                  00001dd8    00000008     (.cinit..vtable.load) [load image, compression = zero_init]
                  00001de0    00000018     (__TI_cinit_table)

.init_array 
*          0    00000000    00000000     UNINITIALIZED

.vtable    0    20000000    0000026c     UNINITIALIZED
                  20000000    0000026c     driverlib.lib : interrupt.obj (.vtable)

.data      0    20004270    00000039     UNINITIALIZED
                  20004270    0000001c     tacho.obj (.data)
                  2000428c    00000018     display.obj (.data)
                  200042a4    00000005     uartstdio.obj (.data)

.bss       0    200042ac    00000008     UNINITIALIZED
                  200042ac    00000004     (.common:sysclk)
                  200042b0    00000004     (.common:window_timer_period)

.stack     0    20000270    00004000     UNINITIALIZED
                  20000270    00000004     rtsv7M4_T_le_v4SPD16_eabi.lib : boot_cortex_m.c.obj (.stack)
                  20000274    00003ffc     --HOLE--

.binit     0    00000000    00000000     

MODULE SUMMARY

       Module                       code   ro data   rw data
       ------                       ----   -------   -------
    .\
       display.obj                  1134   0         24     
       uartstdio.obj                1032   46        5      
       tacho.obj                    656    0         28     
       startup_ccs.obj              12     512       0      
       project0.obj                 412    0         8      
    +--+----------------------------+------+---------+---------+
       Total:                       3246   558       65     
                                                            
    C:/ti/TivaWare_C_Series-2.2.0.295/driverlib/ccs/Debug/driverlib.lib
       sysctl.obj                   730    596       0      
       gpio.obj                     772    552       0      
       interrupt.obj                172    20        620    
       timer.obj                    264    160       0      
       cpu.obj                      12     0         0      
    +--+----------------------------+------+---------+---------+
       Total:                       1950   1328      620    
                                                            
    C:\ti\ti-cgt-arm_18.12.2.LTS\lib\rtsv7M4_T_le_v4SPD16_eabi.lib
       memcpy_t2.asm.obj            156    0         0      
       copy_decompress_lzss.c.obj   104    0         0      
       autoinit.c.obj               68     0         0      
       u_divt2.asm.obj              64     0         0      
       boot_cortex_m.c.obj          52     0         0      
       copy_zero_init.c.obj         28     0         0      
       copy_decompress_none.c.obj   14     0         0      
       exit.c.obj                   4      0         0      
       pre_init.c.obj               4      0         0      
       div0.asm.obj                 2      0         0      
    +--+----------------------------+------+---------+---------+
       Total:                       496    0         0      
                                                            
       Stack:                       0      0         16384  
       Linker Generated:            0      81        0      
    +--+----------------------------+------+---------+---------+
       Grand Total:                 5692   1967      17069  


LINKER GENERATED COPY TABLES

__TI_cinit_table @ 00001de0 records: 3, size/record: 8, table size: 24
	.data: load addr=00001da0, load size=0000001d bytes, run addr=20004270, run size=00000039 bytes, compression=lzss
	.bss: load addr=00001dd0, load size=00000008 bytes, run addr=200042ac, run size=00000008 bytes, compression=zero_init
	.vtable: load addr=00001dd8, load size=00000008 bytes, run addr=20000000, run size=0000026c bytes, compression=zero_init


LINKER GENERATED HANDLER TABLE

__TI_handler_table @ 00001dc0 records: 3, size/record: 4, table size: 12
	index: 0, handler: __TI_zero_init
	index: 1, handler: __TI_decompress_lzss
	index: 2, handler: __TI_decompress_none


GLOBAL SYMBOLS: SORTED ALPHABETICALLY BY Name 

address   name                              
-------   ----                              
00001835  C$$EXIT                           
000017f5  CPUcpsie                          
00001621  GPIODirModeSet                    
00001815  GPIOIntClear                      
00001801  GPIOIntEnable                     
00001733  GPIOIntRegister                   
000017cb  GPIOIntStatus                     
0000112f  GPIOIntTypeSet                    
0000070d  GPIOPadConfigSet                  
00001239  GPIOPinConfigure                  
0000181b  GPIOPinRead                       
0000177d  GPIOPinTypeGPIOInput              
00001719  GPIOPinTypeGPIOOutput             
00001793  GPIOPinTypeUART                   
00000ed9  IntEnable                         
000017bb  IntMasterEnable                   
00001525  IntRegister                       
00001821  ResetISR                          
0000050d  SysCtlClockFreqSet                
00001827  SysCtlDelay                       
00001559  SysCtlPeripheralEnable            
000014ed  SysCtlPeripheralReady             
00001071  TimerConfigure                    
0000174d  TimerDisable                      
000017d9  TimerEnable                       
0000182d  TimerIntClear                     
0000180d  TimerIntEnable                    
00001765  TimerIntRegister                  
000017a9  TimerLoadSet                      
00000e65  UARTStdioConfig                   
0000169d  UARTprintf                        
00000201  UARTvprintf                       
00000fa9  UARTwrite                         
20004270  __STACK_END                       
00004000  __STACK_SIZE                      
20000370  __STACK_TOP                       
00001de0  __TI_CINIT_Base                   
00001df8  __TI_CINIT_Limit                  
00001dc0  __TI_Handler_Table_Base           
00001dcc  __TI_Handler_Table_Limit          
000013a9  __TI_auto_init_nobinit_nopinit    
00000f41  __TI_decompress_lzss              
000017e7  __TI_decompress_none              
ffffffff  __TI_pprof_out_hndl               
ffffffff  __TI_prof_data_size               
ffffffff  __TI_prof_data_start              
00000000  __TI_static_base__                
000016e1  __TI_zero_init_nomemset           
0000183b  __aeabi_idiv0                     
0000183b  __aeabi_ldiv0                     
00000d4d  __aeabi_memcpy                    
00000d4d  __aeabi_memcpy4                   
00000d4d  __aeabi_memcpy8                   
00001473  __aeabi_uidiv                     
00001473  __aeabi_uidivmod                  
ffffffff  __binit__                         
ffffffff  __c_args__                        
UNDEFED   __mpu_init                        
20000270  __stack                           
0000158d  _c_int00_noargs                   
UNDEFED   _system_post_cinit                
00001831  _system_pre_init                  
00001835  abort                             
ffffffff  binit                             
00000ae9  calc_speed_dir                    
00000879  configure_display_controller_large
20004284  count                             
2000427c  directionForwards                 
0000100d  draw_gauge_ticks                  
00000be1  draw_needle_gauge                 
00001431  draw_pixel                        
000014b3  draw_pixel_single                 
20004270  edgeCountWindowS1                 
20004274  edgeCountWindowS2                 
00000de9  fill_rect                         
20000000  g_pfnRAMVectors                   
00000000  g_pfnVectors                      
20004298  gauge_height                      
20004294  gauge_width                       
2000428c  gauge_x                           
20004290  gauge_y                           
000016fd  init_clock                        
00001189  init_motor_ports_interrupts       
000013ed  init_ports_display                
000015c1  init_timer                        
000011e1  init_timer_interrupt              
000012d1  init_uart                         
00000ca1  main                              
2000429c  max_speed                         
00000d4d  memcpy                            
000009d9  motor_interrupt_handler           
2000427d  prevS1                            
2000427e  prevS2                            
20004278  rpm                               
20004288  speed                             
200042ac  sysclk                            
2000427f  thisS1                            
20004280  thisS2                            
000015f1  timer_interrupt_handler           
000010d1  window_set                        
200042b0  window_timer_period               
0000164d  write_command                     
00001675  write_data                        


GLOBAL SYMBOLS: SORTED BY Symbol Address 

address   name                              
-------   ----                              
00000000  __TI_static_base__                
00000000  g_pfnVectors                      
00000201  UARTvprintf                       
0000050d  SysCtlClockFreqSet                
0000070d  GPIOPadConfigSet                  
00000879  configure_display_controller_large
000009d9  motor_interrupt_handler           
00000ae9  calc_speed_dir                    
00000be1  draw_needle_gauge                 
00000ca1  main                              
00000d4d  __aeabi_memcpy                    
00000d4d  __aeabi_memcpy4                   
00000d4d  __aeabi_memcpy8                   
00000d4d  memcpy                            
00000de9  fill_rect                         
00000e65  UARTStdioConfig                   
00000ed9  IntEnable                         
00000f41  __TI_decompress_lzss              
00000fa9  UARTwrite                         
0000100d  draw_gauge_ticks                  
00001071  TimerConfigure                    
000010d1  window_set                        
0000112f  GPIOIntTypeSet                    
00001189  init_motor_ports_interrupts       
000011e1  init_timer_interrupt              
00001239  GPIOPinConfigure                  
000012d1  init_uart                         
000013a9  __TI_auto_init_nobinit_nopinit    
000013ed  init_ports_display                
00001431  draw_pixel                        
00001473  __aeabi_uidiv                     
00001473  __aeabi_uidivmod                  
000014b3  draw_pixel_single                 
000014ed  SysCtlPeripheralReady             
00001525  IntRegister                       
00001559  SysCtlPeripheralEnable            
0000158d  _c_int00_noargs                   
000015c1  init_timer                        
000015f1  timer_interrupt_handler           
00001621  GPIODirModeSet                    
0000164d  write_command                     
00001675  write_data                        
0000169d  UARTprintf                        
000016e1  __TI_zero_init_nomemset           
000016fd  init_clock                        
00001719  GPIOPinTypeGPIOOutput             
00001733  GPIOIntRegister                   
0000174d  TimerDisable                      
00001765  TimerIntRegister                  
0000177d  GPIOPinTypeGPIOInput              
00001793  GPIOPinTypeUART                   
000017a9  TimerLoadSet                      
000017bb  IntMasterEnable                   
000017cb  GPIOIntStatus                     
000017d9  TimerEnable                       
000017e7  __TI_decompress_none              
000017f5  CPUcpsie                          
00001801  GPIOIntEnable                     
0000180d  TimerIntEnable                    
00001815  GPIOIntClear                      
0000181b  GPIOPinRead                       
00001821  ResetISR                          
00001827  SysCtlDelay                       
0000182d  TimerIntClear                     
00001831  _system_pre_init                  
00001835  C$$EXIT                           
00001835  abort                             
0000183b  __aeabi_idiv0                     
0000183b  __aeabi_ldiv0                     
00001dc0  __TI_Handler_Table_Base           
00001dcc  __TI_Handler_Table_Limit          
00001de0  __TI_CINIT_Base                   
00001df8  __TI_CINIT_Limit                  
00004000  __STACK_SIZE                      
20000000  g_pfnRAMVectors                   
20000270  __stack                           
20000370  __STACK_TOP                       
20004270  __STACK_END                       
20004270  edgeCountWindowS1                 
20004274  edgeCountWindowS2                 
20004278  rpm                               
2000427c  directionForwards                 
2000427d  prevS1                            
2000427e  prevS2                            
2000427f  thisS1                            
20004280  thisS2                            
20004284  count                             
20004288  speed                             
2000428c  gauge_x                           
20004290  gauge_y                           
20004294  gauge_width                       
20004298  gauge_height                      
2000429c  max_speed                         
200042ac  sysclk                            
200042b0  window_timer_period               
ffffffff  __TI_pprof_out_hndl               
ffffffff  __TI_prof_data_size               
ffffffff  __TI_prof_data_start              
ffffffff  __binit__                         
ffffffff  __c_args__                        
ffffffff  binit                             
UNDEFED   __mpu_init                        
UNDEFED   _system_post_cinit                

[103 symbols]
