<?xml version="1.0" encoding="ISO-8859-1" ?>
<link_info>
   <banner>TI ARM Linker PC v18.12.2.LTS</banner>
   <copyright>Copyright (c) 1996-2018 Texas Instruments Incorporated</copyright>
   <link_time>0x694fed6c</link_time>
   <link_errors>0x0</link_errors>
   <output_file>project0.out</output_file>
   <entry_point>
      <name>_c_int00_noargs</name>
      <address>0x55f5</address>
   </entry_point>
   <input_file_list>
      <input_file id="fl-2">
         <path>.\</path>
         <kind>object</kind>
         <file>display.obj</file>
         <name>display.obj</name>
      </input_file>
      <input_file id="fl-3">
         <path>.\</path>
         <kind>object</kind>
         <file>interrupt.obj</file>
         <name>interrupt.obj</name>
      </input_file>
      <input_file id="fl-4">
         <path>.\</path>
         <kind>object</kind>
         <file>project0.obj</file>
         <name>project0.obj</name>
      </input_file>
      <input_file id="fl-5">
         <path>.\</path>
         <kind>object</kind>
         <file>startup_ccs.obj</file>
         <name>startup_ccs.obj</name>
      </input_file>
      <input_file id="fl-6">
         <path>.\</path>
         <kind>object</kind>
         <file>uartstdio.obj</file>
         <name>uartstdio.obj</name>
      </input_file>
      <input_file id="fl-b">
         <kind>object</kind>
         <file>&lt;internal&gt;</file>
         <name>&lt;internal&gt;</name>
      </input_file>
      <input_file id="fl-c">
         <path>C:\ti\TivaWare_C_Series-2.2.0.295\driverlib\ccs\Debug\</path>
         <kind>archive</kind>
         <file>driverlib.lib</file>
         <name>gpio.obj</name>
      </input_file>
      <input_file id="fl-d">
         <path>C:\ti\TivaWare_C_Series-2.2.0.295\driverlib\ccs\Debug\</path>
         <kind>archive</kind>
         <file>driverlib.lib</file>
         <name>interrupt.obj</name>
      </input_file>
      <input_file id="fl-e">
         <path>C:\ti\TivaWare_C_Series-2.2.0.295\driverlib\ccs\Debug\</path>
         <kind>archive</kind>
         <file>driverlib.lib</file>
         <name>sysctl.obj</name>
      </input_file>
      <input_file id="fl-f">
         <path>C:\ti\TivaWare_C_Series-2.2.0.295\driverlib\ccs\Debug\</path>
         <kind>archive</kind>
         <file>driverlib.lib</file>
         <name>timer.obj</name>
      </input_file>
      <input_file id="fl-10">
         <path>C:\ti\TivaWare_C_Series-2.2.0.295\driverlib\ccs\Debug\</path>
         <kind>archive</kind>
         <file>driverlib.lib</file>
         <name>cpu.obj</name>
      </input_file>
      <input_file id="fl-c6">
         <path>C:\ti\ti-cgt-arm_18.12.2.LTS\lib\</path>
         <kind>archive</kind>
         <file>rtsv7M4_T_le_v4SPD16_eabi.lib</file>
         <name>snprintf.c.obj</name>
      </input_file>
      <input_file id="fl-c7">
         <path>C:\ti\ti-cgt-arm_18.12.2.LTS\lib\</path>
         <kind>archive</kind>
         <file>rtsv7M4_T_le_v4SPD16_eabi.lib</file>
         <name>s_cos.c.obj</name>
      </input_file>
      <input_file id="fl-c8">
         <path>C:\ti\ti-cgt-arm_18.12.2.LTS\lib\</path>
         <kind>archive</kind>
         <file>rtsv7M4_T_le_v4SPD16_eabi.lib</file>
         <name>s_sin.c.obj</name>
      </input_file>
      <input_file id="fl-c9">
         <path>C:\ti\ti-cgt-arm_18.12.2.LTS\lib\</path>
         <kind>archive</kind>
         <file>rtsv7M4_T_le_v4SPD16_eabi.lib</file>
         <name>fd_add_t2.asm.obj</name>
      </input_file>
      <input_file id="fl-ca">
         <path>C:\ti\ti-cgt-arm_18.12.2.LTS\lib\</path>
         <kind>archive</kind>
         <file>rtsv7M4_T_le_v4SPD16_eabi.lib</file>
         <name>fd_cmp_t2.asm.obj</name>
      </input_file>
      <input_file id="fl-cb">
         <path>C:\ti\ti-cgt-arm_18.12.2.LTS\lib\</path>
         <kind>archive</kind>
         <file>rtsv7M4_T_le_v4SPD16_eabi.lib</file>
         <name>fd_div_t2.asm.obj</name>
      </input_file>
      <input_file id="fl-cc">
         <path>C:\ti\ti-cgt-arm_18.12.2.LTS\lib\</path>
         <kind>archive</kind>
         <file>rtsv7M4_T_le_v4SPD16_eabi.lib</file>
         <name>fd_mul_t2.asm.obj</name>
      </input_file>
      <input_file id="fl-cd">
         <path>C:\ti\ti-cgt-arm_18.12.2.LTS\lib\</path>
         <kind>archive</kind>
         <file>rtsv7M4_T_le_v4SPD16_eabi.lib</file>
         <name>fd_toi_t2.asm.obj</name>
      </input_file>
      <input_file id="fl-ce">
         <path>C:\ti\ti-cgt-arm_18.12.2.LTS\lib\</path>
         <kind>archive</kind>
         <file>rtsv7M4_T_le_v4SPD16_eabi.lib</file>
         <name>fd_tos_t2.asm.obj</name>
      </input_file>
      <input_file id="fl-cf">
         <path>C:\ti\ti-cgt-arm_18.12.2.LTS\lib\</path>
         <kind>archive</kind>
         <file>rtsv7M4_T_le_v4SPD16_eabi.lib</file>
         <name>fd_tou_t2.asm.obj</name>
      </input_file>
      <input_file id="fl-d0">
         <path>C:\ti\ti-cgt-arm_18.12.2.LTS\lib\</path>
         <kind>archive</kind>
         <file>rtsv7M4_T_le_v4SPD16_eabi.lib</file>
         <name>fs_tod_t2.asm.obj</name>
      </input_file>
      <input_file id="fl-d1">
         <path>C:\ti\ti-cgt-arm_18.12.2.LTS\lib\</path>
         <kind>archive</kind>
         <file>rtsv7M4_T_le_v4SPD16_eabi.lib</file>
         <name>i_tofd_t2.asm.obj</name>
      </input_file>
      <input_file id="fl-d2">
         <path>C:\ti\ti-cgt-arm_18.12.2.LTS\lib\</path>
         <kind>archive</kind>
         <file>rtsv7M4_T_le_v4SPD16_eabi.lib</file>
         <name>memcpy_t2.asm.obj</name>
      </input_file>
      <input_file id="fl-d3">
         <path>C:\ti\ti-cgt-arm_18.12.2.LTS\lib\</path>
         <kind>archive</kind>
         <file>rtsv7M4_T_le_v4SPD16_eabi.lib</file>
         <name>u_tofd_t2.asm.obj</name>
      </input_file>
      <input_file id="fl-d4">
         <path>C:\ti\ti-cgt-arm_18.12.2.LTS\lib\</path>
         <kind>archive</kind>
         <file>rtsv7M4_T_le_v4SPD16_eabi.lib</file>
         <name>u_divt2.asm.obj</name>
      </input_file>
      <input_file id="fl-d5">
         <path>C:\ti\ti-cgt-arm_18.12.2.LTS\lib\</path>
         <kind>archive</kind>
         <file>rtsv7M4_T_le_v4SPD16_eabi.lib</file>
         <name>copy_zero_init.c.obj</name>
      </input_file>
      <input_file id="fl-d6">
         <path>C:\ti\ti-cgt-arm_18.12.2.LTS\lib\</path>
         <kind>archive</kind>
         <file>rtsv7M4_T_le_v4SPD16_eabi.lib</file>
         <name>copy_decompress_none.c.obj</name>
      </input_file>
      <input_file id="fl-d7">
         <path>C:\ti\ti-cgt-arm_18.12.2.LTS\lib\</path>
         <kind>archive</kind>
         <file>rtsv7M4_T_le_v4SPD16_eabi.lib</file>
         <name>copy_decompress_lzss.c.obj</name>
      </input_file>
      <input_file id="fl-d8">
         <path>C:\ti\ti-cgt-arm_18.12.2.LTS\lib\</path>
         <kind>archive</kind>
         <file>rtsv7M4_T_le_v4SPD16_eabi.lib</file>
         <name>strlen.c.obj</name>
      </input_file>
      <input_file id="fl-d9">
         <path>C:\ti\ti-cgt-arm_18.12.2.LTS\lib\</path>
         <kind>archive</kind>
         <file>rtsv7M4_T_le_v4SPD16_eabi.lib</file>
         <name>k_rem_pio2.c.obj</name>
      </input_file>
      <input_file id="fl-da">
         <path>C:\ti\ti-cgt-arm_18.12.2.LTS\lib\</path>
         <kind>archive</kind>
         <file>rtsv7M4_T_le_v4SPD16_eabi.lib</file>
         <name>boot_cortex_m.c.obj</name>
      </input_file>
      <input_file id="fl-db">
         <path>C:\ti\ti-cgt-arm_18.12.2.LTS\lib\</path>
         <kind>archive</kind>
         <file>rtsv7M4_T_le_v4SPD16_eabi.lib</file>
         <name>_printfi.c.obj</name>
      </input_file>
      <input_file id="fl-dc">
         <path>C:\ti\ti-cgt-arm_18.12.2.LTS\lib\</path>
         <kind>archive</kind>
         <file>rtsv7M4_T_le_v4SPD16_eabi.lib</file>
         <name>k_cos.c.obj</name>
      </input_file>
      <input_file id="fl-dd">
         <path>C:\ti\ti-cgt-arm_18.12.2.LTS\lib\</path>
         <kind>archive</kind>
         <file>rtsv7M4_T_le_v4SPD16_eabi.lib</file>
         <name>k_sin.c.obj</name>
      </input_file>
      <input_file id="fl-de">
         <path>C:\ti\ti-cgt-arm_18.12.2.LTS\lib\</path>
         <kind>archive</kind>
         <file>rtsv7M4_T_le_v4SPD16_eabi.lib</file>
         <name>s_floor.c.obj</name>
      </input_file>
      <input_file id="fl-df">
         <path>C:\ti\ti-cgt-arm_18.12.2.LTS\lib\</path>
         <kind>archive</kind>
         <file>rtsv7M4_T_le_v4SPD16_eabi.lib</file>
         <name>s_frexp.c.obj</name>
      </input_file>
      <input_file id="fl-e0">
         <path>C:\ti\ti-cgt-arm_18.12.2.LTS\lib\</path>
         <kind>archive</kind>
         <file>rtsv7M4_T_le_v4SPD16_eabi.lib</file>
         <name>s_scalbn.c.obj</name>
      </input_file>
      <input_file id="fl-e1">
         <path>C:\ti\ti-cgt-arm_18.12.2.LTS\lib\</path>
         <kind>archive</kind>
         <file>rtsv7M4_T_le_v4SPD16_eabi.lib</file>
         <name>div0.asm.obj</name>
      </input_file>
      <input_file id="fl-e2">
         <path>C:\ti\ti-cgt-arm_18.12.2.LTS\lib\</path>
         <kind>archive</kind>
         <file>rtsv7M4_T_le_v4SPD16_eabi.lib</file>
         <name>ull_div_t2.asm.obj</name>
      </input_file>
      <input_file id="fl-e3">
         <path>C:\ti\ti-cgt-arm_18.12.2.LTS\lib\</path>
         <kind>archive</kind>
         <file>rtsv7M4_T_le_v4SPD16_eabi.lib</file>
         <name>memset_t2.asm.obj</name>
      </input_file>
      <input_file id="fl-e4">
         <path>C:\ti\ti-cgt-arm_18.12.2.LTS\lib\</path>
         <kind>archive</kind>
         <file>rtsv7M4_T_le_v4SPD16_eabi.lib</file>
         <name>autoinit.c.obj</name>
      </input_file>
      <input_file id="fl-e5">
         <path>C:\ti\ti-cgt-arm_18.12.2.LTS\lib\</path>
         <kind>archive</kind>
         <file>rtsv7M4_T_le_v4SPD16_eabi.lib</file>
         <name>pre_init.c.obj</name>
      </input_file>
      <input_file id="fl-e6">
         <path>C:\ti\ti-cgt-arm_18.12.2.LTS\lib\</path>
         <kind>archive</kind>
         <file>rtsv7M4_T_le_v4SPD16_eabi.lib</file>
         <name>cpy_tbl.c.obj</name>
      </input_file>
      <input_file id="fl-e7">
         <path>C:\ti\ti-cgt-arm_18.12.2.LTS\lib\</path>
         <kind>archive</kind>
         <file>rtsv7M4_T_le_v4SPD16_eabi.lib</file>
         <name>exit.c.obj</name>
      </input_file>
      <input_file id="fl-e8">
         <path>C:\ti\ti-cgt-arm_18.12.2.LTS\lib\</path>
         <kind>archive</kind>
         <file>rtsv7M4_T_le_v4SPD16_eabi.lib</file>
         <name>_lock.c.obj</name>
      </input_file>
      <input_file id="fl-e9">
         <path>C:\ti\ti-cgt-arm_18.12.2.LTS\lib\</path>
         <kind>archive</kind>
         <file>rtsv7M4_T_le_v4SPD16_eabi.lib</file>
         <name>args_main.c.obj</name>
      </input_file>
      <input_file id="fl-ea">
         <path>C:\ti\ti-cgt-arm_18.12.2.LTS\lib\</path>
         <kind>archive</kind>
         <file>rtsv7M4_T_le_v4SPD16_eabi.lib</file>
         <name>atoi.c.obj</name>
      </input_file>
      <input_file id="fl-eb">
         <path>C:\ti\ti-cgt-arm_18.12.2.LTS\lib\</path>
         <kind>archive</kind>
         <file>rtsv7M4_T_le_v4SPD16_eabi.lib</file>
         <name>ctype.c.obj</name>
      </input_file>
      <input_file id="fl-ec">
         <path>C:\ti\ti-cgt-arm_18.12.2.LTS\lib\</path>
         <kind>archive</kind>
         <file>rtsv7M4_T_le_v4SPD16_eabi.lib</file>
         <name>ltoa.c.obj</name>
      </input_file>
      <input_file id="fl-ed">
         <path>C:\ti\ti-cgt-arm_18.12.2.LTS\lib\</path>
         <kind>archive</kind>
         <file>rtsv7M4_T_le_v4SPD16_eabi.lib</file>
         <name>memccpy.c.obj</name>
      </input_file>
      <input_file id="fl-ee">
         <path>C:\ti\ti-cgt-arm_18.12.2.LTS\lib\</path>
         <kind>archive</kind>
         <file>rtsv7M4_T_le_v4SPD16_eabi.lib</file>
         <name>strchr.c.obj</name>
      </input_file>
      <input_file id="fl-ef">
         <path>C:\ti\ti-cgt-arm_18.12.2.LTS\lib\</path>
         <kind>archive</kind>
         <file>rtsv7M4_T_le_v4SPD16_eabi.lib</file>
         <name>errno.c.obj</name>
      </input_file>
      <input_file id="fl-f0">
         <path>C:\ti\ti-cgt-arm_18.12.2.LTS\lib\</path>
         <kind>archive</kind>
         <file>rtsv7M4_T_le_v4SPD16_eabi.lib</file>
         <name>wcslen.c.obj</name>
      </input_file>
      <input_file id="fl-f1">
         <path>C:\ti\ti-cgt-arm_18.12.2.LTS\lib\</path>
         <kind>archive</kind>
         <file>rtsv7M4_T_le_v4SPD16_eabi.lib</file>
         <name>s_copysign.c.obj</name>
      </input_file>
   </input_file_list>
   <object_component_list>
      <object_component id="oc-10">
         <name>.intvecs</name>
         <load_address>0x0</load_address>
         <run_address>0x0</run_address>
         <size>0x200</size>
         <input_file_ref idref="fl-5"/>
      </object_component>
      <object_component id="oc-3c4">
         <name>.text:__TI_printfi</name>
         <load_address>0x200</load_address>
         <run_address>0x200</run_address>
         <size>0xa4e</size>
         <input_file_ref idref="fl-db"/>
      </object_component>
      <object_component id="oc-31">
         <name>.text:FaultISR</name>
         <load_address>0xc4e</load_address>
         <run_address>0xc4e</run_address>
         <size>0x2</size>
         <input_file_ref idref="fl-5"/>
      </object_component>
      <object_component id="oc-45f">
         <name>.text:__kernel_rem_pio2</name>
         <load_address>0xc50</load_address>
         <run_address>0xc50</run_address>
         <size>0x738</size>
         <input_file_ref idref="fl-d9"/>
      </object_component>
      <object_component id="oc-394">
         <name>.text:cos</name>
         <load_address>0x1388</load_address>
         <run_address>0x1388</run_address>
         <size>0x5dc</size>
         <input_file_ref idref="fl-c7"/>
      </object_component>
      <object_component id="oc-39f">
         <name>.text:sin</name>
         <load_address>0x1964</load_address>
         <run_address>0x1964</run_address>
         <size>0x5c4</size>
         <input_file_ref idref="fl-c8"/>
      </object_component>
      <object_component id="oc-295">
         <name>.text:bresenham_ticks</name>
         <load_address>0x1f28</load_address>
         <run_address>0x1f28</run_address>
         <size>0x4cc</size>
         <input_file_ref idref="fl-2"/>
      </object_component>
      <object_component id="oc-281">
         <name>.text:UARTvprintf</name>
         <load_address>0x23f4</load_address>
         <run_address>0x23f4</run_address>
         <size>0x30c</size>
         <input_file_ref idref="fl-6"/>
      </object_component>
      <object_component id="oc-499">
         <name>.text:_pconv_a</name>
         <load_address>0x2700</load_address>
         <run_address>0x2700</run_address>
         <size>0x270</size>
         <input_file_ref idref="fl-db"/>
      </object_component>
      <object_component id="oc-176">
         <name>.text:calc_speed_dir</name>
         <load_address>0x2970</load_address>
         <run_address>0x2970</run_address>
         <size>0x230</size>
         <input_file_ref idref="fl-3"/>
      </object_component>
      <object_component id="oc-1d7">
         <name>.text:SysCtlClockFreqSet</name>
         <load_address>0x2ba0</load_address>
         <run_address>0x2ba0</run_address>
         <size>0x200</size>
         <input_file_ref idref="fl-e"/>
      </object_component>
      <object_component id="oc-2e3">
         <name>.text:bresenham_needle</name>
         <load_address>0x2da0</load_address>
         <run_address>0x2da0</run_address>
         <size>0x1f0</size>
         <input_file_ref idref="fl-2"/>
      </object_component>
      <object_component id="oc-487">
         <name>.text:_pconv_g</name>
         <load_address>0x2f90</load_address>
         <run_address>0x2f90</run_address>
         <size>0x1d0</size>
         <input_file_ref idref="fl-db"/>
      </object_component>
      <object_component id="oc-38a">
         <name>.text</name>
         <load_address>0x3160</load_address>
         <run_address>0x3160</run_address>
         <size>0x1b6</size>
         <input_file_ref idref="fl-c9"/>
      </object_component>
      <object_component id="oc-37">
         <name>.text:IntDefaultHandler</name>
         <load_address>0x3316</load_address>
         <run_address>0x3316</run_address>
         <size>0x2</size>
         <input_file_ref idref="fl-5"/>
      </object_component>
      <object_component id="oc-17c">
         <name>.text:draw_odometer</name>
         <load_address>0x3318</load_address>
         <run_address>0x3318</run_address>
         <size>0x184</size>
         <input_file_ref idref="fl-2"/>
      </object_component>
      <object_component id="oc-465">
         <name>.text:__kernel_sin</name>
         <load_address>0x349c</load_address>
         <run_address>0x349c</run_address>
         <size>0x174</size>
         <input_file_ref idref="fl-dd"/>
      </object_component>
      <object_component id="oc-32d">
         <name>.text:GPIOPadConfigSet</name>
         <load_address>0x3610</load_address>
         <run_address>0x3610</run_address>
         <size>0x16c</size>
         <input_file_ref idref="fl-c"/>
      </object_component>
      <object_component id="oc-459">
         <name>.text:__kernel_cos</name>
         <load_address>0x377c</load_address>
         <run_address>0x377c</run_address>
         <size>0x16c</size>
         <input_file_ref idref="fl-dc"/>
      </object_component>
      <object_component id="oc-158">
         <name>.text:configure_display_controller_large</name>
         <load_address>0x38e8</load_address>
         <run_address>0x38e8</run_address>
         <size>0x160</size>
         <input_file_ref idref="fl-2"/>
      </object_component>
      <object_component id="oc-493">
         <name>.text:_pconv_e</name>
         <load_address>0x3a48</load_address>
         <run_address>0x3a48</run_address>
         <size>0x13c</size>
         <input_file_ref idref="fl-db"/>
      </object_component>
      <object_component id="oc-203">
         <name>.text</name>
         <load_address>0x3b84</load_address>
         <run_address>0x3b84</run_address>
         <size>0x136</size>
         <input_file_ref idref="fl-cb"/>
      </object_component>
      <object_component id="oc-2b">
         <name>.text:NmiSR</name>
         <load_address>0x3cba</load_address>
         <run_address>0x3cba</run_address>
         <size>0x2</size>
         <input_file_ref idref="fl-5"/>
      </object_component>
      <object_component id="oc-523">
         <name>.text:fcvt</name>
         <load_address>0x3cbc</load_address>
         <run_address>0x3cbc</run_address>
         <size>0x124</size>
         <input_file_ref idref="fl-db"/>
      </object_component>
      <object_component id="oc-4e3">
         <name>.text:scalbn</name>
         <load_address>0x3de0</load_address>
         <run_address>0x3de0</run_address>
         <size>0x110</size>
         <input_file_ref idref="fl-e0"/>
      </object_component>
      <object_component id="oc-29c">
         <name>.text:rasterArc</name>
         <load_address>0x3ef0</load_address>
         <run_address>0x3ef0</run_address>
         <size>0x108</size>
         <input_file_ref idref="fl-2"/>
      </object_component>
      <object_component id="oc-4f">
         <name>.text:motor_interrupt_handler</name>
         <load_address>0x3ff8</load_address>
         <run_address>0x3ff8</run_address>
         <size>0x100</size>
         <input_file_ref idref="fl-3"/>
      </object_component>
      <object_component id="oc-38f">
         <name>.text</name>
         <load_address>0x40f8</load_address>
         <run_address>0x40f8</run_address>
         <size>0xfc</size>
         <input_file_ref idref="fl-cc"/>
      </object_component>
      <object_component id="oc-4e9">
         <name>.text:floor</name>
         <load_address>0x41f4</load_address>
         <run_address>0x41f4</run_address>
         <size>0xf8</size>
         <input_file_ref idref="fl-de"/>
      </object_component>
      <object_component id="oc-481">
         <name>.text:_ltostr</name>
         <load_address>0x42ec</load_address>
         <run_address>0x42ec</run_address>
         <size>0xb1</size>
         <input_file_ref idref="fl-db"/>
      </object_component>
      <object_component id="oc-3b5">
         <name>.text:bresenham</name>
         <load_address>0x439e</load_address>
         <run_address>0x439e</run_address>
         <size>0xaa</size>
         <input_file_ref idref="fl-2"/>
      </object_component>
      <object_component id="oc-e8">
         <name>.text:main</name>
         <load_address>0x4448</load_address>
         <run_address>0x4448</run_address>
         <size>0xa8</size>
         <input_file_ref idref="fl-4"/>
      </object_component>
      <object_component id="oc-63">
         <name>.text</name>
         <load_address>0x44f0</load_address>
         <run_address>0x44f0</run_address>
         <size>0x9c</size>
         <input_file_ref idref="fl-d2"/>
      </object_component>
      <object_component id="oc-50a">
         <name>.text</name>
         <load_address>0x458c</load_address>
         <run_address>0x458c</run_address>
         <size>0x96</size>
         <input_file_ref idref="fl-e2"/>
      </object_component>
      <object_component id="oc-44d">
         <name>.text</name>
         <load_address>0x4622</load_address>
         <run_address>0x4622</run_address>
         <size>0x2</size>
         <input_file_ref idref="fl-e1"/>
      </object_component>
      <object_component id="oc-2c6">
         <name>.text:draw_digit_tacho</name>
         <load_address>0x4624</load_address>
         <run_address>0x4624</run_address>
         <size>0x90</size>
         <input_file_ref idref="fl-2"/>
      </object_component>
      <object_component id="oc-12e">
         <name>.text:init_timer</name>
         <load_address>0x46b4</load_address>
         <run_address>0x46b4</run_address>
         <size>0x8c</size>
         <input_file_ref idref="fl-4"/>
      </object_component>
      <object_component id="oc-3aa">
         <name>.text:__aeabi_cdcmple</name>
         <load_address>0x4740</load_address>
         <run_address>0x4740</run_address>
         <size>0x86</size>
         <input_file_ref idref="fl-ca"/>
      </object_component>
      <object_component id="oc-2b4">
         <name>.text:__aeabi_cdrcmple</name>
         <load_address>0x47c6</load_address>
         <run_address>0x47c6</run_address>
         <size>0x86</size>
         <input_file_ref idref="fl-ca"/>
      </object_component>
      <object_component id="oc-2d2">
         <name>.text:draw_char</name>
         <load_address>0x484c</load_address>
         <run_address>0x484c</run_address>
         <size>0x7e</size>
         <input_file_ref idref="fl-2"/>
      </object_component>
      <object_component id="oc-28e">
         <name>.text:fill_rect</name>
         <load_address>0x48ca</load_address>
         <run_address>0x48ca</run_address>
         <size>0x7c</size>
         <input_file_ref idref="fl-2"/>
      </object_component>
      <object_component id="oc-dc">
         <name>.text</name>
         <load_address>0x4946</load_address>
         <run_address>0x4946</run_address>
         <size>0x7a</size>
         <input_file_ref idref="fl-e3"/>
      </object_component>
      <object_component id="oc-1f7">
         <name>.text:UARTStdioConfig</name>
         <load_address>0x49c0</load_address>
         <run_address>0x49c0</run_address>
         <size>0x74</size>
         <input_file_ref idref="fl-6"/>
      </object_component>
      <object_component id="oc-182">
         <name>.text:draw_direction</name>
         <load_address>0x4a34</load_address>
         <run_address>0x4a34</run_address>
         <size>0x70</size>
         <input_file_ref idref="fl-2"/>
      </object_component>
      <object_component id="oc-51c">
         <name>.text:_mcpy</name>
         <load_address>0x4aa4</load_address>
         <run_address>0x4aa4</run_address>
         <size>0x6e</size>
         <input_file_ref idref="fl-db"/>
      </object_component>
      <object_component id="oc-3a5">
         <name>.text</name>
         <load_address>0x4b12</load_address>
         <run_address>0x4b12</run_address>
         <size>0x6e</size>
         <input_file_ref idref="fl-ce"/>
      </object_component>
      <object_component id="oc-230">
         <name>.text:IntEnable</name>
         <load_address>0x4b80</load_address>
         <run_address>0x4b80</run_address>
         <size>0x68</size>
         <input_file_ref idref="fl-d"/>
      </object_component>
      <object_component id="oc-13">
         <name>.text:decompress:lzss:__TI_decompress_lzss</name>
         <load_address>0x4be8</load_address>
         <run_address>0x4be8</run_address>
         <size>0x68</size>
         <input_file_ref idref="fl-d7"/>
      </object_component>
      <object_component id="oc-36c">
         <name>.text:UARTwrite</name>
         <load_address>0x4c50</load_address>
         <run_address>0x4c50</run_address>
         <size>0x64</size>
         <input_file_ref idref="fl-6"/>
      </object_component>
      <object_component id="oc-531">
         <name>.text:frexp</name>
         <load_address>0x4cb4</load_address>
         <run_address>0x4cb4</run_address>
         <size>0x64</size>
         <input_file_ref idref="fl-df"/>
      </object_component>
      <object_component id="oc-243">
         <name>.text:TimerConfigure</name>
         <load_address>0x4d18</load_address>
         <run_address>0x4d18</run_address>
         <size>0x60</size>
         <input_file_ref idref="fl-f"/>
      </object_component>
      <object_component id="oc-146">
         <name>.text:display_timer_interrupt</name>
         <load_address>0x4d78</load_address>
         <run_address>0x4d78</run_address>
         <size>0x60</size>
         <input_file_ref idref="fl-3"/>
      </object_component>
      <object_component id="oc-13a">
         <name>.text:init_motor_ports_interrupts</name>
         <load_address>0x4dd8</load_address>
         <run_address>0x4dd8</run_address>
         <size>0x60</size>
         <input_file_ref idref="fl-3"/>
      </object_component>
      <object_component id="oc-140">
         <name>.text:init_timer_interrupt</name>
         <load_address>0x4e38</load_address>
         <run_address>0x4e38</run_address>
         <size>0x60</size>
         <input_file_ref idref="fl-3"/>
      </object_component>
      <object_component id="oc-2a3">
         <name>.text:warning_timer_interrupt</name>
         <load_address>0x4e98</load_address>
         <run_address>0x4e98</run_address>
         <size>0x60</size>
         <input_file_ref idref="fl-3"/>
      </object_component>
      <object_component id="oc-37d">
         <name>.text:window_set</name>
         <load_address>0x4ef8</load_address>
         <run_address>0x4ef8</run_address>
         <size>0x5e</size>
         <input_file_ref idref="fl-2"/>
      </object_component>
      <object_component id="oc-21e">
         <name>.text:GPIOIntTypeSet</name>
         <load_address>0x4f56</load_address>
         <run_address>0x4f56</run_address>
         <size>0x58</size>
         <input_file_ref idref="fl-c"/>
      </object_component>
      <object_component id="oc-128">
         <name>.text:init_uart</name>
         <load_address>0x4fb0</load_address>
         <run_address>0x4fb0</run_address>
         <size>0x58</size>
         <input_file_ref idref="fl-4"/>
      </object_component>
      <object_component id="oc-3af">
         <name>.text:draw_number_tacho</name>
         <load_address>0x5008</load_address>
         <run_address>0x5008</run_address>
         <size>0x57</size>
         <input_file_ref idref="fl-2"/>
      </object_component>
      <object_component id="oc-48d">
         <name>.text:_pconv_f</name>
         <load_address>0x5060</load_address>
         <run_address>0x5060</run_address>
         <size>0x56</size>
         <input_file_ref idref="fl-db"/>
      </object_component>
      <object_component id="oc-510">
         <name>.text:ltoa</name>
         <load_address>0x50b6</load_address>
         <run_address>0x50b6</run_address>
         <size>0x54</size>
         <input_file_ref idref="fl-ec"/>
      </object_component>
      <object_component id="oc-516">
         <name>.text:_ecpy</name>
         <load_address>0x510a</load_address>
         <run_address>0x510a</run_address>
         <size>0x52</size>
         <input_file_ref idref="fl-db"/>
      </object_component>
      <object_component id="oc-1eb">
         <name>.text:GPIOPinConfigure</name>
         <load_address>0x515c</load_address>
         <run_address>0x515c</run_address>
         <size>0x4c</size>
         <input_file_ref idref="fl-c"/>
      </object_component>
      <object_component id="oc-361">
         <name>.text:_TimerIntNumberGet</name>
         <load_address>0x51a8</load_address>
         <run_address>0x51a8</run_address>
         <size>0x4c</size>
         <input_file_ref idref="fl-f"/>
      </object_component>
      <object_component id="oc-47b">
         <name>.text:atoi</name>
         <load_address>0x51f4</load_address>
         <run_address>0x51f4</run_address>
         <size>0x4c</size>
         <input_file_ref idref="fl-ea"/>
      </object_component>
      <object_component id="oc-2ba">
         <name>.text:snprintf</name>
         <load_address>0x5240</load_address>
         <run_address>0x5240</run_address>
         <size>0x4c</size>
         <input_file_ref idref="fl-c6"/>
      </object_component>
      <object_component id="oc-310">
         <name>.text:_SysCtlFrequencyGet</name>
         <load_address>0x528c</load_address>
         <run_address>0x528c</run_address>
         <size>0x48</size>
         <input_file_ref idref="fl-e"/>
      </object_component>
      <object_component id="oc-39a">
         <name>.text</name>
         <load_address>0x52d4</load_address>
         <run_address>0x52d4</run_address>
         <size>0x48</size>
         <input_file_ref idref="fl-cd"/>
      </object_component>
      <object_component id="oc-347">
         <name>.text:_GPIOIntNumberGet</name>
         <load_address>0x531c</load_address>
         <run_address>0x531c</run_address>
         <size>0x44</size>
         <input_file_ref idref="fl-c"/>
      </object_component>
      <object_component id="oc-19b">
         <name>.text:__TI_auto_init_nobinit_nopinit:__TI_auto_init_nobinit_nopinit</name>
         <load_address>0x5360</load_address>
         <run_address>0x5360</run_address>
         <size>0x44</size>
         <input_file_ref idref="fl-e4"/>
      </object_component>
      <object_component id="oc-152">
         <name>.text:init_ports_display</name>
         <load_address>0x53a4</load_address>
         <run_address>0x53a4</run_address>
         <size>0x44</size>
         <input_file_ref idref="fl-2"/>
      </object_component>
      <object_component id="oc-208">
         <name>.text</name>
         <load_address>0x53e8</load_address>
         <run_address>0x53e8</run_address>
         <size>0x44</size>
         <input_file_ref idref="fl-cf"/>
      </object_component>
      <object_component id="oc-372">
         <name>.text</name>
         <load_address>0x542c</load_address>
         <run_address>0x542c</run_address>
         <size>0x40</size>
         <input_file_ref idref="fl-d4"/>
      </object_component>
      <object_component id="oc-529">
         <name>.text:_fcpy</name>
         <load_address>0x546c</load_address>
         <run_address>0x546c</run_address>
         <size>0x3e</size>
         <input_file_ref idref="fl-db"/>
      </object_component>
      <object_component id="oc-2cc">
         <name>.text:draw_pixel_single</name>
         <load_address>0x54aa</load_address>
         <run_address>0x54aa</run_address>
         <size>0x3a</size>
         <input_file_ref idref="fl-2"/>
      </object_component>
      <object_component id="oc-1e5">
         <name>.text:SysCtlPeripheralReady</name>
         <load_address>0x54e4</load_address>
         <run_address>0x54e4</run_address>
         <size>0x38</size>
         <input_file_ref idref="fl-e"/>
      </object_component>
      <object_component id="oc-2af">
         <name>.text</name>
         <load_address>0x551c</load_address>
         <run_address>0x551c</run_address>
         <size>0x38</size>
         <input_file_ref idref="fl-d0"/>
      </object_component>
      <object_component id="oc-49">
         <name>.text:warning_interrupt_handler</name>
         <load_address>0x5554</load_address>
         <run_address>0x5554</run_address>
         <size>0x38</size>
         <input_file_ref idref="fl-3"/>
      </object_component>
      <object_component id="oc-34d">
         <name>.text:IntRegister</name>
         <load_address>0x558c</load_address>
         <run_address>0x558c</run_address>
         <size>0x34</size>
         <input_file_ref idref="fl-d"/>
      </object_component>
      <object_component id="oc-1df">
         <name>.text:SysCtlPeripheralEnable</name>
         <load_address>0x55c0</load_address>
         <run_address>0x55c0</run_address>
         <size>0x34</size>
         <input_file_ref idref="fl-e"/>
      </object_component>
      <object_component id="oc-81">
         <name>.text:_c_int00_noargs:_c_int00_noargs</name>
         <load_address>0x55f4</load_address>
         <run_address>0x55f4</run_address>
         <size>0x34</size>
         <input_file_ref idref="fl-da"/>
      </object_component>
      <object_component id="oc-3ca">
         <name>.text:_outs</name>
         <load_address>0x5628</load_address>
         <run_address>0x5628</run_address>
         <size>0x30</size>
         <input_file_ref idref="fl-c6"/>
      </object_component>
      <object_component id="oc-3d">
         <name>.text:timer_interrupt_handler</name>
         <load_address>0x5658</load_address>
         <run_address>0x5658</run_address>
         <size>0x30</size>
         <input_file_ref idref="fl-3"/>
      </object_component>
      <object_component id="oc-385">
         <name>.text</name>
         <load_address>0x5688</load_address>
         <run_address>0x5688</run_address>
         <size>0x2e</size>
         <input_file_ref idref="fl-d1"/>
      </object_component>
      <object_component id="oc-327">
         <name>.text:GPIODirModeSet</name>
         <load_address>0x56b6</load_address>
         <run_address>0x56b6</run_address>
         <size>0x2c</size>
         <input_file_ref idref="fl-c"/>
      </object_component>
      <object_component id="oc-272">
         <name>.text:write_command</name>
         <load_address>0x56e4</load_address>
         <run_address>0x56e4</run_address>
         <size>0x28</size>
         <input_file_ref idref="fl-2"/>
      </object_component>
      <object_component id="oc-279">
         <name>.text:write_data</name>
         <load_address>0x570c</load_address>
         <run_address>0x570c</run_address>
         <size>0x28</size>
         <input_file_ref idref="fl-2"/>
      </object_component>
      <object_component id="oc-236">
         <name>.text:IntPrioritySet</name>
         <load_address>0x5734</load_address>
         <run_address>0x5734</run_address>
         <size>0x24</size>
         <input_file_ref idref="fl-d"/>
      </object_component>
      <object_component id="oc-15e">
         <name>.text:UARTprintf</name>
         <load_address>0x5758</load_address>
         <run_address>0x5758</run_address>
         <size>0x24</size>
         <input_file_ref idref="fl-6"/>
      </object_component>
      <object_component id="oc-2a9">
         <name>.text:cancel_warning_timer</name>
         <load_address>0x577c</load_address>
         <run_address>0x577c</run_address>
         <size>0x24</size>
         <input_file_ref idref="fl-3"/>
      </object_component>
      <object_component id="oc-30a">
         <name>.text:_SysCtlMemTimingGet</name>
         <load_address>0x57a0</load_address>
         <run_address>0x57a0</run_address>
         <size>0x20</size>
         <input_file_ref idref="fl-e"/>
      </object_component>
      <object_component id="oc-1fe">
         <name>.text</name>
         <load_address>0x57c0</load_address>
         <run_address>0x57c0</run_address>
         <size>0x20</size>
         <input_file_ref idref="fl-d3"/>
      </object_component>
      <object_component id="oc-6f">
         <name>.text:decompress:ZI:__TI_zero_init_nomemset:__TI_zero_init_nomemset</name>
         <load_address>0x57e0</load_address>
         <run_address>0x57e0</run_address>
         <size>0x1c</size>
         <input_file_ref idref="fl-d5"/>
      </object_component>
      <object_component id="oc-43">
         <name>.text:display_interrupt_handler</name>
         <load_address>0x57fc</load_address>
         <run_address>0x57fc</run_address>
         <size>0x1c</size>
         <input_file_ref idref="fl-3"/>
      </object_component>
      <object_component id="oc-122">
         <name>.text:init_clock</name>
         <load_address>0x5818</load_address>
         <run_address>0x5818</run_address>
         <size>0x1c</size>
         <input_file_ref idref="fl-4"/>
      </object_component>
      <object_component id="oc-49f">
         <name>.text:memccpy</name>
         <load_address>0x5834</load_address>
         <run_address>0x5834</run_address>
         <size>0x1c</size>
         <input_file_ref idref="fl-ed"/>
      </object_component>
      <object_component id="oc-26a">
         <name>.text:GPIOPinTypeGPIOOutput</name>
         <load_address>0x5850</load_address>
         <run_address>0x5850</run_address>
         <size>0x1a</size>
         <input_file_ref idref="fl-c"/>
      </object_component>
      <object_component id="oc-55a">
         <name>.text:copysign</name>
         <load_address>0x586a</load_address>
         <run_address>0x586a</run_address>
         <size>0x1a</size>
         <input_file_ref idref="fl-f1"/>
      </object_component>
      <object_component id="oc-224">
         <name>.text:GPIOIntRegister</name>
         <load_address>0x5884</load_address>
         <run_address>0x5884</run_address>
         <size>0x18</size>
         <input_file_ref idref="fl-c"/>
      </object_component>
      <object_component id="oc-23d">
         <name>.text:TimerDisable</name>
         <load_address>0x589c</load_address>
         <run_address>0x589c</run_address>
         <size>0x18</size>
         <input_file_ref idref="fl-f"/>
      </object_component>
      <object_component id="oc-24f">
         <name>.text:TimerIntRegister</name>
         <load_address>0x58b4</load_address>
         <run_address>0x58b4</run_address>
         <size>0x18</size>
         <input_file_ref idref="fl-f"/>
      </object_component>
      <object_component id="oc-3d0">
         <name>.text:_outc</name>
         <load_address>0x58cc</load_address>
         <run_address>0x58cc</run_address>
         <size>0x18</size>
         <input_file_ref idref="fl-c6"/>
      </object_component>
      <object_component id="oc-164">
         <name>.text:reset_background</name>
         <load_address>0x58e4</load_address>
         <run_address>0x58e4</run_address>
         <size>0x18</size>
         <input_file_ref idref="fl-2"/>
      </object_component>
      <object_component id="oc-218">
         <name>.text:GPIOPinTypeGPIOInput</name>
         <load_address>0x58fc</load_address>
         <run_address>0x58fc</run_address>
         <size>0x16</size>
         <input_file_ref idref="fl-c"/>
      </object_component>
      <object_component id="oc-1f1">
         <name>.text:GPIOPinTypeUART</name>
         <load_address>0x5912</load_address>
         <run_address>0x5912</run_address>
         <size>0x16</size>
         <input_file_ref idref="fl-c"/>
      </object_component>
      <object_component id="oc-537">
         <name>.text:strchr</name>
         <load_address>0x5928</load_address>
         <run_address>0x5928</run_address>
         <size>0x16</size>
         <input_file_ref idref="fl-ee"/>
      </object_component>
      <object_component id="oc-170">
         <name>.text:draw_arc</name>
         <load_address>0x593e</load_address>
         <run_address>0x593e</run_address>
         <size>0x14</size>
         <input_file_ref idref="fl-2"/>
      </object_component>
      <object_component id="oc-188">
         <name>.text:draw_bresenham</name>
         <load_address>0x5952</load_address>
         <run_address>0x5952</run_address>
         <size>0x14</size>
         <input_file_ref idref="fl-2"/>
      </object_component>
      <object_component id="oc-2c0">
         <name>.text:strlen</name>
         <load_address>0x5966</load_address>
         <run_address>0x5966</run_address>
         <size>0x14</size>
         <input_file_ref idref="fl-d8"/>
      </object_component>
      <object_component id="oc-249">
         <name>.text:TimerLoadSet</name>
         <load_address>0x597a</load_address>
         <run_address>0x597a</run_address>
         <size>0x12</size>
         <input_file_ref idref="fl-f"/>
      </object_component>
      <object_component id="oc-4a5">
         <name>.text:wcslen</name>
         <load_address>0x598c</load_address>
         <run_address>0x598c</run_address>
         <size>0x12</size>
         <input_file_ref idref="fl-f0"/>
      </object_component>
      <object_component id="oc-134">
         <name>.text:IntMasterDisable</name>
         <load_address>0x599e</load_address>
         <run_address>0x599e</run_address>
         <size>0x10</size>
         <input_file_ref idref="fl-d"/>
      </object_component>
      <object_component id="oc-14c">
         <name>.text:IntMasterEnable</name>
         <load_address>0x59ae</load_address>
         <run_address>0x59ae</run_address>
         <size>0x10</size>
         <input_file_ref idref="fl-d"/>
      </object_component>
      <object_component id="oc-16a">
         <name>.text:draw_bresenham_ticks</name>
         <load_address>0x59be</load_address>
         <run_address>0x59be</run_address>
         <size>0x10</size>
         <input_file_ref idref="fl-2"/>
      </object_component>
      <object_component id="oc-a8">
         <name>.text:GPIOIntStatus</name>
         <load_address>0x59ce</load_address>
         <run_address>0x59ce</run_address>
         <size>0xe</size>
         <input_file_ref idref="fl-c"/>
      </object_component>
      <object_component id="oc-25b">
         <name>.text:TimerEnable</name>
         <load_address>0x59dc</load_address>
         <run_address>0x59dc</run_address>
         <size>0xe</size>
         <input_file_ref idref="fl-f"/>
      </object_component>
      <object_component id="oc-19">
         <name>.text:decompress:none:__TI_decompress_none</name>
         <load_address>0x59ea</load_address>
         <run_address>0x59ea</run_address>
         <size>0xe</size>
         <input_file_ref idref="fl-d6"/>
      </object_component>
      <object_component id="oc-211">
         <name>.text:CPUcpsid</name>
         <load_address>0x59f8</load_address>
         <run_address>0x59f8</run_address>
         <size>0xc</size>
         <input_file_ref idref="fl-10"/>
      </object_component>
      <object_component id="oc-263">
         <name>.text:CPUcpsie</name>
         <load_address>0x5a04</load_address>
         <run_address>0x5a04</run_address>
         <size>0xc</size>
         <input_file_ref idref="fl-10"/>
      </object_component>
      <object_component id="oc-22a">
         <name>.text:GPIOIntEnable</name>
         <load_address>0x5a10</load_address>
         <run_address>0x5a10</run_address>
         <size>0xc</size>
         <input_file_ref idref="fl-c"/>
      </object_component>
      <object_component id="oc-255">
         <name>.text:TimerIntEnable</name>
         <load_address>0x5a1c</load_address>
         <run_address>0x5a1c</run_address>
         <size>0x8</size>
         <input_file_ref idref="fl-f"/>
      </object_component>
      <object_component id="oc-4ab">
         <name>.text:__aeabi_errno_addr</name>
         <load_address>0x5a24</load_address>
         <run_address>0x5a24</run_address>
         <size>0x8</size>
         <input_file_ref idref="fl-ef"/>
      </object_component>
      <object_component id="oc-b4">
         <name>.text:GPIOIntClear</name>
         <load_address>0x5a2c</load_address>
         <run_address>0x5a2c</run_address>
         <size>0x6</size>
         <input_file_ref idref="fl-c"/>
      </object_component>
      <object_component id="oc-ae">
         <name>.text:GPIOPinRead</name>
         <load_address>0x5a32</load_address>
         <run_address>0x5a32</run_address>
         <size>0x6</size>
         <input_file_ref idref="fl-c"/>
      </object_component>
      <object_component id="oc-25">
         <name>.text:ResetISR</name>
         <load_address>0x5a38</load_address>
         <run_address>0x5a38</run_address>
         <size>0x6</size>
         <input_file_ref idref="fl-5"/>
      </object_component>
      <object_component id="oc-271">
         <name>.text:SysCtlDelay</name>
         <load_address>0x5a3e</load_address>
         <run_address>0x5a3e</run_address>
         <size>0x6</size>
         <input_file_ref idref="fl-e"/>
      </object_component>
      <object_component id="oc-99">
         <name>.text:TimerIntClear</name>
         <load_address>0x5a44</load_address>
         <run_address>0x5a44</run_address>
         <size>0x4</size>
         <input_file_ref idref="fl-f"/>
      </object_component>
      <object_component id="oc-e2">
         <name>.text:_system_pre_init</name>
         <load_address>0x5a48</load_address>
         <run_address>0x5a48</run_address>
         <size>0x4</size>
         <input_file_ref idref="fl-e5"/>
      </object_component>
      <object_component id="oc-18f">
         <name>.text:abort:abort</name>
         <load_address>0x5a4c</load_address>
         <run_address>0x5a4c</run_address>
         <size>0x4</size>
         <input_file_ref idref="fl-e7"/>
      </object_component>
      <object_component id="oc-319">
         <name>.const:g_pppui32XTALtoVCO</name>
         <load_address>0x5a50</load_address>
         <run_address>0x5a50</run_address>
         <size>0x1b0</size>
         <input_file_ref idref="fl-e"/>
      </object_component>
      <object_component id="oc-4ef">
         <name>.const:$O1$$</name>
         <load_address>0x5c00</load_address>
         <run_address>0x5c00</run_address>
         <size>0x158</size>
         <input_file_ref idref="fl-d9"/>
      </object_component>
      <object_component id="oc-505">
         <name>.const:.string:_ctypes_</name>
         <load_address>0x5d58</load_address>
         <run_address>0x5d58</run_address>
         <size>0x101</size>
         <input_file_ref idref="fl-eb"/>
      </object_component>
      <object_component id="oc-437">
         <name>.const:g_ppui32GPIOIntMapSnowflake</name>
         <load_address>0x5e5c</load_address>
         <run_address>0x5e5c</run_address>
         <size>0xd8</size>
         <input_file_ref idref="fl-c"/>
      </object_component>
      <object_component id="oc-434">
         <name>.const:g_ppui32GPIOIntMapBlizzard</name>
         <load_address>0x5f34</load_address>
         <run_address>0x5f34</run_address>
         <size>0xc0</size>
         <input_file_ref idref="fl-c"/>
      </object_component>
      <object_component id="oc-35a">
         <name>.const:g_pui32Regs</name>
         <load_address>0x5ff4</load_address>
         <run_address>0x5ff4</run_address>
         <size>0x9c</size>
         <input_file_ref idref="fl-d"/>
      </object_component>
      <object_component id="oc-323">
         <name>.const:g_pui32GPIOBaseAddrs</name>
         <load_address>0x6090</load_address>
         <run_address>0x6090</run_address>
         <size>0x90</size>
         <input_file_ref idref="fl-c"/>
      </object_component>
      <object_component id="oc-3e4">
         <name>.const:digit_tacho</name>
         <load_address>0x6120</load_address>
         <run_address>0x6120</run_address>
         <size>0x78</size>
         <input_file_ref idref="fl-2"/>
      </object_component>
      <object_component id="oc-316">
         <name>.const:g_pui32Xtals</name>
         <load_address>0x6198</load_address>
         <run_address>0x6198</run_address>
         <size>0x6c</size>
         <input_file_ref idref="fl-e"/>
      </object_component>
      <object_component id="oc-445">
         <name>.const:g_ppui32TimerIntMap</name>
         <load_address>0x6204</load_address>
         <run_address>0x6204</run_address>
         <size>0x60</size>
         <input_file_ref idref="fl-f"/>
      </object_component>
      <object_component id="oc-448">
         <name>.const:g_ppui32TimerIntMapSnowflake</name>
         <load_address>0x6264</load_address>
         <run_address>0x6264</run_address>
         <size>0x40</size>
         <input_file_ref idref="fl-f"/>
      </object_component>
      <object_component id="oc-2d8">
         <name>.const:char_kmh</name>
         <load_address>0x62a4</load_address>
         <run_address>0x62a4</run_address>
         <size>0x30</size>
         <input_file_ref idref="fl-2"/>
      </object_component>
      <object_component id="oc-3bb">
         <name>.const:char_warning</name>
         <load_address>0x62d4</load_address>
         <run_address>0x62d4</run_address>
         <size>0x30</size>
         <input_file_ref idref="fl-2"/>
      </object_component>
      <object_component id="oc-412">
         <name>.const:g_sXTALtoMEMTIM</name>
         <load_address>0x6304</load_address>
         <run_address>0x6304</run_address>
         <size>0x30</size>
         <input_file_ref idref="fl-e"/>
      </object_component>
      <object_component id="oc-2df">
         <name>.const:char_dir</name>
         <load_address>0x6334</load_address>
         <run_address>0x6334</run_address>
         <size>0x18</size>
         <input_file_ref idref="fl-2"/>
      </object_component>
      <object_component id="oc-355">
         <name>.const:g_pui32EnRegs</name>
         <load_address>0x634c</load_address>
         <run_address>0x634c</run_address>
         <size>0x14</size>
         <input_file_ref idref="fl-d"/>
      </object_component>
      <object_component id="oc-453">
         <name>.const:.string</name>
         <load_address>0x6360</load_address>
         <run_address>0x6360</run_address>
         <size>0x12</size>
         <input_file_ref idref="fl-6"/>
      </object_component>
      <object_component id="oc-33d">
         <name>.const:g_ui32UARTBase</name>
         <load_address>0x6374</load_address>
         <run_address>0x6374</run_address>
         <size>0xc</size>
         <input_file_ref idref="fl-6"/>
      </object_component>
      <object_component id="oc-334">
         <name>.const:g_ui32UARTPeriph</name>
         <load_address>0x6380</load_address>
         <run_address>0x6380</run_address>
         <size>0xc</size>
         <input_file_ref idref="fl-6"/>
      </object_component>
      <object_component id="oc-31c">
         <name>.const:g_pui32VCOFrequencies</name>
         <load_address>0x638c</load_address>
         <run_address>0x638c</run_address>
         <size>0x8</size>
         <input_file_ref idref="fl-e"/>
      </object_component>
      <object_component id="oc-377">
         <name>.const</name>
         <load_address>0x6394</load_address>
         <run_address>0x6394</run_address>
         <size>0x4</size>
         <input_file_ref idref="fl-6"/>
      </object_component>
      <object_component id="oc-5cc">
         <name>.cinit..data.load</name>
         <load_address>0x6398</load_address>
         <run_address>0x6398</run_address>
         <size>0x1d</size>
      </object_component>
      <object_component id="oc-5c9">
         <name>__TI_handler_table</name>
         <load_address>0x63b8</load_address>
         <run_address>0x63b8</run_address>
         <size>0xc</size>
      </object_component>
      <object_component id="oc-5cd">
         <name>.cinit..bss.load</name>
         <load_address>0x63c8</load_address>
         <run_address>0x63c8</run_address>
         <size>0x8</size>
      </object_component>
      <object_component id="oc-5cb">
         <name>.cinit..vtable.load</name>
         <load_address>0x63d0</load_address>
         <run_address>0x63d0</run_address>
         <size>0x8</size>
      </object_component>
      <object_component id="oc-5ca">
         <name>__TI_cinit_table</name>
         <load_address>0x63d8</load_address>
         <run_address>0x63d8</run_address>
         <size>0x18</size>
      </object_component>
      <object_component id="oc-43b">
         <name>.vtable</name>
         <uninitialized>true</uninitialized>
         <run_address>0x20000000</run_address>
         <size>0x26c</size>
         <input_file_ref idref="fl-d"/>
      </object_component>
      <object_component id="oc-2dc">
         <name>.data</name>
         <load_address>0x20004298</load_address>
         <run_address>0x20004298</run_address>
         <size>0x21</size>
         <input_file_ref idref="fl-2"/>
      </object_component>
      <object_component id="oc-9f">
         <name>.data</name>
         <load_address>0x20004270</load_address>
         <run_address>0x20004270</run_address>
         <size>0x23</size>
         <input_file_ref idref="fl-3"/>
      </object_component>
      <object_component id="oc-a3">
         <name>.data</name>
         <load_address>0x20004293</load_address>
         <run_address>0x20004293</run_address>
         <size>0x1</size>
         <input_file_ref idref="fl-4"/>
      </object_component>
      <object_component id="oc-337">
         <name>.data</name>
         <load_address>0x200042bc</load_address>
         <run_address>0x200042bc</run_address>
         <size>0x5</size>
         <input_file_ref idref="fl-6"/>
      </object_component>
      <object_component id="oc-547">
         <name>.data</name>
         <load_address>0x20004294</load_address>
         <run_address>0x20004294</run_address>
         <size>0x4</size>
         <input_file_ref idref="fl-ef"/>
      </object_component>
      <object_component id="oc-1dd">
         <name>.common:sysclk</name>
         <uninitialized>true</uninitialized>
         <run_address>0x200042c8</run_address>
         <size>0x4</size>
      </object_component>
      <object_component id="oc-20d">
         <name>.common:window_timer_period</name>
         <uninitialized>true</uninitialized>
         <run_address>0x200042d0</run_address>
         <size>0x4</size>
      </object_component>
      <object_component id="oc-20e">
         <name>.common:display_timer_period</name>
         <uninitialized>true</uninitialized>
         <run_address>0x200042c4</run_address>
         <size>0x4</size>
      </object_component>
      <object_component id="oc-20f">
         <name>.common:warning_timer_period</name>
         <uninitialized>true</uninitialized>
         <run_address>0x200042cc</run_address>
         <size>0x4</size>
      </object_component>
      <object_component id="oc-22">
         <name>.stack</name>
         <uninitialized>true</uninitialized>
         <run_address>0x20000270</run_address>
         <size>0x4</size>
         <input_file_ref idref="fl-da"/>
      </object_component>
      <object_component id="oc-5ce">
         <name>.stack</name>
         <uninitialized>true</uninitialized>
         <run_address>0x20000270</run_address>
         <size>0x0</size>
      </object_component>
      <object_component id="oc-111">
         <name>.debug_info</name>
         <load_address>0x0</load_address>
         <run_address>0x0</run_address>
         <size>0x4a0</size>
         <input_file_ref idref="fl-2"/>
      </object_component>
      <object_component id="oc-2dd">
         <name>.debug_info</name>
         <load_address>0x4a0</load_address>
         <run_address>0x4a0</run_address>
         <size>0x17c</size>
         <input_file_ref idref="fl-2"/>
      </object_component>
      <object_component id="oc-3e5">
         <name>.debug_info</name>
         <load_address>0x61c</load_address>
         <run_address>0x61c</run_address>
         <size>0xe6</size>
         <input_file_ref idref="fl-2"/>
      </object_component>
      <object_component id="oc-2e0">
         <name>.debug_info</name>
         <load_address>0x702</load_address>
         <run_address>0x702</run_address>
         <size>0xe0</size>
         <input_file_ref idref="fl-2"/>
      </object_component>
      <object_component id="oc-2d9">
         <name>.debug_info</name>
         <load_address>0x7e2</load_address>
         <run_address>0x7e2</run_address>
         <size>0xe0</size>
         <input_file_ref idref="fl-2"/>
      </object_component>
      <object_component id="oc-3bc">
         <name>.debug_info</name>
         <load_address>0x8c2</load_address>
         <run_address>0x8c2</run_address>
         <size>0xe8</size>
         <input_file_ref idref="fl-2"/>
      </object_component>
      <object_component id="oc-273">
         <name>.debug_info</name>
         <load_address>0x9aa</load_address>
         <run_address>0x9aa</run_address>
         <size>0x14a</size>
         <input_file_ref idref="fl-2"/>
      </object_component>
      <object_component id="oc-27a">
         <name>.debug_info</name>
         <load_address>0xaf4</load_address>
         <run_address>0xaf4</run_address>
         <size>0x138</size>
         <input_file_ref idref="fl-2"/>
      </object_component>
      <object_component id="oc-37f">
         <name>.debug_info</name>
         <load_address>0xc2c</load_address>
         <run_address>0xc2c</run_address>
         <size>0x261</size>
         <input_file_ref idref="fl-2"/>
      </object_component>
      <object_component id="oc-154">
         <name>.debug_info</name>
         <load_address>0xe8d</load_address>
         <run_address>0xe8d</run_address>
         <size>0x1cf</size>
         <input_file_ref idref="fl-2"/>
      </object_component>
      <object_component id="oc-15a">
         <name>.debug_info</name>
         <load_address>0x105c</load_address>
         <run_address>0x105c</run_address>
         <size>0x4c1</size>
         <input_file_ref idref="fl-2"/>
      </object_component>
      <object_component id="oc-28f">
         <name>.debug_info</name>
         <load_address>0x151d</load_address>
         <run_address>0x151d</run_address>
         <size>0x22e</size>
         <input_file_ref idref="fl-2"/>
      </object_component>
      <object_component id="oc-2cd">
         <name>.debug_info</name>
         <load_address>0x174b</load_address>
         <run_address>0x174b</run_address>
         <size>0x1d3</size>
         <input_file_ref idref="fl-2"/>
      </object_component>
      <object_component id="oc-2c7">
         <name>.debug_info</name>
         <load_address>0x191e</load_address>
         <run_address>0x191e</run_address>
         <size>0x1f8</size>
         <input_file_ref idref="fl-2"/>
      </object_component>
      <object_component id="oc-2d3">
         <name>.debug_info</name>
         <load_address>0x1b16</load_address>
         <run_address>0x1b16</run_address>
         <size>0x206</size>
         <input_file_ref idref="fl-2"/>
      </object_component>
      <object_component id="oc-17d">
         <name>.debug_info</name>
         <load_address>0x1d1c</load_address>
         <run_address>0x1d1c</run_address>
         <size>0x2fa</size>
         <input_file_ref idref="fl-2"/>
      </object_component>
      <object_component id="oc-183">
         <name>.debug_info</name>
         <load_address>0x2016</load_address>
         <run_address>0x2016</run_address>
         <size>0x1a7</size>
         <input_file_ref idref="fl-2"/>
      </object_component>
      <object_component id="oc-3b6">
         <name>.debug_info</name>
         <load_address>0x21bd</load_address>
         <run_address>0x21bd</run_address>
         <size>0x204</size>
         <input_file_ref idref="fl-2"/>
      </object_component>
      <object_component id="oc-29d">
         <name>.debug_info</name>
         <load_address>0x23c1</load_address>
         <run_address>0x23c1</run_address>
         <size>0x29b</size>
         <input_file_ref idref="fl-2"/>
      </object_component>
      <object_component id="oc-2e4">
         <name>.debug_info</name>
         <load_address>0x265c</load_address>
         <run_address>0x265c</run_address>
         <size>0x3bc</size>
         <input_file_ref idref="fl-2"/>
      </object_component>
      <object_component id="oc-3b0">
         <name>.debug_info</name>
         <load_address>0x2a18</load_address>
         <run_address>0x2a18</run_address>
         <size>0x20a</size>
         <input_file_ref idref="fl-2"/>
      </object_component>
      <object_component id="oc-296">
         <name>.debug_info</name>
         <load_address>0x2c22</load_address>
         <run_address>0x2c22</run_address>
         <size>0x70b</size>
         <input_file_ref idref="fl-2"/>
      </object_component>
      <object_component id="oc-165">
         <name>.debug_info</name>
         <load_address>0x332d</load_address>
         <run_address>0x332d</run_address>
         <size>0x134</size>
         <input_file_ref idref="fl-2"/>
      </object_component>
      <object_component id="oc-171">
         <name>.debug_info</name>
         <load_address>0x3461</load_address>
         <run_address>0x3461</run_address>
         <size>0x124</size>
         <input_file_ref idref="fl-2"/>
      </object_component>
      <object_component id="oc-189">
         <name>.debug_info</name>
         <load_address>0x3585</load_address>
         <run_address>0x3585</run_address>
         <size>0x15e</size>
         <input_file_ref idref="fl-2"/>
      </object_component>
      <object_component id="oc-16b">
         <name>.debug_info</name>
         <load_address>0x36e3</load_address>
         <run_address>0x36e3</run_address>
         <size>0x142</size>
         <input_file_ref idref="fl-2"/>
      </object_component>
      <object_component id="oc-c2">
         <name>.debug_info</name>
         <load_address>0x3825</load_address>
         <run_address>0x3825</run_address>
         <size>0x26b</size>
         <input_file_ref idref="fl-2"/>
      </object_component>
      <object_component id="oc-ff">
         <name>.debug_info</name>
         <load_address>0x3a90</load_address>
         <run_address>0x3a90</run_address>
         <size>0x8b</size>
         <input_file_ref idref="fl-2"/>
      </object_component>
      <object_component id="oc-10c">
         <name>.debug_info</name>
         <load_address>0x3b1b</load_address>
         <run_address>0x3b1b</run_address>
         <size>0x297</size>
         <input_file_ref idref="fl-2"/>
      </object_component>
      <object_component id="oc-417">
         <name>.debug_info</name>
         <load_address>0x3db2</load_address>
         <run_address>0x3db2</run_address>
         <size>0xef</size>
         <input_file_ref idref="fl-2"/>
      </object_component>
      <object_component id="oc-bb">
         <name>.debug_info</name>
         <load_address>0x3ea1</load_address>
         <run_address>0x3ea1</run_address>
         <size>0xbb</size>
         <input_file_ref idref="fl-2"/>
      </object_component>
      <object_component id="oc-119">
         <name>.debug_info</name>
         <load_address>0x3f5c</load_address>
         <run_address>0x3f5c</run_address>
         <size>0x2c</size>
         <input_file_ref idref="fl-2"/>
      </object_component>
      <object_component id="oc-289">
         <name>.debug_info</name>
         <load_address>0x3f88</load_address>
         <run_address>0x3f88</run_address>
         <size>0x2c</size>
         <input_file_ref idref="fl-2"/>
      </object_component>
      <object_component id="oc-fe">
         <name>.debug_info</name>
         <load_address>0x3fb4</load_address>
         <run_address>0x3fb4</run_address>
         <size>0x729</size>
         <input_file_ref idref="fl-3"/>
      </object_component>
      <object_component id="oc-a0">
         <name>.debug_info</name>
         <load_address>0x46dd</load_address>
         <run_address>0x46dd</run_address>
         <size>0x2bf</size>
         <input_file_ref idref="fl-3"/>
      </object_component>
      <object_component id="oc-13b">
         <name>.debug_info</name>
         <load_address>0x499c</load_address>
         <run_address>0x499c</run_address>
         <size>0x21c</size>
         <input_file_ref idref="fl-3"/>
      </object_component>
      <object_component id="oc-50">
         <name>.debug_info</name>
         <load_address>0x4bb8</load_address>
         <run_address>0x4bb8</run_address>
         <size>0x192</size>
         <input_file_ref idref="fl-3"/>
      </object_component>
      <object_component id="oc-141">
         <name>.debug_info</name>
         <load_address>0x4d4a</load_address>
         <run_address>0x4d4a</run_address>
         <size>0x1e1</size>
         <input_file_ref idref="fl-3"/>
      </object_component>
      <object_component id="oc-3e">
         <name>.debug_info</name>
         <load_address>0x4f2b</load_address>
         <run_address>0x4f2b</run_address>
         <size>0x149</size>
         <input_file_ref idref="fl-3"/>
      </object_component>
      <object_component id="oc-147">
         <name>.debug_info</name>
         <load_address>0x5074</load_address>
         <run_address>0x5074</run_address>
         <size>0x1e7</size>
         <input_file_ref idref="fl-3"/>
      </object_component>
      <object_component id="oc-44">
         <name>.debug_info</name>
         <load_address>0x525b</load_address>
         <run_address>0x525b</run_address>
         <size>0x14d</size>
         <input_file_ref idref="fl-3"/>
      </object_component>
      <object_component id="oc-4a">
         <name>.debug_info</name>
         <load_address>0x53a8</load_address>
         <run_address>0x53a8</run_address>
         <size>0x14d</size>
         <input_file_ref idref="fl-3"/>
      </object_component>
      <object_component id="oc-2a4">
         <name>.debug_info</name>
         <load_address>0x54f5</load_address>
         <run_address>0x54f5</run_address>
         <size>0x1e7</size>
         <input_file_ref idref="fl-3"/>
      </object_component>
      <object_component id="oc-2aa">
         <name>.debug_info</name>
         <load_address>0x56dc</load_address>
         <run_address>0x56dc</run_address>
         <size>0x156</size>
         <input_file_ref idref="fl-3"/>
      </object_component>
      <object_component id="oc-177">
         <name>.debug_info</name>
         <load_address>0x5832</load_address>
         <run_address>0x5832</run_address>
         <size>0x267</size>
         <input_file_ref idref="fl-3"/>
      </object_component>
      <object_component id="oc-106">
         <name>.debug_info</name>
         <load_address>0x5a99</load_address>
         <run_address>0x5a99</run_address>
         <size>0x7f3</size>
         <input_file_ref idref="fl-4"/>
      </object_component>
      <object_component id="oc-a4">
         <name>.debug_info</name>
         <load_address>0x628c</load_address>
         <run_address>0x628c</run_address>
         <size>0xee</size>
         <input_file_ref idref="fl-4"/>
      </object_component>
      <object_component id="oc-126">
         <name>.debug_info</name>
         <load_address>0x637a</load_address>
         <run_address>0x637a</run_address>
         <size>0x131</size>
         <input_file_ref idref="fl-4"/>
      </object_component>
      <object_component id="oc-132">
         <name>.debug_info</name>
         <load_address>0x64ab</load_address>
         <run_address>0x64ab</run_address>
         <size>0x1fd</size>
         <input_file_ref idref="fl-4"/>
      </object_component>
      <object_component id="oc-12c">
         <name>.debug_info</name>
         <load_address>0x66a8</load_address>
         <run_address>0x66a8</run_address>
         <size>0x1e2</size>
         <input_file_ref idref="fl-4"/>
      </object_component>
      <object_component id="oc-ec">
         <name>.debug_info</name>
         <load_address>0x688a</load_address>
         <run_address>0x688a</run_address>
         <size>0x2c6</size>
         <input_file_ref idref="fl-4"/>
      </object_component>
      <object_component id="oc-57">
         <name>.debug_info</name>
         <load_address>0x6b50</load_address>
         <run_address>0x6b50</run_address>
         <size>0x38e</size>
         <input_file_ref idref="fl-5"/>
      </object_component>
      <object_component id="oc-11">
         <name>.debug_info</name>
         <load_address>0x6ede</load_address>
         <run_address>0x6ede</run_address>
         <size>0xed</size>
         <input_file_ref idref="fl-5"/>
      </object_component>
      <object_component id="oc-27">
         <name>.debug_info</name>
         <load_address>0x6fcb</load_address>
         <run_address>0x6fcb</run_address>
         <size>0x11d</size>
         <input_file_ref idref="fl-5"/>
      </object_component>
      <object_component id="oc-2c">
         <name>.debug_info</name>
         <load_address>0x70e8</load_address>
         <run_address>0x70e8</run_address>
         <size>0x10b</size>
         <input_file_ref idref="fl-5"/>
      </object_component>
      <object_component id="oc-32">
         <name>.debug_info</name>
         <load_address>0x71f3</load_address>
         <run_address>0x71f3</run_address>
         <size>0x112</size>
         <input_file_ref idref="fl-5"/>
      </object_component>
      <object_component id="oc-38">
         <name>.debug_info</name>
         <load_address>0x7305</load_address>
         <run_address>0x7305</run_address>
         <size>0x126</size>
         <input_file_ref idref="fl-5"/>
      </object_component>
      <object_component id="oc-5e">
         <name>.debug_info</name>
         <load_address>0x742b</load_address>
         <run_address>0x742b</run_address>
         <size>0x84</size>
         <input_file_ref idref="fl-5"/>
      </object_component>
      <object_component id="oc-288">
         <name>.debug_info</name>
         <load_address>0x74af</load_address>
         <run_address>0x74af</run_address>
         <size>0x2a5</size>
         <input_file_ref idref="fl-6"/>
      </object_component>
      <object_component id="oc-338">
         <name>.debug_info</name>
         <load_address>0x7754</load_address>
         <run_address>0x7754</run_address>
         <size>0xe6</size>
         <input_file_ref idref="fl-6"/>
      </object_component>
      <object_component id="oc-378">
         <name>.debug_info</name>
         <load_address>0x783a</load_address>
         <run_address>0x783a</run_address>
         <size>0xe0</size>
         <input_file_ref idref="fl-6"/>
      </object_component>
      <object_component id="oc-33e">
         <name>.debug_info</name>
         <load_address>0x791a</load_address>
         <run_address>0x791a</run_address>
         <size>0xee</size>
         <input_file_ref idref="fl-6"/>
      </object_component>
      <object_component id="oc-335">
         <name>.debug_info</name>
         <load_address>0x7a08</load_address>
         <run_address>0x7a08</run_address>
         <size>0xf2</size>
         <input_file_ref idref="fl-6"/>
      </object_component>
      <object_component id="oc-1f8">
         <name>.debug_info</name>
         <load_address>0x7afa</load_address>
         <run_address>0x7afa</run_address>
         <size>0x1f9</size>
         <input_file_ref idref="fl-6"/>
      </object_component>
      <object_component id="oc-36d">
         <name>.debug_info</name>
         <load_address>0x7cf3</load_address>
         <run_address>0x7cf3</run_address>
         <size>0x196</size>
         <input_file_ref idref="fl-6"/>
      </object_component>
      <object_component id="oc-33a">
         <name>.debug_info</name>
         <load_address>0x7e89</load_address>
         <run_address>0x7e89</run_address>
         <size>0x1f5</size>
         <input_file_ref idref="fl-6"/>
      </object_component>
      <object_component id="oc-282">
         <name>.debug_info</name>
         <load_address>0x807e</load_address>
         <run_address>0x807e</run_address>
         <size>0x2f6</size>
         <input_file_ref idref="fl-6"/>
      </object_component>
      <object_component id="oc-15f">
         <name>.debug_info</name>
         <load_address>0x8374</load_address>
         <run_address>0x8374</run_address>
         <size>0x161</size>
         <input_file_ref idref="fl-6"/>
      </object_component>
      <object_component id="oc-109">
         <name>.debug_info</name>
         <load_address>0x84d5</load_address>
         <run_address>0x84d5</run_address>
         <size>0x3e4</size>
         <input_file_ref idref="fl-c"/>
      </object_component>
      <object_component id="oc-435">
         <name>.debug_info</name>
         <load_address>0x88b9</load_address>
         <run_address>0x88b9</run_address>
         <size>0x170</size>
         <input_file_ref idref="fl-c"/>
      </object_component>
      <object_component id="oc-438">
         <name>.debug_info</name>
         <load_address>0x8a29</load_address>
         <run_address>0x8a29</run_address>
         <size>0x172</size>
         <input_file_ref idref="fl-c"/>
      </object_component>
      <object_component id="oc-324">
         <name>.debug_info</name>
         <load_address>0x8b9b</load_address>
         <run_address>0x8b9b</run_address>
         <size>0x164</size>
         <input_file_ref idref="fl-c"/>
      </object_component>
      <object_component id="oc-32a">
         <name>.debug_info</name>
         <load_address>0x8cff</load_address>
         <run_address>0x8cff</run_address>
         <size>0x2bc</size>
         <input_file_ref idref="fl-c"/>
      </object_component>
      <object_component id="oc-330">
         <name>.debug_info</name>
         <load_address>0x8fbb</load_address>
         <run_address>0x8fbb</run_address>
         <size>0x31f</size>
         <input_file_ref idref="fl-c"/>
      </object_component>
      <object_component id="oc-1f4">
         <name>.debug_info</name>
         <load_address>0x92da</load_address>
         <run_address>0x92da</run_address>
         <size>0x29b</size>
         <input_file_ref idref="fl-c"/>
      </object_component>
      <object_component id="oc-26d">
         <name>.debug_info</name>
         <load_address>0x9575</load_address>
         <run_address>0x9575</run_address>
         <size>0x2c0</size>
         <input_file_ref idref="fl-c"/>
      </object_component>
      <object_component id="oc-21b">
         <name>.debug_info</name>
         <load_address>0x9835</load_address>
         <run_address>0x9835</run_address>
         <size>0x2a5</size>
         <input_file_ref idref="fl-c"/>
      </object_component>
      <object_component id="oc-b1">
         <name>.debug_info</name>
         <load_address>0x9ada</load_address>
         <run_address>0x9ada</run_address>
         <size>0x284</size>
         <input_file_ref idref="fl-c"/>
      </object_component>
      <object_component id="oc-1ee">
         <name>.debug_info</name>
         <load_address>0x9d5e</load_address>
         <run_address>0x9d5e</run_address>
         <size>0x289</size>
         <input_file_ref idref="fl-c"/>
      </object_component>
      <object_component id="oc-34a">
         <name>.debug_info</name>
         <load_address>0x9fe7</load_address>
         <run_address>0x9fe7</run_address>
         <size>0x2a1</size>
         <input_file_ref idref="fl-c"/>
      </object_component>
      <object_component id="oc-221">
         <name>.debug_info</name>
         <load_address>0xa288</load_address>
         <run_address>0xa288</run_address>
         <size>0x2c4</size>
         <input_file_ref idref="fl-c"/>
      </object_component>
      <object_component id="oc-ab">
         <name>.debug_info</name>
         <load_address>0xa54c</load_address>
         <run_address>0xa54c</run_address>
         <size>0x288</size>
         <input_file_ref idref="fl-c"/>
      </object_component>
      <object_component id="oc-227">
         <name>.debug_info</name>
         <load_address>0xa7d4</load_address>
         <run_address>0xa7d4</run_address>
         <size>0x2d8</size>
         <input_file_ref idref="fl-c"/>
      </object_component>
      <object_component id="oc-22c">
         <name>.debug_info</name>
         <load_address>0xaaac</load_address>
         <run_address>0xaaac</run_address>
         <size>0x298</size>
         <input_file_ref idref="fl-c"/>
      </object_component>
      <object_component id="oc-b6">
         <name>.debug_info</name>
         <load_address>0xad44</load_address>
         <run_address>0xad44</run_address>
         <size>0x296</size>
         <input_file_ref idref="fl-c"/>
      </object_component>
      <object_component id="oc-359">
         <name>.debug_info</name>
         <load_address>0xafda</load_address>
         <run_address>0xafda</run_address>
         <size>0x3b7</size>
         <input_file_ref idref="fl-d"/>
      </object_component>
      <object_component id="oc-35b">
         <name>.debug_info</name>
         <load_address>0xb391</load_address>
         <run_address>0xb391</run_address>
         <size>0x157</size>
         <input_file_ref idref="fl-d"/>
      </object_component>
      <object_component id="oc-356">
         <name>.debug_info</name>
         <load_address>0xb4e8</load_address>
         <run_address>0xb4e8</run_address>
         <size>0x15b</size>
         <input_file_ref idref="fl-d"/>
      </object_component>
      <object_component id="oc-43c">
         <name>.debug_info</name>
         <load_address>0xb643</load_address>
         <run_address>0xb643</run_address>
         <size>0x160</size>
         <input_file_ref idref="fl-d"/>
      </object_component>
      <object_component id="oc-34f">
         <name>.debug_info</name>
         <load_address>0xb7a3</load_address>
         <run_address>0xb7a3</run_address>
         <size>0x2ca</size>
         <input_file_ref idref="fl-d"/>
      </object_component>
      <object_component id="oc-238">
         <name>.debug_info</name>
         <load_address>0xba6d</load_address>
         <run_address>0xba6d</run_address>
         <size>0x2d2</size>
         <input_file_ref idref="fl-d"/>
      </object_component>
      <object_component id="oc-14d">
         <name>.debug_info</name>
         <load_address>0xbd3f</load_address>
         <run_address>0xbd3f</run_address>
         <size>0x247</size>
         <input_file_ref idref="fl-d"/>
      </object_component>
      <object_component id="oc-135">
         <name>.debug_info</name>
         <load_address>0xbf86</load_address>
         <run_address>0xbf86</run_address>
         <size>0x249</size>
         <input_file_ref idref="fl-d"/>
      </object_component>
      <object_component id="oc-231">
         <name>.debug_info</name>
         <load_address>0xc1cf</load_address>
         <run_address>0xc1cf</run_address>
         <size>0x271</size>
         <input_file_ref idref="fl-d"/>
      </object_component>
      <object_component id="oc-320">
         <name>.debug_info</name>
         <load_address>0xc440</load_address>
         <run_address>0xc440</run_address>
         <size>0x441</size>
         <input_file_ref idref="fl-e"/>
      </object_component>
      <object_component id="oc-317">
         <name>.debug_info</name>
         <load_address>0xc881</load_address>
         <run_address>0xc881</run_address>
         <size>0x156</size>
         <input_file_ref idref="fl-e"/>
      </object_component>
      <object_component id="oc-31a">
         <name>.debug_info</name>
         <load_address>0xc9d7</load_address>
         <run_address>0xc9d7</run_address>
         <size>0x162</size>
[...]
         <value>0x20004278</value>
         <object_component_ref idref="oc-9f"/>
      </symbol>
      <symbol id="sm-27a">
         <name>distance_total</name>
         <value>0x2000428c</value>
         <object_component_ref idref="oc-9f"/>
      </symbol>
      <symbol id="sm-27b">
         <name>thisS1</name>
         <value>0x2000427b</value>
         <object_component_ref idref="oc-9f"/>
      </symbol>
      <symbol id="sm-27c">
         <name>thisS2</name>
         <value>0x2000427c</value>
         <object_component_ref idref="oc-9f"/>
      </symbol>
      <symbol id="sm-27d">
         <name>calc_flag</name>
         <value>0x20004288</value>
         <object_component_ref idref="oc-9f"/>
      </symbol>
      <symbol id="sm-27e">
         <name>motor_interrupt_handler</name>
         <value>0x3ff9</value>
         <object_component_ref idref="oc-4f"/>
      </symbol>
      <symbol id="sm-27f">
         <name>init_motor_ports_interrupts</name>
         <value>0x4dd9</value>
         <object_component_ref idref="oc-13a"/>
      </symbol>
      <symbol id="sm-280">
         <name>count</name>
         <value>0x20004280</value>
         <object_component_ref idref="oc-9f"/>
      </symbol>
      <symbol id="sm-281">
         <name>max_dist_reached</name>
         <value>0x20004290</value>
         <object_component_ref idref="oc-9f"/>
      </symbol>
      <symbol id="sm-282">
         <name>warning_flag</name>
         <value>0x20004291</value>
         <object_component_ref idref="oc-9f"/>
      </symbol>
      <symbol id="sm-283">
         <name>prevS1</name>
         <value>0x20004279</value>
         <object_component_ref idref="oc-9f"/>
      </symbol>
      <symbol id="sm-284">
         <name>prevS2</name>
         <value>0x2000427a</value>
         <object_component_ref idref="oc-9f"/>
      </symbol>
      <symbol id="sm-285">
         <name>display_interrupt_handler</name>
         <value>0x57fd</value>
         <object_component_ref idref="oc-43"/>
      </symbol>
      <symbol id="sm-286">
         <name>init_timer_interrupt</name>
         <value>0x4e39</value>
         <object_component_ref idref="oc-140"/>
      </symbol>
      <symbol id="sm-2d3">
         <name>sysclk</name>
         <value>0x200042c8</value>
      </symbol>
      <symbol id="sm-2d4">
         <name>window_timer_period</name>
         <value>0x200042d0</value>
      </symbol>
      <symbol id="sm-2d5">
         <name>display_timer_period</name>
         <value>0x200042c4</value>
      </symbol>
      <symbol id="sm-2d6">
         <name>warning_timer_period</name>
         <value>0x200042cc</value>
      </symbol>
      <symbol id="sm-2d7">
         <name>update_display</name>
         <value>0x20004293</value>
         <object_component_ref idref="oc-a3"/>
      </symbol>
      <symbol id="sm-2d8">
         <name>init_clock</name>
         <value>0x5819</value>
         <object_component_ref idref="oc-122"/>
      </symbol>
      <symbol id="sm-2d9">
         <name>main</name>
         <value>0x4449</value>
         <object_component_ref idref="oc-e8"/>
      </symbol>
      <symbol id="sm-2da">
         <name>init_uart</name>
         <value>0x4fb1</value>
         <object_component_ref idref="oc-128"/>
      </symbol>
      <symbol id="sm-2db">
         <name>init_timer</name>
         <value>0x46b5</value>
         <object_component_ref idref="oc-12e"/>
      </symbol>
      <symbol id="sm-311">
         <name>ResetISR</name>
         <value>0x5a39</value>
         <object_component_ref idref="oc-25"/>
      </symbol>
      <symbol id="sm-312">
         <name>g_pfnVectors</name>
         <value>0x0</value>
         <object_component_ref idref="oc-10"/>
      </symbol>
      <symbol id="sm-395">
         <name>UARTStdioConfig</name>
         <value>0x49c1</value>
         <object_component_ref idref="oc-1f7"/>
      </symbol>
      <symbol id="sm-396">
         <name>UARTwrite</name>
         <value>0x4c51</value>
         <object_component_ref idref="oc-36c"/>
      </symbol>
      <symbol id="sm-397">
         <name>UARTprintf</name>
         <value>0x5759</value>
         <object_component_ref idref="oc-15e"/>
      </symbol>
      <symbol id="sm-398">
         <name>UARTvprintf</name>
         <value>0x23f5</value>
         <object_component_ref idref="oc-281"/>
      </symbol>
      <symbol id="sm-431">
         <name>GPIOIntRegister</name>
         <value>0x5885</value>
         <object_component_ref idref="oc-224"/>
      </symbol>
      <symbol id="sm-432">
         <name>GPIOPinConfigure</name>
         <value>0x515d</value>
         <object_component_ref idref="oc-1eb"/>
      </symbol>
      <symbol id="sm-433">
         <name>GPIOIntEnable</name>
         <value>0x5a11</value>
         <object_component_ref idref="oc-22a"/>
      </symbol>
      <symbol id="sm-434">
         <name>GPIOIntTypeSet</name>
         <value>0x4f57</value>
         <object_component_ref idref="oc-21e"/>
      </symbol>
      <symbol id="sm-435">
         <name>GPIOPinTypeGPIOInput</name>
         <value>0x58fd</value>
         <object_component_ref idref="oc-218"/>
      </symbol>
      <symbol id="sm-436">
         <name>GPIOIntClear</name>
         <value>0x5a2d</value>
         <object_component_ref idref="oc-b4"/>
      </symbol>
      <symbol id="sm-437">
         <name>GPIOPinTypeUART</name>
         <value>0x5913</value>
         <object_component_ref idref="oc-1f1"/>
      </symbol>
      <symbol id="sm-438">
         <name>GPIOIntStatus</name>
         <value>0x59cf</value>
         <object_component_ref idref="oc-a8"/>
      </symbol>
      <symbol id="sm-439">
         <name>GPIOPinTypeGPIOOutput</name>
         <value>0x5851</value>
         <object_component_ref idref="oc-26a"/>
      </symbol>
      <symbol id="sm-43a">
         <name>GPIOPinRead</name>
         <value>0x5a33</value>
         <object_component_ref idref="oc-ae"/>
      </symbol>
      <symbol id="sm-43b">
         <name>GPIODirModeSet</name>
         <value>0x56b7</value>
         <object_component_ref idref="oc-327"/>
      </symbol>
      <symbol id="sm-43c">
         <name>GPIOPadConfigSet</name>
         <value>0x3611</value>
         <object_component_ref idref="oc-32d"/>
      </symbol>
      <symbol id="sm-490">
         <name>IntPrioritySet</name>
         <value>0x5735</value>
         <object_component_ref idref="oc-236"/>
      </symbol>
      <symbol id="sm-491">
         <name>IntEnable</name>
         <value>0x4b81</value>
         <object_component_ref idref="oc-230"/>
      </symbol>
      <symbol id="sm-492">
         <name>IntRegister</name>
         <value>0x558d</value>
         <object_component_ref idref="oc-34d"/>
      </symbol>
      <symbol id="sm-493">
         <name>IntMasterDisable</name>
         <value>0x599f</value>
         <object_component_ref idref="oc-134"/>
      </symbol>
      <symbol id="sm-494">
         <name>g_pfnRAMVectors</name>
         <value>0x20000000</value>
         <object_component_ref idref="oc-43b"/>
      </symbol>
      <symbol id="sm-495">
         <name>IntMasterEnable</name>
         <value>0x59af</value>
         <object_component_ref idref="oc-14c"/>
      </symbol>
      <symbol id="sm-510">
         <name>SysCtlDelay</name>
         <value>0x5a3f</value>
         <object_component_ref idref="oc-271"/>
      </symbol>
      <symbol id="sm-511">
         <name>SysCtlPeripheralEnable</name>
         <value>0x55c1</value>
         <object_component_ref idref="oc-1df"/>
      </symbol>
      <symbol id="sm-512">
         <name>SysCtlPeripheralReady</name>
         <value>0x54e5</value>
         <object_component_ref idref="oc-1e5"/>
      </symbol>
      <symbol id="sm-513">
         <name>SysCtlClockFreqSet</name>
         <value>0x2ba1</value>
         <object_component_ref idref="oc-1d7"/>
      </symbol>
      <symbol id="sm-578">
         <name>TimerLoadSet</name>
         <value>0x597b</value>
         <object_component_ref idref="oc-249"/>
      </symbol>
      <symbol id="sm-579">
         <name>TimerDisable</name>
         <value>0x589d</value>
         <object_component_ref idref="oc-23d"/>
      </symbol>
      <symbol id="sm-57a">
         <name>TimerIntRegister</name>
         <value>0x58b5</value>
         <object_component_ref idref="oc-24f"/>
      </symbol>
      <symbol id="sm-57b">
         <name>TimerEnable</name>
         <value>0x59dd</value>
         <object_component_ref idref="oc-25b"/>
      </symbol>
      <symbol id="sm-57c">
         <name>TimerIntEnable</name>
         <value>0x5a1d</value>
         <object_component_ref idref="oc-255"/>
      </symbol>
      <symbol id="sm-57d">
         <name>TimerConfigure</name>
         <value>0x4d19</value>
         <object_component_ref idref="oc-243"/>
      </symbol>
      <symbol id="sm-57e">
         <name>TimerIntClear</name>
         <value>0x5a45</value>
         <object_component_ref idref="oc-99"/>
      </symbol>
      <symbol id="sm-590">
         <name>CPUcpsie</name>
         <value>0x5a05</value>
         <object_component_ref idref="oc-263"/>
      </symbol>
      <symbol id="sm-591">
         <name>CPUcpsid</name>
         <value>0x59f9</value>
         <object_component_ref idref="oc-211"/>
      </symbol>
      <symbol id="sm-5c0">
         <name>snprintf</name>
         <value>0x5241</value>
         <object_component_ref idref="oc-2ba"/>
      </symbol>
      <symbol id="sm-61b">
         <name>cosl</name>
         <value>0x1389</value>
         <object_component_ref idref="oc-394"/>
      </symbol>
      <symbol id="sm-61c">
         <name>cos</name>
         <value>0x1389</value>
         <object_component_ref idref="oc-394"/>
      </symbol>
      <symbol id="sm-668">
         <name>sin</name>
         <value>0x1965</value>
         <object_component_ref idref="oc-39f"/>
      </symbol>
      <symbol id="sm-669">
         <name>sinl</name>
         <value>0x1965</value>
         <object_component_ref idref="oc-39f"/>
      </symbol>
      <symbol id="sm-680">
         <name>__aeabi_dsub</name>
         <value>0x3161</value>
         <object_component_ref idref="oc-38a"/>
      </symbol>
      <symbol id="sm-681">
         <name>__aeabi_dadd</name>
         <value>0x316b</value>
         <object_component_ref idref="oc-38a"/>
      </symbol>
      <symbol id="sm-6a3">
         <name>__aeabi_cdcmpeq</name>
         <value>0x4741</value>
         <object_component_ref idref="oc-3aa"/>
      </symbol>
      <symbol id="sm-6a4">
         <name>__aeabi_cdcmple</name>
         <value>0x4741</value>
         <object_component_ref idref="oc-3aa"/>
      </symbol>
      <symbol id="sm-6a5">
         <name>__aeabi_cdrcmple</name>
         <value>0x47c7</value>
         <object_component_ref idref="oc-2b4"/>
      </symbol>
      <symbol id="sm-6b9">
         <name>__aeabi_ddiv</name>
         <value>0x3b85</value>
         <object_component_ref idref="oc-203"/>
      </symbol>
      <symbol id="sm-6c4">
         <name>__aeabi_dmul</name>
         <value>0x40f9</value>
         <object_component_ref idref="oc-38f"/>
      </symbol>
      <symbol id="sm-6ce">
         <name>__aeabi_d2iz</name>
         <value>0x52d5</value>
         <object_component_ref idref="oc-39a"/>
      </symbol>
      <symbol id="sm-6da">
         <name>__aeabi_d2f</name>
         <value>0x4b13</value>
         <object_component_ref idref="oc-3a5"/>
      </symbol>
      <symbol id="sm-6e4">
         <name>__aeabi_d2uiz</name>
         <value>0x53e9</value>
         <object_component_ref idref="oc-208"/>
      </symbol>
      <symbol id="sm-6ef">
         <name>__aeabi_f2d</name>
         <value>0x551d</value>
         <object_component_ref idref="oc-2af"/>
      </symbol>
      <symbol id="sm-6f9">
         <name>__aeabi_i2d</name>
         <value>0x5689</value>
         <object_component_ref idref="oc-385"/>
      </symbol>
      <symbol id="sm-714">
         <name>memcpy</name>
         <value>0x44f1</value>
         <object_component_ref idref="oc-63"/>
      </symbol>
      <symbol id="sm-715">
         <name>__aeabi_memcpy</name>
         <value>0x44f1</value>
         <object_component_ref idref="oc-63"/>
      </symbol>
      <symbol id="sm-716">
         <name>__aeabi_memcpy8</name>
         <value>0x44f1</value>
         <object_component_ref idref="oc-63"/>
      </symbol>
      <symbol id="sm-717">
         <name>__aeabi_memcpy4</name>
         <value>0x44f1</value>
         <object_component_ref idref="oc-63"/>
      </symbol>
      <symbol id="sm-721">
         <name>__aeabi_ui2d</name>
         <value>0x57c1</value>
         <object_component_ref idref="oc-1fe"/>
      </symbol>
      <symbol id="sm-730">
         <name>__aeabi_uidivmod</name>
         <value>0x542d</value>
         <object_component_ref idref="oc-372"/>
      </symbol>
      <symbol id="sm-731">
         <name>__aeabi_uidiv</name>
         <value>0x542d</value>
         <object_component_ref idref="oc-372"/>
      </symbol>
      <symbol id="sm-745">
         <name>__TI_zero_init_nomemset</name>
         <value>0x57e1</value>
         <object_component_ref idref="oc-6f"/>
      </symbol>
      <symbol id="sm-75c">
         <name>__TI_decompress_none</name>
         <value>0x59eb</value>
         <object_component_ref idref="oc-19"/>
      </symbol>
      <symbol id="sm-77f">
         <name>__TI_decompress_lzss</name>
         <value>0x4be9</value>
         <object_component_ref idref="oc-13"/>
      </symbol>
      <symbol id="sm-78d">
         <name>strlen</name>
         <value>0x5967</value>
         <object_component_ref idref="oc-2c0"/>
      </symbol>
      <symbol id="sm-7fd">
         <name>__kernel_rem_pio2</name>
         <value>0xc51</value>
         <object_component_ref idref="oc-45f"/>
      </symbol>
      <symbol id="sm-810">
         <name>__stack</name>
         <value>0x20000270</value>
         <object_component_ref idref="oc-22"/>
      </symbol>
      <symbol id="sm-811">
         <name>_c_int00_noargs</name>
         <value>0x55f5</value>
         <object_component_ref idref="oc-81"/>
      </symbol>
      <symbol id="sm-976">
         <name>__TI_printfi</name>
         <value>0x201</value>
         <object_component_ref idref="oc-3c4"/>
      </symbol>
      <symbol id="sm-98c">
         <name>__kernel_cos</name>
         <value>0x377d</value>
         <object_component_ref idref="oc-459"/>
      </symbol>
      <symbol id="sm-9a3">
         <name>__kernel_sin</name>
         <value>0x349d</value>
         <object_component_ref idref="oc-465"/>
      </symbol>
      <symbol id="sm-9c0">
         <name>floorl</name>
         <value>0x41f5</value>
         <object_component_ref idref="oc-4e9"/>
      </symbol>
      <symbol id="sm-9c1">
         <name>floor</name>
         <value>0x41f5</value>
         <object_component_ref idref="oc-4e9"/>
      </symbol>
      <symbol id="sm-9d7">
         <name>frexpl</name>
         <value>0x4cb5</value>
         <object_component_ref idref="oc-531"/>
      </symbol>
      <symbol id="sm-9d8">
         <name>frexp</name>
         <value>0x4cb5</value>
         <object_component_ref idref="oc-531"/>
      </symbol>
      <symbol id="sm-9f5">
         <name>scalbn</name>
         <value>0x3de1</value>
         <object_component_ref idref="oc-4e3"/>
      </symbol>
      <symbol id="sm-9f6">
         <name>scalbnl</name>
         <value>0x3de1</value>
         <object_component_ref idref="oc-4e3"/>
      </symbol>
      <symbol id="sm-9f7">
         <name>ldexpl</name>
         <value>0x3de1</value>
         <object_component_ref idref="oc-4e3"/>
      </symbol>
      <symbol id="sm-9f8">
         <name>ldexp</name>
         <value>0x3de1</value>
         <object_component_ref idref="oc-4e3"/>
      </symbol>
      <symbol id="sm-a02">
         <name>__aeabi_idiv0</name>
         <value>0x4623</value>
         <object_component_ref idref="oc-44d"/>
      </symbol>
      <symbol id="sm-a03">
         <name>__aeabi_ldiv0</name>
         <value>0x4623</value>
         <object_component_ref idref="oc-44d"/>
      </symbol>
      <symbol id="sm-a10">
         <name>__aeabi_uldivmod</name>
         <value>0x458d</value>
         <object_component_ref idref="oc-50a"/>
      </symbol>
      <symbol id="sm-a1f">
         <name>__aeabi_memset</name>
         <value>0x4949</value>
         <object_component_ref idref="oc-dc"/>
      </symbol>
      <symbol id="sm-a20">
         <name>memset</name>
         <value>0x494f</value>
         <object_component_ref idref="oc-dc"/>
      </symbol>
      <symbol id="sm-a21">
         <name>__aeabi_memset8</name>
         <value>0x4949</value>
         <object_component_ref idref="oc-dc"/>
      </symbol>
      <symbol id="sm-a22">
         <name>__aeabi_memset4</name>
         <value>0x4949</value>
         <object_component_ref idref="oc-dc"/>
      </symbol>
      <symbol id="sm-a23">
         <name>__aeabi_memclr8</name>
         <value>0x4947</value>
         <object_component_ref idref="oc-dc"/>
      </symbol>
      <symbol id="sm-a24">
         <name>__aeabi_memclr4</name>
         <value>0x4947</value>
         <object_component_ref idref="oc-dc"/>
      </symbol>
      <symbol id="sm-a25">
         <name>__aeabi_memclr</name>
         <value>0x4947</value>
         <object_component_ref idref="oc-dc"/>
      </symbol>
      <symbol id="sm-a4d">
         <name>__TI_auto_init_nobinit_nopinit</name>
         <value>0x5361</value>
         <object_component_ref idref="oc-19b"/>
      </symbol>
      <symbol id="sm-a57">
         <name>_system_pre_init</name>
         <value>0x5a49</value>
         <object_component_ref idref="oc-e2"/>
      </symbol>
      <symbol id="sm-a63">
         <name>C$$EXIT</name>
         <value>0x5a4d</value>
         <object_component_ref idref="oc-18f"/>
      </symbol>
      <symbol id="sm-a64">
         <name>abort</name>
         <value>0x5a4d</value>
         <object_component_ref idref="oc-18f"/>
      </symbol>
      <symbol id="sm-a7c">
         <name>atoi</name>
         <value>0x51f5</value>
         <object_component_ref idref="oc-47b"/>
      </symbol>
      <symbol id="sm-a87">
         <name>_ctypes_</name>
         <value>0x5d58</value>
         <object_component_ref idref="oc-505"/>
      </symbol>
      <symbol id="sm-a96">
         <name>ltoa</name>
         <value>0x50b7</value>
         <object_component_ref idref="oc-510"/>
      </symbol>
      <symbol id="sm-aa6">
         <name>memccpy</name>
         <value>0x5835</value>
         <object_component_ref idref="oc-49f"/>
      </symbol>
      <symbol id="sm-ab6">
         <name>strchr</name>
         <value>0x5929</value>
         <object_component_ref idref="oc-537"/>
      </symbol>
      <symbol id="sm-acc">
         <name>__aeabi_errno_addr</name>
         <value>0x5a25</value>
         <object_component_ref idref="oc-4ab"/>
      </symbol>
      <symbol id="sm-acd">
         <name>errno</name>
         <value>0x20004294</value>
         <object_component_ref idref="oc-547"/>
      </symbol>
      <symbol id="sm-ae6">
         <name>wcslen</name>
         <value>0x598d</value>
         <object_component_ref idref="oc-4a5"/>
      </symbol>
      <symbol id="sm-af0">
         <name>copysign</name>
         <value>0x586b</value>
         <object_component_ref idref="oc-55a"/>
      </symbol>
      <symbol id="sm-af1">
         <name>copysignl</name>
         <value>0x586b</value>
         <object_component_ref idref="oc-55a"/>
      </symbol>
      <symbol id="sm-af2">
         <name>__TI_static_base__</name>
         <value>0x0</value>
      </symbol>
      <symbol id="sm-af5">
         <name>__mpu_init</name>
         <value>0x0</value>
      </symbol>
      <symbol id="sm-af6">
         <name>_system_post_cinit</name>
         <value>0x0</value>
      </symbol>
   </symbol_table>
   <title>Link successful</title>
</link_info>
