******************************************************************************
                  TI ARM Linker PC v18.12.2                    
******************************************************************************
>> Linked Wed Dec 10 13:45:47 2025

OUTPUT FILE NAME:   <project0.out>
ENTRY POINT SYMBOL: "_c_int00_noargs"  address: 000053d1


MEMORY CONFIGURATION

         name            origin    length      used     unused   attr    fill
----------------------  --------  ---------  --------  --------  ----  --------
  FLASH                 00000000   00100000  0000615c  000f9ea4  R  X
  SRAM                  20000000   00040000  000042c5  0003bd3b  RW X


SEGMENT ALLOCATION MAP

run origin  load origin   length   init length attrs members
----------  ----------- ---------- ----------- ----- -------
00000000    00000000    00006160   00006160    r-x
  00000000    00000000    00000200   00000200    r-- .intvecs
  00000200    00000200    000055ec   000055ec    r-x .text
  000057f0    000057f0    00000918   00000918    r-- .const
  00006108    00006108    00000058   00000058    r-- .cinit
20000000    20000000    000042cc   00000000    rw-
  20000000    20000000    0000026c   00000000    rw- .vtable
  20000270    20000270    00004000   00000000    rw- .stack
  20004270    20004270    0000004d   00000000    rw- .data
  200042c0    200042c0    0000000c   00000000    rw- .bss


SECTION ALLOCATION MAP

 output                                  attributes/
section   page    origin      length       input sections
--------  ----  ----------  ----------   ----------------
.intvecs   0    00000000    00000200     
                  00000000    00000200     startup_ccs.obj (.intvecs)

.text      0    00000200    000055ec     
                  00000200    00000a4e     rtsv7M4_T_le_v4SPD16_eabi.lib : _printfi.c.obj (.text:__TI_printfi)
                  00000c4e    00000002     startup_ccs.obj (.text:FaultISR)
                  00000c50    00000738     rtsv7M4_T_le_v4SPD16_eabi.lib : k_rem_pio2.c.obj (.text:__kernel_rem_pio2)
                  00001388    000005dc                                   : s_cos.c.obj (.text:cos)
                  00001964    000005c4                                   : s_sin.c.obj (.text:sin)
                  00001f28    000003ac     display.obj (.text:bresenham_ticks)
                  000022d4    0000030c     uartstdio.obj (.text:UARTvprintf)
                  000025e0    00000270     rtsv7M4_T_le_v4SPD16_eabi.lib : _printfi.c.obj (.text:_pconv_a)
                  00002850    00000200     driverlib.lib : sysctl.obj (.text:SysCtlClockFreqSet)
                  00002a50    000001ec     display.obj (.text:bresenham_needle)
                  00002c3c    000001d0     rtsv7M4_T_le_v4SPD16_eabi.lib : _printfi.c.obj (.text:_pconv_g)
                  00002e0c    000001cc     interrupt.obj (.text:calc_speed_dir)
                  00002fd8    000001b6     rtsv7M4_T_le_v4SPD16_eabi.lib : fd_add_t2.asm.obj (.text)
                  0000318e    00000002     startup_ccs.obj (.text:IntDefaultHandler)
                  00003190    0000017c     display.obj (.text:draw_odometer)
                  0000330c    00000174     rtsv7M4_T_le_v4SPD16_eabi.lib : k_sin.c.obj (.text:__kernel_sin)
                  00003480    0000016c     driverlib.lib : gpio.obj (.text:GPIOPadConfigSet)
                  000035ec    0000016c     rtsv7M4_T_le_v4SPD16_eabi.lib : k_cos.c.obj (.text:__kernel_cos)
                  00003758    00000160     display.obj (.text:configure_display_controller_large)
                  000038b8    0000013c     rtsv7M4_T_le_v4SPD16_eabi.lib : _printfi.c.obj (.text:_pconv_e)
                  000039f4    00000136                                   : fd_div_t2.asm.obj (.text)
                  00003b2a    00000002     startup_ccs.obj (.text:NmiSR)
                  00003b2c    00000124     rtsv7M4_T_le_v4SPD16_eabi.lib : _printfi.c.obj (.text:fcvt)
                  00003c50    00000110                                   : s_scalbn.c.obj (.text:scalbn)
                  00003d60    00000108     display.obj (.text:rasterArc)
                  00003e68    00000100     interrupt.obj (.text:motor_interrupt_handler)
                  00003f68    000000fc     rtsv7M4_T_le_v4SPD16_eabi.lib : fd_mul_t2.asm.obj (.text)
                  00004064    000000f8                                   : s_floor.c.obj (.text:floor)
                  0000415c    000000b1                                   : _printfi.c.obj (.text:_ltostr)
                  0000420d    00000001     --HOLE-- [fill = 0]
                  0000420e    000000aa     display.obj (.text:bresenham)
                  000042b8    000000a4     project0.obj (.text:main)
                  0000435c    0000009c     rtsv7M4_T_le_v4SPD16_eabi.lib : memcpy_t2.asm.obj (.text)
                  000043f8    00000096                                   : ull_div_t2.asm.obj (.text)
                  0000448e    00000002                                   : div0.asm.obj (.text)
                  00004490    00000090     display.obj (.text:draw_digit_tacho)
                  00004520    00000086     rtsv7M4_T_le_v4SPD16_eabi.lib : fd_cmp_t2.asm.obj (.text:__aeabi_cdcmple)
                  000045a6    00000086                                   : fd_cmp_t2.asm.obj (.text:__aeabi_cdrcmple)
                  0000462c    00000084     display.obj (.text:draw_char_dir)
                  000046b0    00000084     display.obj (.text:draw_char_km)
                  00004734    0000007c     display.obj (.text:fill_rect)
                  000047b0    0000007a     rtsv7M4_T_le_v4SPD16_eabi.lib : memset_t2.asm.obj (.text)
                  0000482a    00000002     --HOLE-- [fill = 0]
                  0000482c    00000074     uartstdio.obj (.text:UARTStdioConfig)
                  000048a0    0000006e     rtsv7M4_T_le_v4SPD16_eabi.lib : _printfi.c.obj (.text:_mcpy)
                  0000490e    0000006e                                   : fd_tos_t2.asm.obj (.text)
                  0000497c    00000068     driverlib.lib : interrupt.obj (.text:IntEnable)
                  000049e4    00000068     rtsv7M4_T_le_v4SPD16_eabi.lib : copy_decompress_lzss.c.obj (.text:decompress:lzss:__TI_decompress_lzss)
                  00004a4c    00000064     uartstdio.obj (.text:UARTwrite)
                  00004ab0    00000064     display.obj (.text:draw_direction)
                  00004b14    00000064     rtsv7M4_T_le_v4SPD16_eabi.lib : s_frexp.c.obj (.text:frexp)
                  00004b78    00000060     driverlib.lib : timer.obj (.text:TimerConfigure)
                  00004bd8    00000060     interrupt.obj (.text:display_timer_interrupt)
                  00004c38    00000060     interrupt.obj (.text:init_motor_ports_interrupts)
                  00004c98    00000060     interrupt.obj (.text:init_timer_interrupt)
                  00004cf8    0000005e     display.obj (.text:window_set)
                  00004d56    00000058     driverlib.lib : gpio.obj (.text:GPIOIntTypeSet)
                  00004dae    00000002     --HOLE-- [fill = 0]
                  00004db0    00000058     project0.obj (.text:init_uart)
                  00004e08    00000057     display.obj (.text:draw_number_tacho)
                  00004e5f    00000001     --HOLE-- [fill = 0]
                  00004e60    00000056     rtsv7M4_T_le_v4SPD16_eabi.lib : _printfi.c.obj (.text:_pconv_f)
                  00004eb6    00000002     --HOLE-- [fill = 0]
                  00004eb8    00000054     project0.obj (.text:init_timer)
                  00004f0c    00000054     rtsv7M4_T_le_v4SPD16_eabi.lib : ltoa.c.obj (.text:ltoa)
                  00004f60    00000052                                   : _printfi.c.obj (.text:_ecpy)
                  00004fb2    00000002     --HOLE-- [fill = 0]
                  00004fb4    0000004c     driverlib.lib : gpio.obj (.text:GPIOPinConfigure)
                  00005000    0000004c                   : timer.obj (.text:_TimerIntNumberGet)
                  0000504c    0000004c     rtsv7M4_T_le_v4SPD16_eabi.lib : atoi.c.obj (.text:atoi)
                  00005098    0000004c                                   : snprintf.c.obj (.text:snprintf)
                  000050e4    00000048     driverlib.lib : sysctl.obj (.text:_SysCtlFrequencyGet)
                  0000512c    00000048     rtsv7M4_T_le_v4SPD16_eabi.lib : fd_toi_t2.asm.obj (.text)
                  00005174    00000044     driverlib.lib : gpio.obj (.text:_GPIOIntNumberGet)
                  000051b8    00000044     rtsv7M4_T_le_v4SPD16_eabi.lib : autoinit.c.obj (.text:__TI_auto_init_nobinit_nopinit:__TI_auto_init_nobinit_nopinit)
                  000051fc    00000044     display.obj (.text:init_ports_display)
                  00005240    00000040     rtsv7M4_T_le_v4SPD16_eabi.lib : u_divt2.asm.obj (.text)
                  00005280    0000003e                                   : _printfi.c.obj (.text:_fcpy)
                  000052be    0000003a     display.obj (.text:draw_pixel_single)
                  000052f8    00000038     driverlib.lib : sysctl.obj (.text:SysCtlPeripheralReady)
                  00005330    00000038     rtsv7M4_T_le_v4SPD16_eabi.lib : fs_tod_t2.asm.obj (.text)
                  00005368    00000034     driverlib.lib : interrupt.obj (.text:IntRegister)
                  0000539c    00000034                   : sysctl.obj (.text:SysCtlPeripheralEnable)
                  000053d0    00000034     rtsv7M4_T_le_v4SPD16_eabi.lib : boot_cortex_m.c.obj (.text:_c_int00_noargs:_c_int00_noargs)
                  00005404    00000030                                   : snprintf.c.obj (.text:_outs)
                  00005434    00000030     interrupt.obj (.text:timer_interrupt_handler)
                  00005464    0000002e     rtsv7M4_T_le_v4SPD16_eabi.lib : i_tofd_t2.asm.obj (.text)
                  00005492    0000002c     driverlib.lib : gpio.obj (.text:GPIODirModeSet)
                  000054be    00000002     --HOLE-- [fill = 0]
                  000054c0    00000028     display.obj (.text:write_command)
                  000054e8    00000028     display.obj (.text:write_data)
                  00005510    00000024     driverlib.lib : interrupt.obj (.text:IntPrioritySet)
                  00005534    00000024     uartstdio.obj (.text:UARTprintf)
                  00005558    00000020     driverlib.lib : sysctl.obj (.text:_SysCtlMemTimingGet)
                  00005578    00000020     rtsv7M4_T_le_v4SPD16_eabi.lib : u_tofd_t2.asm.obj (.text)
                  00005598    0000001c                                   : copy_zero_init.c.obj (.text:decompress:ZI:__TI_zero_init_nomemset:__TI_zero_init_nomemset)
                  000055b4    0000001c     interrupt.obj (.text:display_interrupt_handler)
                  000055d0    0000001c     project0.obj (.text:init_clock)
                  000055ec    0000001c     rtsv7M4_T_le_v4SPD16_eabi.lib : memccpy.c.obj (.text:memccpy)
                  00005608    0000001a     driverlib.lib : gpio.obj (.text:GPIOPinTypeGPIOOutput)
                  00005622    0000001a     rtsv7M4_T_le_v4SPD16_eabi.lib : s_copysign.c.obj (.text:copysign)
                  0000563c    00000018     driverlib.lib : gpio.obj (.text:GPIOIntRegister)
                  00005654    00000018                   : timer.obj (.text:TimerDisable)
                  0000566c    00000018                   : timer.obj (.text:TimerIntRegister)
                  00005684    00000018     rtsv7M4_T_le_v4SPD16_eabi.lib : snprintf.c.obj (.text:_outc)
                  0000569c    00000018     display.obj (.text:reset_background)
                  000056b4    00000016     driverlib.lib : gpio.obj (.text:GPIOPinTypeGPIOInput)
                  000056ca    00000016                   : gpio.obj (.text:GPIOPinTypeUART)
                  000056e0    00000016     rtsv7M4_T_le_v4SPD16_eabi.lib : strchr.c.obj (.text:strchr)
                  000056f6    00000014     display.obj (.text:draw_arc)
                  0000570a    00000014     display.obj (.text:draw_bresenham)
                  0000571e    00000014     rtsv7M4_T_le_v4SPD16_eabi.lib : strlen.c.obj (.text:strlen)
                  00005732    00000012     driverlib.lib : timer.obj (.text:TimerLoadSet)
                  00005744    00000012     rtsv7M4_T_le_v4SPD16_eabi.lib : wcslen.c.obj (.text:wcslen)
                  00005756    00000010     driverlib.lib : interrupt.obj (.text:IntMasterEnable)
                  00005766    00000010     display.obj (.text:draw_bresenham_ticks)
                  00005776    0000000e     driverlib.lib : gpio.obj (.text:GPIOIntStatus)
                  00005784    0000000e                   : timer.obj (.text:TimerEnable)
                  00005792    0000000e     rtsv7M4_T_le_v4SPD16_eabi.lib : copy_decompress_none.c.obj (.text:decompress:none:__TI_decompress_none)
                  000057a0    0000000c     driverlib.lib : cpu.obj (.text:CPUcpsie)
                  000057ac    0000000c                   : gpio.obj (.text:GPIOIntEnable)
                  000057b8    00000008                   : timer.obj (.text:TimerIntEnable)
                  000057c0    00000008     rtsv7M4_T_le_v4SPD16_eabi.lib : errno.c.obj (.text:__aeabi_errno_addr)
                  000057c8    00000006     driverlib.lib : gpio.obj (.text:GPIOIntClear)
                  000057ce    00000006                   : gpio.obj (.text:GPIOPinRead)
                  000057d4    00000006     startup_ccs.obj (.text:ResetISR)
                  000057da    00000006     driverlib.lib : sysctl.obj (.text:SysCtlDelay)
                  000057e0    00000004                   : timer.obj (.text:TimerIntClear)
                  000057e4    00000004     rtsv7M4_T_le_v4SPD16_eabi.lib : pre_init.c.obj (.text:_system_pre_init)
                  000057e8    00000004                                   : exit.c.obj (.text:abort:abort)

.const     0    000057f0    00000918     
                  000057f0    000001b0     driverlib.lib : sysctl.obj (.const:g_pppui32XTALtoVCO)
                  000059a0    00000158     rtsv7M4_T_le_v4SPD16_eabi.lib : k_rem_pio2.c.obj (.const:$O1$$)
                  00005af8    00000101                                   : ctype.c.obj (.const:.string:_ctypes_)
                  00005bf9    00000003     --HOLE-- [fill = 0]
                  00005bfc    000000d8     driverlib.lib : gpio.obj (.const:g_ppui32GPIOIntMapSnowflake)
                  00005cd4    000000c0                   : gpio.obj (.const:g_ppui32GPIOIntMapBlizzard)
                  00005d94    0000009c                   : interrupt.obj (.const:g_pui32Regs)
                  00005e30    00000090                   : gpio.obj (.const:g_pui32GPIOBaseAddrs)
                  00005ec0    00000078     display.obj (.const:digit_tacho)
                  00005f38    0000006c     driverlib.lib : sysctl.obj (.const:g_pui32Xtals)
                  00005fa4    00000060                   : timer.obj (.const:g_ppui32TimerIntMap)
                  00006004    00000040                   : timer.obj (.const:g_ppui32TimerIntMapSnowflake)
                  00006044    00000030     display.obj (.const:char_kmh)
                  00006074    00000030     driverlib.lib : sysctl.obj (.const:g_sXTALtoMEMTIM)
                  000060a4    00000018     display.obj (.const:char_dir)
                  000060bc    00000014     driverlib.lib : interrupt.obj (.const:g_pui32EnRegs)
                  000060d0    00000012     uartstdio.obj (.const:.string)
                  000060e2    00000002     --HOLE-- [fill = 0]
                  000060e4    0000000c     uartstdio.obj (.const:g_ui32UARTBase)
                  000060f0    0000000c     uartstdio.obj (.const:g_ui32UARTPeriph)
                  000060fc    00000008     driverlib.lib : sysctl.obj (.const:g_pui32VCOFrequencies)
                  00006104    00000004     uartstdio.obj (.const)

.cinit     0    00006108    00000058     
                  00006108    0000001d     (.cinit..data.load) [load image, compression = lzss]
                  00006125    00000003     --HOLE-- [fill = 0]
                  00006128    0000000c     (__TI_handler_table)
                  00006134    00000004     --HOLE-- [fill = 0]
                  00006138    00000008     (.cinit..bss.load) [load image, compression = zero_init]
                  00006140    00000008     (.cinit..vtable.load) [load image, compression = zero_init]
                  00006148    00000018     (__TI_cinit_table)

.init_array 
*          0    00000000    00000000     UNINITIALIZED

.vtable    0    20000000    0000026c     UNINITIALIZED
                  20000000    0000026c     driverlib.lib : interrupt.obj (.vtable)

.data      0    20004270    0000004d     UNINITIALIZED
                  20004270    00000021     interrupt.obj (.data)
                  20004291    00000001     project0.obj (.data)
                  20004292    00000002     --HOLE--
                  20004294    00000004     rtsv7M4_T_le_v4SPD16_eabi.lib : errno.c.obj (.data)
                  20004298    00000020     display.obj (.data)
                  200042b8    00000005     uartstdio.obj (.data)

.bss       0    200042c0    0000000c     UNINITIALIZED
                  200042c0    00000004     (.common:display_timer_period)
                  200042c4    00000004     (.common:sysclk)
                  200042c8    00000004     (.common:window_timer_period)

.stack     0    20000270    00004000     UNINITIALIZED
                  20000270    00000004     rtsv7M4_T_le_v4SPD16_eabi.lib : boot_cortex_m.c.obj (.stack)
                  20000274    00003ffc     --HOLE--

.binit     0    00000000    00000000     

MODULE SUMMARY

       Module                       code    ro data   rw data
       ------                       ----    -------   -------
    .\
       display.obj                  3697    192       32     
       interrupt.obj                1080    0         33     
       uartstdio.obj                1032    46        5      
       startup_ccs.obj              12      512       0      
       project0.obj                 364     0         13     
    +--+----------------------------+-------+---------+---------+
       Total:                       6185    750       83     
                                                             
    C:/ti/TivaWare_C_Series-2.2.0.295/driverlib/ccs/Debug/driverlib.lib
       sysctl.obj                   730     596       0      
       gpio.obj                     772     552       0      
       interrupt.obj                208     176       620    
       timer.obj                    264     160       0      
       cpu.obj                      12      0         0      
    +--+----------------------------+-------+---------+---------+
       Total:                       1986    1484      620    
                                                             
    C:\ti\ti-cgt-arm_18.12.2.LTS\lib\rtsv7M4_T_le_v4SPD16_eabi.lib
       _printfi.c.obj               4851    0         0      
       k_rem_pio2.c.obj             1848    344       0      
       s_cos.c.obj                  1500    0         0      
       s_sin.c.obj                  1476    0         0      
       fd_add_t2.asm.obj            438     0         0      
       k_sin.c.obj                  372     0         0      
       k_cos.c.obj                  364     0         0      
       fd_div_t2.asm.obj            310     0         0      
       s_scalbn.c.obj               272     0         0      
       fd_cmp_t2.asm.obj            268     0         0      
       ctype.c.obj                  0       257       0      
       fd_mul_t2.asm.obj            252     0         0      
       s_floor.c.obj                248     0         0      
       memcpy_t2.asm.obj            156     0         0      
       ull_div_t2.asm.obj           150     0         0      
       snprintf.c.obj               148     0         0      
       memset_t2.asm.obj            122     0         0      
       fd_tos_t2.asm.obj            110     0         0      
       copy_decompress_lzss.c.obj   104     0         0      
       s_frexp.c.obj                100     0         0      
       ltoa.c.obj                   84      0         0      
       atoi.c.obj                   76      0         0      
       fd_toi_t2.asm.obj            72      0         0      
       autoinit.c.obj               68      0         0      
       u_divt2.asm.obj              64      0         0      
       fs_tod_t2.asm.obj            56      0         0      
       boot_cortex_m.c.obj          52      0         0      
       i_tofd_t2.asm.obj            46      0         0      
       u_tofd_t2.asm.obj            32      0         0      
       copy_zero_init.c.obj         28      0         0      
       memccpy.c.obj                28      0         0      
       s_copysign.c.obj             26      0         0      
       strchr.c.obj                 22      0         0      
       strlen.c.obj                 20      0         0      
       wcslen.c.obj                 18      0         0      
       copy_decompress_none.c.obj   14      0         0      
       errno.c.obj                  8       0         4      
       exit.c.obj                   4       0         0      
       pre_init.c.obj               4       0         0      
       div0.asm.obj                 2       0         0      
    +--+----------------------------+-------+---------+---------+
       Total:                       13813   601       4      
                                                             
       Stack:                       0       0         16384  
       Linker Generated:            0       81        0      
    +--+----------------------------+-------+---------+---------+
       Grand Total:                 21984   2916      17091  


LINKER GENERATED COPY TABLES

__TI_cinit_table @ 00006148 records: 3, size/record: 8, table size: 24
	.data: load addr=00006108, load size=0000001d bytes, run addr=20004270, run size=0000004d bytes, compression=lzss
	.bss: load addr=00006138, load size=00000008 bytes, run addr=200042c0, run size=0000000c bytes, compression=zero_init
	.vtable: load addr=00006140, load size=00000008 bytes, run addr=20000000, run size=0000026c bytes, compression=zero_init


LINKER GENERATED HANDLER TABLE

__TI_handler_table @ 00006128 records: 3, size/record: 4, table size: 12
	index: 0, handler: __TI_zero_init
	index: 1, handler: __TI_decompress_lzss
	index: 2, handler: __TI_decompress_none


GLOBAL SYMBOLS: SORTED ALPHABETICALLY BY Name 

address   name                              
-------   ----                              
000057e9  C$$EXIT                           
000057a1  CPUcpsie                          
00005493  GPIODirModeSet                    
000057c9  GPIOIntClear                      
000057ad  GPIOIntEnable                     
0000563d  GPIOIntRegister                   
00005777  GPIOIntStatus                     
00004d57  GPIOIntTypeSet                    
00003481  GPIOPadConfigSet                  
00004fb5  GPIOPinConfigure                  
000057cf  GPIOPinRead                       
000056b5  GPIOPinTypeGPIOInput              
00005609  GPIOPinTypeGPIOOutput             
000056cb  GPIOPinTypeUART                   
0000497d  IntEnable                         
00005757  IntMasterEnable                   
00005511  IntPrioritySet                    
00005369  IntRegister                       
000057d5  ResetISR                          
00002851  SysCtlClockFreqSet                
000057db  SysCtlDelay                       
0000539d  SysCtlPeripheralEnable            
000052f9  SysCtlPeripheralReady             
00004b79  TimerConfigure                    
00005655  TimerDisable                      
00005785  TimerEnable                       
000057e1  TimerIntClear                     
000057b9  TimerIntEnable                    
0000566d  TimerIntRegister                  
00005733  TimerLoadSet                      
0000482d  UARTStdioConfig                   
00005535  UARTprintf                        
000022d5  UARTvprintf                       
00004a4d  UARTwrite                         
20004270  __STACK_END                       
00004000  __STACK_SIZE                      
20000370  __STACK_TOP                       
00006148  __TI_CINIT_Base                   
00006160  __TI_CINIT_Limit                  
00006128  __TI_Handler_Table_Base           
00006134  __TI_Handler_Table_Limit          
000051b9  __TI_auto_init_nobinit_nopinit    
000049e5  __TI_decompress_lzss              
00005793  __TI_decompress_none              
ffffffff  __TI_pprof_out_hndl               
00000201  __TI_printfi                      
ffffffff  __TI_prof_data_size               
ffffffff  __TI_prof_data_start              
00000000  __TI_static_base__                
00005599  __TI_zero_init_nomemset           
00004521  __aeabi_cdcmpeq                   
00004521  __aeabi_cdcmple                   
000045a7  __aeabi_cdrcmple                  
0000490f  __aeabi_d2f                       
0000512d  __aeabi_d2iz                      
00002fe3  __aeabi_dadd                      
000039f5  __aeabi_ddiv                      
00003f69  __aeabi_dmul                      
00002fd9  __aeabi_dsub                      
000057c1  __aeabi_errno_addr                
00005331  __aeabi_f2d                       
00005465  __aeabi_i2d                       
0000448f  __aeabi_idiv0                     
0000448f  __aeabi_ldiv0                     
000047b1  __aeabi_memclr                    
000047b1  __aeabi_memclr4                   
000047b1  __aeabi_memclr8                   
0000435d  __aeabi_memcpy                    
0000435d  __aeabi_memcpy4                   
0000435d  __aeabi_memcpy8                   
000047b3  __aeabi_memset                    
000047b3  __aeabi_memset4                   
000047b3  __aeabi_memset8                   
00005579  __aeabi_ui2d                      
00005241  __aeabi_uidiv                     
00005241  __aeabi_uidivmod                  
000043f9  __aeabi_uldivmod                  
ffffffff  __binit__                         
ffffffff  __c_args__                        
000035ed  __kernel_cos                      
00000c51  __kernel_rem_pio2                 
0000330d  __kernel_sin                      
UNDEFED   __mpu_init                        
20000270  __stack                           
000053d1  _c_int00_noargs                   
00005af8  _ctypes_                          
UNDEFED   _system_post_cinit                
000057e5  _system_pre_init                  
000057e9  abort                             
0000504d  atoi                              
ffffffff  binit                             
0000420f  bresenham                         
00002a51  bresenham_needle                  
00001f29  bresenham_ticks                   
20004288  calc_flag                         
00002e0d  calc_speed_dir                    
00003759  configure_display_controller_large
00005623  copysign                          
00005623  copysignl                         
00001389  cos                               
00001389  cosl                              
20004280  count                             
20004278  directionForwards                 
000055b5  display_interrupt_handler         
00004bd9  display_timer_interrupt           
200042c0  display_timer_period              
2000428c  distance_total                    
000056f7  draw_arc                          
0000570b  draw_bresenham                    
00005767  draw_bresenham_ticks              
0000462d  draw_char_dir                     
000046b1  draw_char_km                      
00004491  draw_digit_tacho                  
00004ab1  draw_direction                    
00004e09  draw_number_tacho                 
00003191  draw_odometer                     
000052bf  draw_pixel_single                 
20004270  edgeCountWindowS1                 
20004294  errno                             
00004735  fill_rect                         
00004065  floor                             
00004065  floorl                            
00004b15  frexp                             
00004b15  frexpl                            
20000000  g_pfnRAMVectors                   
00000000  g_pfnVectors                      
000055d1  init_clock                        
00004c39  init_motor_ports_interrupts       
000051fd  init_ports_display                
00004eb9  init_timer                        
00004c99  init_timer_interrupt              
00004db1  init_uart                         
00003c51  ldexp                             
00003c51  ldexpl                            
00004f0d  ltoa                              
000042b9  main                              
20004290  max_dist_reached                  
000055ed  memccpy                           
0000435d  memcpy                            
000047b9  memset                            
00003e69  motor_interrupt_handler           
20004279  prevS1                            
2000427a  prevS2                            
2000429c  prev_x1                           
200042a0  prev_y1                           
00003d61  rasterArc                         
0000569d  reset_background                  
20004274  rpm                               
00003c51  scalbn                            
00003c51  scalbnl                           
00001965  sin                               
00001965  sinl                              
00005099  snprintf                          
20004284  speed                             
000056e1  strchr                            
0000571f  strlen                            
200042c4  sysclk                            
2000427b  thisS1                            
2000427c  thisS2                            
00005435  timer_interrupt_handler           
20004291  update_display                    
00005745  wcslen                            
00004cf9  window_set                        
200042c8  window_timer_period               
000054c1  write_command                     
000054e9  write_data                        


GLOBAL SYMBOLS: SORTED BY Symbol Address 

address   name                              
-------   ----                              
00000000  __TI_static_base__                
00000000  g_pfnVectors                      
00000201  __TI_printfi                      
00000c51  __kernel_rem_pio2                 
00001389  cos                               
00001389  cosl                              
00001965  sin                               
00001965  sinl                              
00001f29  bresenham_ticks                   
000022d5  UARTvprintf                       
00002851  SysCtlClockFreqSet                
00002a51  bresenham_needle                  
00002e0d  calc_speed_dir                    
00002fd9  __aeabi_dsub                      
00002fe3  __aeabi_dadd                      
00003191  draw_odometer                     
0000330d  __kernel_sin                      
00003481  GPIOPadConfigSet                  
000035ed  __kernel_cos                      
00003759  configure_display_controller_large
000039f5  __aeabi_ddiv                      
00003c51  ldexp                             
00003c51  ldexpl                            
00003c51  scalbn                            
00003c51  scalbnl                           
00003d61  rasterArc                         
00003e69  motor_interrupt_handler           
00003f69  __aeabi_dmul                      
00004000  __STACK_SIZE                      
00004065  floor                             
00004065  floorl                            
0000420f  bresenham                         
000042b9  main                              
0000435d  __aeabi_memcpy                    
0000435d  __aeabi_memcpy4                   
0000435d  __aeabi_memcpy8                   
0000435d  memcpy                            
000043f9  __aeabi_uldivmod                  
0000448f  __aeabi_idiv0                     
0000448f  __aeabi_ldiv0                     
00004491  draw_digit_tacho                  
00004521  __aeabi_cdcmpeq                   
00004521  __aeabi_cdcmple                   
000045a7  __aeabi_cdrcmple                  
0000462d  draw_char_dir                     
000046b1  draw_char_km                      
00004735  fill_rect                         
000047b1  __aeabi_memclr                    
000047b1  __aeabi_memclr4                   
000047b1  __aeabi_memclr8                   
000047b3  __aeabi_memset                    
000047b3  __aeabi_memset4                   
000047b3  __aeabi_memset8                   
000047b9  memset                            
0000482d  UARTStdioConfig                   
0000490f  __aeabi_d2f                       
0000497d  IntEnable                         
000049e5  __TI_decompress_lzss              
00004a4d  UARTwrite                         
00004ab1  draw_direction                    
00004b15  frexp                             
00004b15  frexpl                            
00004b79  TimerConfigure                    
00004bd9  display_timer_interrupt           
00004c39  init_motor_ports_interrupts       
00004c99  init_timer_interrupt              
00004cf9  window_set                        
00004d57  GPIOIntTypeSet                    
00004db1  init_uart                         
00004e09  draw_number_tacho                 
00004eb9  init_timer                        
00004f0d  ltoa                              
00004fb5  GPIOPinConfigure                  
0000504d  atoi                              
00005099  snprintf                          
0000512d  __aeabi_d2iz                      
000051b9  __TI_auto_init_nobinit_nopinit    
000051fd  init_ports_display                
00005241  __aeabi_uidiv                     
00005241  __aeabi_uidivmod                  
000052bf  draw_pixel_single                 
000052f9  SysCtlPeripheralReady             
00005331  __aeabi_f2d                       
00005369  IntRegister                       
0000539d  SysCtlPeripheralEnable            
000053d1  _c_int00_noargs                   
00005435  timer_interrupt_handler           
00005465  __aeabi_i2d                       
00005493  GPIODirModeSet                    
000054c1  write_command                     
000054e9  write_data                        
00005511  IntPrioritySet                    
00005535  UARTprintf                        
00005579  __aeabi_ui2d                      
00005599  __TI_zero_init_nomemset           
000055b5  display_interrupt_handler         
000055d1  init_clock                        
000055ed  memccpy                           
00005609  GPIOPinTypeGPIOOutput             
00005623  copysign                          
00005623  copysignl                         
0000563d  GPIOIntRegister                   
00005655  TimerDisable                      
0000566d  TimerIntRegister                  
0000569d  reset_background                  
000056b5  GPIOPinTypeGPIOInput              
000056cb  GPIOPinTypeUART                   
000056e1  strchr                            
000056f7  draw_arc                          
0000570b  draw_bresenham                    
0000571f  strlen                            
00005733  TimerLoadSet                      
00005745  wcslen                            
00005757  IntMasterEnable                   
00005767  draw_bresenham_ticks              
00005777  GPIOIntStatus                     
00005785  TimerEnable                       
00005793  __TI_decompress_none              
000057a1  CPUcpsie                          
000057ad  GPIOIntEnable                     
000057b9  TimerIntEnable                    
000057c1  __aeabi_errno_addr                
000057c9  GPIOIntClear                      
000057cf  GPIOPinRead                       
000057d5  ResetISR                          
000057db  SysCtlDelay                       
000057e1  TimerIntClear                     
000057e5  _system_pre_init                  
000057e9  C$$EXIT                           
000057e9  abort                             
00005af8  _ctypes_                          
00006128  __TI_Handler_Table_Base           
00006134  __TI_Handler_Table_Limit          
00006148  __TI_CINIT_Base                   
00006160  __TI_CINIT_Limit                  
20000000  g_pfnRAMVectors                   
20000270  __stack                           
20000370  __STACK_TOP                       
20004270  __STACK_END                       
20004270  edgeCountWindowS1                 
20004274  rpm                               
20004278  directionForwards                 
20004279  prevS1                            
2000427a  prevS2                            
2000427b  thisS1                            
2000427c  thisS2                            
20004280  count                             
20004284  speed                             
20004288  calc_flag                         
2000428c  distance_total                    
20004290  max_dist_reached                  
20004291  update_display                    
20004294  errno                             
2000429c  prev_x1                           
200042a0  prev_y1                           
200042c0  display_timer_period              
200042c4  sysclk                            
200042c8  window_timer_period               
ffffffff  __TI_pprof_out_hndl               
ffffffff  __TI_prof_data_size               
ffffffff  __TI_prof_data_start              
ffffffff  __binit__                         
ffffffff  __c_args__                        
ffffffff  binit                             
UNDEFED   __mpu_init                        
UNDEFED   _system_post_cinit                

[166 symbols]
